Archive member included because of file (symbol)

d:/program files (x86)/atmel/atmel toolchain/avr8 gcc/native/3.4.2.1002/avr8-gnu-toolchain/bin/../lib/gcc/avr/4.7.2/../../../../avr/lib/avr5\libm.a(addsf3.o)
                              ADXL345.o (__subsf3)
d:/program files (x86)/atmel/atmel toolchain/avr8 gcc/native/3.4.2.1002/avr8-gnu-toolchain/bin/../lib/gcc/avr/4.7.2/../../../../avr/lib/avr5\libm.a(addsf3x.o)
                              d:/program files (x86)/atmel/atmel toolchain/avr8 gcc/native/3.4.2.1002/avr8-gnu-toolchain/bin/../lib/gcc/avr/4.7.2/../../../../avr/lib/avr5\libm.a(addsf3.o) (__addsf3x)
d:/program files (x86)/atmel/atmel toolchain/avr8 gcc/native/3.4.2.1002/avr8-gnu-toolchain/bin/../lib/gcc/avr/4.7.2/../../../../avr/lib/avr5\libm.a(atan2.o)
                              HMC5883L.o (atan2)
d:/program files (x86)/atmel/atmel toolchain/avr8 gcc/native/3.4.2.1002/avr8-gnu-toolchain/bin/../lib/gcc/avr/4.7.2/../../../../avr/lib/avr5\libm.a(atan.o)
                              HMC5883L.o (atan)
d:/program files (x86)/atmel/atmel toolchain/avr8 gcc/native/3.4.2.1002/avr8-gnu-toolchain/bin/../lib/gcc/avr/4.7.2/../../../../avr/lib/avr5\libm.a(cmpsf2.o)
                              HMC5883L.o (__ltsf2)
d:/program files (x86)/atmel/atmel toolchain/avr8 gcc/native/3.4.2.1002/avr8-gnu-toolchain/bin/../lib/gcc/avr/4.7.2/../../../../avr/lib/avr5\libm.a(cos.o)
                              HMC5883L.o (cos)
d:/program files (x86)/atmel/atmel toolchain/avr8 gcc/native/3.4.2.1002/avr8-gnu-toolchain/bin/../lib/gcc/avr/4.7.2/../../../../avr/lib/avr5\libm.a(divsf3.o)
                              ADXL345.o (__divsf3)
d:/program files (x86)/atmel/atmel toolchain/avr8 gcc/native/3.4.2.1002/avr8-gnu-toolchain/bin/../lib/gcc/avr/4.7.2/../../../../avr/lib/avr5\libm.a(divsf3x.o)
                              d:/program files (x86)/atmel/atmel toolchain/avr8 gcc/native/3.4.2.1002/avr8-gnu-toolchain/bin/../lib/gcc/avr/4.7.2/../../../../avr/lib/avr5\libm.a(divsf3.o) (__divsf3x)
d:/program files (x86)/atmel/atmel toolchain/avr8 gcc/native/3.4.2.1002/avr8-gnu-toolchain/bin/../lib/gcc/avr/4.7.2/../../../../avr/lib/avr5\libm.a(fixunssfsi.o)
                              Motors.o (__fixunssfsi)
d:/program files (x86)/atmel/atmel toolchain/avr8 gcc/native/3.4.2.1002/avr8-gnu-toolchain/bin/../lib/gcc/avr/4.7.2/../../../../avr/lib/avr5\libm.a(floatsisf.o)
                              ADC.o (__floatunsisf)
d:/program files (x86)/atmel/atmel toolchain/avr8 gcc/native/3.4.2.1002/avr8-gnu-toolchain/bin/../lib/gcc/avr/4.7.2/../../../../avr/lib/avr5\libm.a(fp_cmp.o)
                              d:/program files (x86)/atmel/atmel toolchain/avr8 gcc/native/3.4.2.1002/avr8-gnu-toolchain/bin/../lib/gcc/avr/4.7.2/../../../../avr/lib/avr5\libm.a(cmpsf2.o) (__fp_cmp)
d:/program files (x86)/atmel/atmel toolchain/avr8 gcc/native/3.4.2.1002/avr8-gnu-toolchain/bin/../lib/gcc/avr/4.7.2/../../../../avr/lib/avr5\libm.a(fp_inf.o)
                              d:/program files (x86)/atmel/atmel toolchain/avr8 gcc/native/3.4.2.1002/avr8-gnu-toolchain/bin/../lib/gcc/avr/4.7.2/../../../../avr/lib/avr5\libm.a(addsf3x.o) (__fp_inf)
d:/program files (x86)/atmel/atmel toolchain/avr8 gcc/native/3.4.2.1002/avr8-gnu-toolchain/bin/../lib/gcc/avr/4.7.2/../../../../avr/lib/avr5\libm.a(fp_nan.o)
                              d:/program files (x86)/atmel/atmel toolchain/avr8 gcc/native/3.4.2.1002/avr8-gnu-toolchain/bin/../lib/gcc/avr/4.7.2/../../../../avr/lib/avr5\libm.a(addsf3x.o) (__fp_nan)
d:/program files (x86)/atmel/atmel toolchain/avr8 gcc/native/3.4.2.1002/avr8-gnu-toolchain/bin/../lib/gcc/avr/4.7.2/../../../../avr/lib/avr5\libm.a(fp_powser.o)
                              d:/program files (x86)/atmel/atmel toolchain/avr8 gcc/native/3.4.2.1002/avr8-gnu-toolchain/bin/../lib/gcc/avr/4.7.2/../../../../avr/lib/avr5\libm.a(atan.o) (__fp_powser)
d:/program files (x86)/atmel/atmel toolchain/avr8 gcc/native/3.4.2.1002/avr8-gnu-toolchain/bin/../lib/gcc/avr/4.7.2/../../../../avr/lib/avr5\libm.a(fp_pscA.o)
                              d:/program files (x86)/atmel/atmel toolchain/avr8 gcc/native/3.4.2.1002/avr8-gnu-toolchain/bin/../lib/gcc/avr/4.7.2/../../../../avr/lib/avr5\libm.a(addsf3x.o) (__fp_pscA)
d:/program files (x86)/atmel/atmel toolchain/avr8 gcc/native/3.4.2.1002/avr8-gnu-toolchain/bin/../lib/gcc/avr/4.7.2/../../../../avr/lib/avr5\libm.a(fp_pscB.o)
                              d:/program files (x86)/atmel/atmel toolchain/avr8 gcc/native/3.4.2.1002/avr8-gnu-toolchain/bin/../lib/gcc/avr/4.7.2/../../../../avr/lib/avr5\libm.a(addsf3x.o) (__fp_pscB)
d:/program files (x86)/atmel/atmel toolchain/avr8 gcc/native/3.4.2.1002/avr8-gnu-toolchain/bin/../lib/gcc/avr/4.7.2/../../../../avr/lib/avr5\libm.a(fp_rempio2.o)
                              d:/program files (x86)/atmel/atmel toolchain/avr8 gcc/native/3.4.2.1002/avr8-gnu-toolchain/bin/../lib/gcc/avr/4.7.2/../../../../avr/lib/avr5\libm.a(cos.o) (__fp_rempio2)
[...]
Memory Configuration

Name             Origin             Length             Attributes
text             0x00000000         0x00020000         xr
data             0x00800060         0x0000ffa0         rw !x
eeprom           0x00810000         0x00010000         rw !x
fuse             0x00820000         0x00000400         rw !x
lock             0x00830000         0x00000400         rw !x
signature        0x00840000         0x00000400         rw !x
user_signatures  0x00850000         0x00000400         rw !x
*default*        0x00000000         0xffffffff

Linker script and memory map

LOAD d:/program files (x86)/atmel/atmel toolchain/avr8 gcc/native/3.4.2.1002/avr8-gnu-toolchain/bin/../lib/gcc/avr/4.7.2/../../../../avr/lib/avr5/crtm32a.o
LOAD ADC.o
LOAD ADXL345.o
LOAD BMP085.o
LOAD Filters.o
LOAD GlobalConstants.o
LOAD HCSR04.o
LOAD HMC5883L.o
LOAD i2c.o
LOAD L3G4200D.o
LOAD MeasureStack.o
LOAD modbus/mb.o
LOAD modbus/mbascii.o
LOAD modbus/mbcrc.o
LOAD modbus/mbfunccoils.o
LOAD modbus/mbfuncdiag.o
LOAD modbus/mbfuncdisc.o
LOAD modbus/mbfuncholding.o
LOAD modbus/mbfuncinput.o
LOAD modbus/mbfuncother.o
LOAD modbus/mbrtu.o
LOAD modbus/mbtcp.o
LOAD modbus/mbutils.o
LOAD modbus/portevent.o
LOAD modbus/portserial.o
LOAD modbus/porttimer.o
LOAD Motors.o
LOAD Output.o
LOAD Params.o
LOAD main.o
LOAD PIDs.o
LOAD Radio.o
LOAD SensorsPoll.o
LOAD Timer0.o
START GROUP
LOAD d:/program files (x86)/atmel/atmel toolchain/avr8 gcc/native/3.4.2.1002/avr8-gnu-toolchain/bin/../lib/gcc/avr/4.7.2/../../../../avr/lib/avr5\libm.a
END GROUP
LOAD d:/program files (x86)/atmel/atmel toolchain/avr8 gcc/native/3.4.2.1002/avr8-gnu-toolchain/bin/../lib/gcc/avr/4.7.2/avr5\libgcc.a
LOAD d:/program files (x86)/atmel/atmel toolchain/avr8 gcc/native/3.4.2.1002/avr8-gnu-toolchain/bin/../lib/gcc/avr/4.7.2/../../../../avr/lib/avr5\libc.a
LOAD d:/program files (x86)/atmel/atmel toolchain/avr8 gcc/native/3.4.2.1002/avr8-gnu-toolchain/bin/../lib/gcc/avr/4.7.2/avr5\libgcc.a

.hash
 *(.hash)

.dynsym
 *(.dynsym)

.dynstr
 *(.dynstr)

.gnu.version
 *(.gnu.version)

.gnu.version_d
 *(.gnu.version_d)

.gnu.version_r
 *(.gnu.version_r)

.rel.init
 *(.rel.init)

.rela.init
 *(.rela.init)

.rel.text
 *(.rel.text)
 *(.rel.text.*)
 *(.rel.gnu.linkonce.t*)

.rela.text
 *(.rela.text)
 *(.rela.text.*)
 *(.rela.gnu.linkonce.t*)

.rel.fini
 *(.rel.fini)

.rela.fini
 *(.rela.fini)

.rel.rodata
 *(.rel.rodata)
 *(.rel.rodata.*)
 *(.rel.gnu.linkonce.r*)

.rela.rodata
 *(.rela.rodata)
 *(.rela.rodata.*)
 *(.rela.gnu.linkonce.r*)

.rel.data
 *(.rel.data)
 *(.rel.data.*)
 *(.rel.gnu.linkonce.d*)

.rela.data
 *(.rela.data)
 *(.rela.data.*)
 *(.rela.gnu.linkonce.d*)

.rel.ctors
 *(.rel.ctors)

.rela.ctors
 *(.rela.ctors)

.rel.dtors
 *(.rel.dtors)

.rela.dtors
 *(.rela.dtors)

.rel.got
 *(.rel.got)

.rela.got
 *(.rela.got)

.rel.bss
 *(.rel.bss)

.rela.bss
 *(.rela.bss)

.rel.plt
 *(.rel.plt)

.rela.plt
 *(.rela.plt)

.text           0x00000000     0x5820
 *(.vectors)
 .vectors       0x00000000       0x54 d:/program files (x86)/atmel/atmel toolchain/avr8 gcc/native/3.4.2.1002/avr8-gnu-toolchain/bin/../lib/gcc/avr/4.7.2/../../../../avr/lib/avr5/crtm32a.o
                0x00000000                __vector_default
                0x00000000                __vectors
 *(.vectors)
 *(.progmem.gcc*)
 .progmem.gcc_fplib
                0x00000054       0x2d d:/program files (x86)/atmel/atmel toolchain/avr8 gcc/native/3.4.2.1002/avr8-gnu-toolchain/bin/../lib/gcc/avr/4.7.2/../../../../avr/lib/avr5\libm.a(atan.o)
 .progmem.gcc_fplib
                0x00000081       0x1e d:/program files (x86)/atmel/atmel toolchain/avr8 gcc/native/3.4.2.1002/avr8-gnu-toolchain/bin/../lib/gcc/avr/4.7.2/../../../../avr/lib/avr5\libm.a(fp_sinus.o)
 *(.progmem*)
 .progmem.data.aucCRCHi
                0x0000009f      0x100 modbus/mbcrc.o
 .progmem.data.aucCRCLo
                0x0000019f      0x100 modbus/mbcrc.o
                0x000002a0                . = ALIGN (0x2)
 *fill*         0x0000029f        0x1 
                0x000002a0                __trampolines_start = .
 *(.trampolines)
 .trampolines   0x000002a0        0x0 linker stubs
 *(.trampolines*)
                0x000002a0                __trampolines_end = .
 *(.jumptables)
 *(.jumptables*)
 *(.lowtext)
 *(.lowtext*)
                0x000002a0                __ctors_start = .
 *(.ctors)
                0x000002a0                __ctors_end = .
                0x000002a0                __dtors_start = .
 *(.dtors)
                0x000002a0                __dtors_end = .
 SORT(*)(.ctors)
 SORT(*)(.dtors)
 *(.init0)
 .init0         0x000002a0        0x0 d:/program files (x86)/atmel/atmel toolchain/avr8 gcc/native/3.4.2.1002/avr8-gnu-toolchain/bin/../lib/gcc/avr/4.7.2/../../../../avr/lib/avr5/crtm32a.o
                0x000002a0                __init
 *(.init0)
 *(.init1)
 *(.init1)
 *(.init2)
 .init2         0x000002a0        0xc d:/program files (x86)/atmel/atmel toolchain/avr8 gcc/native/3.4.2.1002/avr8-gnu-toolchain/bin/../lib/gcc/avr/4.7.2/../../../../avr/lib/avr5/crtm32a.o
 *(.init2)
 *(.init3)
 *(.init3)
 *(.init4)
 .init4         0x000002ac       0x16 d:/program files (x86)/atmel/atmel toolchain/avr8 gcc/native/3.4.2.1002/avr8-gnu-toolchain/bin/../lib/gcc/avr/4.7.2/avr5\libgcc.a(_copy_data.o)
                0x000002ac                __do_copy_data
 .init4         0x000002c2       0x10 d:/program files (x86)/atmel/atmel toolchain/avr8 gcc/native/3.4.2.1002/avr8-gnu-toolchain/bin/../lib/gcc/avr/4.7.2/avr5\libgcc.a(_clear_bss.o)
                0x000002c2                __do_clear_bss
 *(.init4)
 *(.init5)
 *(.init5)
 *(.init6)
 *(.init6)
 *(.init7)
 *(.init7)
 *(.init8)
 *(.init8)
 *(.init9)
 .init9         0x000002d2        0x8 d:/program files (x86)/atmel/atmel toolchain/avr8 gcc/native/3.4.2.1002/avr8-gnu-toolchain/bin/../lib/gcc/avr/4.7.2/../../../../avr/lib/avr5/crtm32a.o
 *(.init9)
 *(.text)
 .text          0x000002da        0x4 d:/program files (x86)/atmel/atmel toolchain/avr8 gcc/native/3.4.2.1002/avr8-gnu-toolchain/bin/../lib/gcc/avr/4.7.2/../../../../avr/lib/avr5/crtm32a.o
                0x000002da                __vector_12
                0x000002da                __bad_interrupt
                0x000002da                __vector_6
                0x000002da                __vector_3
                0x000002da                __vector_17
                0x000002da                __vector_19
                0x000002da                __vector_5
                0x000002da                __vector_9
                0x000002da                __vector_2
                0x000002da                __vector_15
                0x000002da                __vector_10
                0x000002da                __vector_18
                0x000002da                __vector_20
                0x000002de                . = ALIGN (0x2)
 *(.text.*)
 .text.__vector_16
                0x000002de       0x90 ADC.o
                0x000002de                __vector_16
 .text.ADC_Init
                0x0000036e        0xa ADC.o
                0x0000036e                ADC_Init
 .text.ADXL345_Poll
                0x00000378      0x2ac ADXL345.o
                0x00000378                ADXL345_Poll
 .text.ADXL345_Init
                0x00000624       0x82 ADXL345.o
                0x00000624                ADXL345_Init
 .text.BMP085_StartMeasUT
                0x000006a6       0x2e BMP085.o
                0x000006a6                BMP085_StartMeasUT
 .text.BMP085_StartMeasUP
                0x000006d4       0x2e BMP085.o
                0x000006d4                BMP085_StartMeasUP
 .text.BMP085_Get_Coef
                0x00000702      0x346 BMP085.o
                0x00000702                BMP085_Get_Coef
 .text.BMP085_Calculate
                0x00000a48      0x4f0 BMP085.o
                0x00000a48                BMP085_Calculate
 .text.BMP085_GetUP
                0x00000f38       0xfc BMP085.o
                0x00000f38                BMP085_GetUP
 .text.BMP085_GetUT
                0x00001034       0x6e BMP085.o
                0x00001034                BMP085_GetUT
 .text.LowPassFilter
                0x000010a2       0xb0 Filters.o
                0x000010a2                LowPassFilter
 .text.ComplemetaryFilter
                0x00001152       0x76 Filters.o
                0x00001152                ComplemetaryFilter
 .text.__vector_1
                0x000011c8       0xf4 HCSR04.o
                0x000011c8                __vector_1
 .text.INT0_Init
                0x000012bc        0xa HCSR04.o
                0x000012bc                INT0_Init
 .text.HMC5883L_Init
                0x000012c6       0x80 HMC5883L.o
                0x000012c6                HMC5883L_Init
 .text.HMC5883L_Poll
                0x00001346      0x140 HMC5883L.o
                0x00001346                HMC5883L_Poll
 .text.Correction360
                0x00001486       0x9e HMC5883L.o
                0x00001486                Correction360
 .text.Course_Calc
                0x00001524      0xaf8 HMC5883L.o
                0x00001524                Course_Calc
 .text.HMC5883L_Test
                0x0000201c       0x50 HMC5883L.o
                0x0000201c                HMC5883L_Test
 .text.twi      0x0000206c       0x40 i2c.o
                0x0000206c                twi
 .text.L3G4200D_Init
                0x000020ac       0xf4 L3G4200D.o
                0x000020ac                L3G4200D_Init
 .text.L3G4200D_Poll
                0x000021a0      0x264 L3G4200D.o
                0x000021a0                L3G4200D_Poll
 .text.L3G4200D_Test
                0x00002404       0x52 L3G4200D.o
                0x00002404                L3G4200D_Test
 .text.eMBInit  0x00002456      0x128 modbus/mb.o
                0x00002456                eMBInit
 .text.eMBEnable
                0x0000257e       0x1e modbus/mb.o
                0x0000257e                eMBEnable
 .text.eMBPoll  0x0000259c      0x140 modbus/mb.o
                0x0000259c                eMBPoll
 .text.prvucMBBIN2CHAR
                0x000026dc       0x18 modbus/mbascii.o
 .text.prvucMBLRC
                0x000026f4       0x20 modbus/mbascii.o
 .text.eMBASCIIInit
                0x00002714       0x36 modbus/mbascii.o
                0x00002714                eMBASCIIInit
 .text.eMBASCIIStart
                0x0000274a       0x18 modbus/mbascii.o
                0x0000274a                eMBASCIIStart
 .text.eMBASCIIStop
                0x00002762       0x12 modbus/mbascii.o
                0x00002762                eMBASCIIStop
 .text.eMBASCIIReceive
                0x00002774       0x70 modbus/mbascii.o
                0x00002774                eMBASCIIReceive
 .text.eMBASCIISend
                0x000027e4       0x7a modbus/mbascii.o
                0x000027e4                eMBASCIISend
 .text.xMBASCIIReceiveFSM
                0x0000285e      0x14a modbus/mbascii.o
                0x0000285e                xMBASCIIReceiveFSM
 .text.xMBASCIITransmitFSM
                0x000029a8      0x10c modbus/mbascii.o
                0x000029a8                xMBASCIITransmitFSM
 .text.xMBASCIITimerT1SExpired
                0x00002ab4       0x16 modbus/mbascii.o
                0x00002ab4                xMBASCIITimerT1SExpired
 .text.usMBCRC16
                0x00002aca       0x42 modbus/mbcrc.o
                0x00002aca                usMBCRC16
 .text.eMBFuncReadCoils
                0x00002b0c       0xce modbus/mbfunccoils.o
                0x00002b0c                eMBFuncReadCoils
 .text.eMBFuncWriteCoil
                0x00002bda       0x74 modbus/mbfunccoils.o
                0x00002bda                eMBFuncWriteCoil
 .text.eMBFuncWriteMultipleCoils
                0x00002c4e       0xac modbus/mbfunccoils.o
                0x00002c4e                eMBFuncWriteMultipleCoils
 .text.eMBFuncReadDiscreteInputs
                0x00002cfa       0xcc modbus/mbfuncdisc.o
                0x00002cfa                eMBFuncReadDiscreteInputs
 .text.eMBFuncWriteHoldingRegister
                0x00002dc6       0x38 modbus/mbfuncholding.o
                0x00002dc6                eMBFuncWriteHoldingRegister
 .text.eMBFuncWriteMultipleHoldingRegister
                0x00002dfe       0x80 modbus/mbfuncholding.o
                0x00002dfe                eMBFuncWriteMultipleHoldingRegister
 .text.eMBFuncReadHoldingRegister
                0x00002e7e       0xa0 modbus/mbfuncholding.o
                0x00002e7e                eMBFuncReadHoldingRegister
 .text.eMBFuncReadWriteMultipleHoldingRegister
                0x00002f1e      0x104 modbus/mbfuncholding.o
                0x00002f1e                eMBFuncReadWriteMultipleHoldingRegister
 .text.eMBFuncReadInputRegister
                0x00003022       0xaa modbus/mbfuncinput.o
                0x00003022                eMBFuncReadInputRegister
 .text.eMBFuncReportSlaveID
                0x000030cc       0x40 modbus/mbfuncother.o
                0x000030cc                eMBFuncReportSlaveID
 .text.eMBRTUInit
                0x0000310c       0x72 modbus/mbrtu.o
                0x0000310c                eMBRTUInit
 .text.eMBRTUStart
                0x0000317e       0x16 modbus/mbrtu.o
                0x0000317e                eMBRTUStart
 .text.eMBRTUStop
                0x00003194       0x12 modbus/mbrtu.o
                0x00003194                eMBRTUStop
 .text.eMBRTUReceive
                0x000031a6       0x70 modbus/mbrtu.o
                0x000031a6                eMBRTUReceive
 .text.eMBRTUSend
                0x00003216       0x98 modbus/mbrtu.o
                0x00003216                eMBRTUSend
 .text.xMBRTUReceiveFSM
                0x000032ae       0xa4 modbus/mbrtu.o
                0x000032ae                xMBRTUReceiveFSM
 .text.xMBRTUTransmitFSM
                0x00003352       0x7c modbus/mbrtu.o
                0x00003352                xMBRTUTransmitFSM
 .text.xMBRTUTimerT35Expired
                0x000033ce       0x36 modbus/mbrtu.o
                0x000033ce                xMBRTUTimerT35Expired
 .text.prveMBError2Exception
                0x00003404       0x1c modbus/mbutils.o
                0x00003404                prveMBError2Exception
 .text.xMBPortEventInit
                0x00003420        0x8 modbus/portevent.o
                0x00003420                xMBPortEventInit
 .text.xMBPortEventPost
                0x00003428        0xe modbus/portevent.o
                0x00003428                xMBPortEventPost
 .text.xMBPortEventGet
                0x00003436       0x1c modbus/portevent.o
                0x00003436                xMBPortEventGet
 .text.vMBPortSerialEnable
                0x00003452       0x24 modbus/portserial.o
                0x00003452                vMBPortSerialEnable
 .text.xMBPortSerialInit
                0x00003476       0x72 modbus/portserial.o
                0x00003476                xMBPortSerialInit
 .text.xMBPortSerialPutByte
                0x000034e8        0x6 modbus/portserial.o
                0x000034e8                xMBPortSerialPutByte
 .text.xMBPortSerialGetByte
                0x000034ee        0xa modbus/portserial.o
                0x000034ee                xMBPortSerialGetByte
 .text.__vector_14
                0x000034f8       0x4e modbus/portserial.o
                0x000034f8                __vector_14
 .text.__vector_13
                0x00003546       0x4e modbus/portserial.o
                0x00003546                __vector_13
 .text.xMBPortTimersInit
                0x00003594       0x36 modbus/porttimer.o
                0x00003594                xMBPortTimersInit
 .text.vMBPortTimersEnable
                0x000035ca       0x22 modbus/porttimer.o
                0x000035ca                vMBPortTimersEnable
 .text.vMBPortTimersDisable
                0x000035ec       0x14 modbus/porttimer.o
                0x000035ec                vMBPortTimersDisable
 .text.__vector_4
                0x00003600       0x50 modbus/porttimer.o
                0x00003600                __vector_4
 .text.SetMotors
                0x00003650       0xa0 Motors.o
                0x00003650                SetMotors
 .text.__vector_7
                0x000036f0       0x44 Motors.o
                0x000036f0                __vector_7
 .text.__vector_8
                0x00003734       0x42 Motors.o
                0x00003734                __vector_8
 .text.LED_On   0x00003776       0x18 Output.o
                0x00003776                LED_On
 .text.LED_Off  0x0000378e       0x18 Output.o
                0x0000378e                LED_Off
 .text.Sound_On
                0x000037a6        0x4 Output.o
                0x000037a6                Sound_On
 .text.Sound_Off
                0x000037aa        0x4 Output.o
                0x000037aa                Sound_Off
 .text.ModbusLoader
                0x000037ae      0x342 Params.o
                0x000037ae                ModbusLoader
 .text.ModbusInitValues
                0x00003af0       0x64 Params.o
                0x00003af0                ModbusInitValues
 .text.Uint32Comparrer
                0x00003b54       0x3e Params.o
                0x00003b54                Uint32Comparrer
 .text.ModbusEEPROMLoader
                0x00003b92      0x10c Params.o
                0x00003b92                ModbusEEPROMLoader
 .text.ModbusSaver
                0x00003c9e      0x1ba Params.o
                0x00003c9e                ModbusSaver
 .text.main     0x00003e58       0xce main.o
                0x00003e58                main
 .text.eMBRegInputCB
                0x00003f26       0x60 main.o
                0x00003f26                eMBRegInputCB
 .text.eMBRegHoldingCB
                0x00003f86       0xae main.o
                0x00003f86                eMBRegHoldingCB
 .text.eMBRegCoilsCB
                0x00004034        0x4 main.o
                0x00004034                eMBRegCoilsCB
 .text.eMBRegDiscreteCB
                0x00004038        0x4 main.o
                0x00004038                eMBRegDiscreteCB
 .text.PID_Oz   0x0000403c      0x1c2 PIDs.o
                0x0000403c                PID_Oz
 .text.PID_Ox   0x000041fe      0x23a PIDs.o
                0x000041fe                PID_Ox
 .text.PID_Oy   0x00004438      0x23a PIDs.o
                0x00004438                PID_Oy
 .text.RunPIDs  0x00004672       0x66 PIDs.o
                0x00004672                RunPIDs
 .text.SensorsInit
                0x000046d8       0x58 SensorsPoll.o
                0x000046d8                SensorsInit
 .text.SensorsPoll
                0x00004730      0x14c SensorsPoll.o
                0x00004730                SensorsPoll
 .text.Angular_Calc
                0x0000487c      0x62e SensorsPoll.o
                0x0000487c                Angular_Calc
 .text.Heading_displacement_calc
                0x00004eaa       0x8c SensorsPoll.o
                0x00004eaa                Heading_displacement_calc
 .text.__vector_11
                0x00004f36       0xf8 Timer0.o
                0x00004f36                __vector_11
 .text.avr-libc.fplib
                0x0000502e        0xa d:/program files (x86)/atmel/atmel toolchain/avr8 gcc/native/3.4.2.1002/avr8-gnu-toolchain/bin/../lib/gcc/avr/4.7.2/../../../../avr/lib/avr5\libm.a(addsf3.o)
                0x0000502e                __subsf3
                0x00005030                __addsf3
 .text.avr-libc.fplib
                0x00005038       0xc0 d:/program files (x86)/atmel/atmel toolchain/avr8 gcc/native/3.4.2.1002/avr8-gnu-toolchain/bin/../lib/gcc/avr/4.7.2/../../../../avr/lib/avr5\libm.a(addsf3x.o)
                0x00005052                __addsf3x
 .text.avr-libc.fplib
                0x000050f8       0x74 d:/program files (x86)/atmel/atmel toolchain/avr8 gcc/native/3.4.2.1002/avr8-gnu-toolchain/bin/../lib/gcc/avr/4.7.2/../../../../avr/lib/avr5\libm.a(atan2.o)
                0x00005116                atan2
 .text.avr-libc.fplib
                0x0000516c       0x50 d:/program files (x86)/atmel/atmel toolchain/avr8 gcc/native/3.4.2.1002/avr8-gnu-toolchain/bin/../lib/gcc/avr/4.7.2/../../../../avr/lib/avr5\libm.a(atan.o)
                0x0000516c                atan
 .text.avr-libc.fplib
                0x000051bc        0x8 d:/program files (x86)/atmel/atmel toolchain/avr8 gcc/native/3.4.2.1002/avr8-gnu-toolchain/bin/../lib/gcc/avr/4.7.2/../../../../avr/lib/avr5\libm.a(cmpsf2.o)
                0x000051bc                __nesf2
                0x000051bc                __eqsf2
                0x000051bc                __cmpsf2
                0x000051bc                __ltsf2
                0x000051bc                __lesf2
 .text.avr-libc.fplib
                0x000051c4        0x6 d:/program files (x86)/atmel/atmel toolchain/avr8 gcc/native/3.4.2.1002/avr8-gnu-toolchain/bin/../lib/gcc/avr/4.7.2/../../../../avr/lib/avr5\libm.a(cos.o)
                0x000051c4                cos
 .text.avr-libc.fplib
                0x000051ca        0x4 d:/program files (x86)/atmel/atmel toolchain/avr8 gcc/native/3.4.2.1002/avr8-gnu-toolchain/bin/../lib/gcc/avr/4.7.2/../../../../avr/lib/avr5\libm.a(divsf3.o)
                0x000051ca                __divsf3
 .text.avr-libc.fplib
                0x000051ce       0xcc d:/program files (x86)/atmel/atmel toolchain/avr8 gcc/native/3.4.2.1002/avr8-gnu-toolchain/bin/../lib/gcc/avr/4.7.2/../../../../avr/lib/avr5\libm.a(divsf3x.o)
                0x000051e4                __divsf3x
                0x000051e8                __divsf3_pse
 .text.avr-libc.fplib
                0x0000529a       0x58 d:/program files (x86)/atmel/atmel toolchain/avr8 gcc/native/3.4.2.1002/avr8-gnu-toolchain/bin/../lib/gcc/avr/4.7.2/../../../../avr/lib/avr5\libm.a(fixunssfsi.o)
                0x0000529a                __fixunssfsi
 .text.avr-libc.fplib
                0x000052f2       0x7a d:/program files (x86)/atmel/atmel toolchain/avr8 gcc/native/3.4.2.1002/avr8-gnu-toolchain/bin/../lib/gcc/avr/4.7.2/../../../../avr/lib/avr5\libm.a(floatsisf.o)
                0x000052f2                __floatunsisf
                0x000052f6                __floatsisf
 .text.avr-libc.fplib
                0x0000536c       0x48 d:/program files (x86)/atmel/atmel toolchain/avr8 gcc/native/3.4.2.1002/avr8-gnu-toolchain/bin/../lib/gcc/avr/4.7.2/../../../../avr/lib/avr5\libm.a(fp_cmp.o)
                0x0000536c                __fp_cmp
 .text.avr-libc.fplib
                0x000053b4        0xc d:/program files (x86)/atmel/atmel toolchain/avr8 gcc/native/3.4.2.1002/avr8-gnu-toolchain/bin/../lib/gcc/avr/4.7.2/../../../../avr/lib/avr5\libm.a(fp_inf.o)
                0x000053b4                __fp_inf
 .text.avr-libc.fplib
                0x000053c0        0x6 d:/program files (x86)/atmel/atmel toolchain/avr8 gcc/native/3.4.2.1002/avr8-gnu-toolchain/bin/../lib/gcc/avr/4.7.2/../../../../avr/lib/avr5\libm.a(fp_nan.o)
                0x000053c0                __fp_nan
 .text.avr-libc.fplib
                0x000053c6       0x4a d:/program files (x86)/atmel/atmel toolchain/avr8 gcc/native/3.4.2.1002/avr8-gnu-toolchain/bin/../lib/gcc/avr/4.7.2/../../../../avr/lib/avr5\libm.a(fp_powser.o)
                0x000053c6                __fp_powser
 .text.avr-libc.fplib
                0x00005410        0xe d:/program files (x86)/atmel/atmel toolchain/avr8 gcc/native/3.4.2.1002/avr8-gnu-toolchain/bin/../lib/gcc/avr/4.7.2/../../../../avr/lib/avr5\libm.a(fp_pscA.o)
                0x00005410                __fp_pscA
 .text.avr-libc.fplib
                0x0000541e        0xe d:/program files (x86)/atmel/atmel toolchain/avr8 gcc/native/3.4.2.1002/avr8-gnu-toolchain/bin/../lib/gcc/avr/4.7.2/../../../../avr/lib/avr5\libm.a(fp_pscB.o)
                0x0000541e                __fp_pscB
 .text.avr-libc.fplib
                0x0000542c       0x50 d:/program files (x86)/atmel/atmel toolchain/avr8 gcc/native/3.4.2.1002/avr8-gnu-toolchain/bin/../lib/gcc/avr/4.7.2/../../../../avr/lib/avr5\libm.a(fp_rempio2.o)
                0x0000542e                __fp_rempio2
 .text.avr-libc.fplib
                0x0000547c       0x22 d:/program files (x86)/atmel/atmel toolchain/avr8 gcc/native/3.4.2.1002/avr8-gnu-toolchain/bin/../lib/gcc/avr/4.7.2/../../../../avr/lib/avr5\libm.a(fp_round.o)
                0x0000547c                __fp_round
 .text.avr-libc.fplib
                0x0000549e       0x22 d:/program files (x86)/atmel/atmel toolchain/avr8 gcc/native/3.4.2.1002/avr8-gnu-toolchain/bin/../lib/gcc/avr/4.7.2/../../../../avr/lib/avr5\libm.a(fp_sinus.o)
                0x0000549e                __fp_sinus
 .text.avr-libc.fplib
                0x000054c0       0x44 d:/program files (x86)/atmel/atmel toolchain/avr8 gcc/native/3.4.2.1002/avr8-gnu-toolchain/bin/../lib/gcc/avr/4.7.2/../../../../avr/lib/avr5\libm.a(fp_split3.o)
                0x000054c0                __fp_split3
                0x000054d0                __fp_splitA
 .text.avr-libc.fplib
                0x00005504        0xe d:/program files (x86)/atmel/atmel toolchain/avr8 gcc/native/3.4.2.1002/avr8-gnu-toolchain/bin/../lib/gcc/avr/4.7.2/../../../../avr/lib/avr5\libm.a(fp_zero.o)
                0x00005504                __fp_zero
                0x00005506                __fp_szero
 .text.avr-libc.fplib
                0x00005512        0x8 d:/program files (x86)/atmel/atmel toolchain/avr8 gcc/native/3.4.2.1002/avr8-gnu-toolchain/bin/../lib/gcc/avr/4.7.2/../../../../avr/lib/avr5\libm.a(gesf2.o)
                0x00005512                __gesf2
                0x00005512                __gtsf2
 .text.avr-libc.fplib
                0x0000551a        0xe d:/program files (x86)/atmel/atmel toolchain/avr8 gcc/native/3.4.2.1002/avr8-gnu-toolchain/bin/../lib/gcc/avr/4.7.2/../../../../avr/lib/avr5\libm.a(inverse.o)
                0x0000551a                inverse
 .text.avr-libc.fplib
                0x00005528        0x4 d:/program files (x86)/atmel/atmel toolchain/avr8 gcc/native/3.4.2.1002/avr8-gnu-toolchain/bin/../lib/gcc/avr/4.7.2/../../../../avr/lib/avr5\libm.a(mulsf3.o)
                0x00005528                __mulsf3
 .text.avr-libc.fplib
                0x0000552c       0xc2 d:/program files (x86)/atmel/atmel toolchain/avr8 gcc/native/3.4.2.1002/avr8-gnu-toolchain/bin/../lib/gcc/avr/4.7.2/../../../../avr/lib/avr5\libm.a(mulsf3x.o)
                0x00005540                __mulsf3x
                0x00005544                __mulsf3_pse
 .text.avr-libc.fplib
                0x000055ee        0xc d:/program files (x86)/atmel/atmel toolchain/avr8 gcc/native/3.4.2.1002/avr8-gnu-toolchain/bin/../lib/gcc/avr/4.7.2/../../../../avr/lib/avr5\libm.a(sin.o)
                0x000055ee                sin
 .text.avr-libc.fplib
                0x000055fa       0x84 d:/program files (x86)/atmel/atmel toolchain/avr8 gcc/native/3.4.2.1002/avr8-gnu-toolchain/bin/../lib/gcc/avr/4.7.2/../../../../avr/lib/avr5\libm.a(sqrt.o)
                0x00005602                sqrt
 .text.avr-libc.fplib
                0x0000567e        0x6 d:/program files (x86)/atmel/atmel toolchain/avr8 gcc/native/3.4.2.1002/avr8-gnu-toolchain/bin/../lib/gcc/avr/4.7.2/../../../../avr/lib/avr5\libm.a(square.o)
                0x0000567e                square
 .text.avr-libc.fplib
                0x00005684       0x1c d:/program files (x86)/atmel/atmel toolchain/avr8 gcc/native/3.4.2.1002/avr8-gnu-toolchain/bin/../lib/gcc/avr/4.7.2/../../../../avr/lib/avr5\libm.a(fp_mpack.o)
                0x00005684                __fp_mpack
                0x00005688                __fp_mpack_finite
 .text.avr-libc.fplib
                0x000056a0        0xe d:/program files (x86)/atmel/atmel toolchain/avr8 gcc/native/3.4.2.1002/avr8-gnu-toolchain/bin/../lib/gcc/avr/4.7.2/../../../../avr/lib/avr5\libm.a(fp_norm2.o)
                0x000056a0                __fp_norm2
 .text.avr-libc.fplib
                0x000056ae       0x22 d:/program files (x86)/atmel/atmel toolchain/avr8 gcc/native/3.4.2.1002/avr8-gnu-toolchain/bin/../lib/gcc/avr/4.7.2/../../../../avr/lib/avr5\libm.a(fp_powsodd.o)
                0x000056ae                __fp_powsodd
 .text.libgcc.mul
                0x000056d0       0x20 d:/program files (x86)/atmel/atmel toolchain/avr8 gcc/native/3.4.2.1002/avr8-gnu-toolchain/bin/../lib/gcc/avr/4.7.2/avr5\libgcc.a(_mulsi3.o)
                0x000056d0                __mulsi3
 .text.libgcc.div
                0x000056f0       0x44 d:/program files (x86)/atmel/atmel toolchain/avr8 gcc/native/3.4.2.1002/avr8-gnu-toolchain/bin/../lib/gcc/avr/4.7.2/avr5\libgcc.a(_udivmodsi4.o)
                0x000056f0                __udivmodsi4
 .text.libgcc.div
                0x00005734       0x38 d:/program files (x86)/atmel/atmel toolchain/avr8 gcc/native/3.4.2.1002/avr8-gnu-toolchain/bin/../lib/gcc/avr/4.7.2/avr5\libgcc.a(_divmodsi4.o)
                0x00005734                __divmodsi4
 .text.libgcc.mul
                0x0000576c       0x18 d:/program files (x86)/atmel/atmel toolchain/avr8 gcc/native/3.4.2.1002/avr8-gnu-toolchain/bin/../lib/gcc/avr/4.7.2/avr5\libgcc.a(_umulhisi3.o)
                0x0000576c                __umulhisi3
 .text.libgcc.mul
                0x00005784       0x16 d:/program files (x86)/atmel/atmel toolchain/avr8 gcc/native/3.4.2.1002/avr8-gnu-toolchain/bin/../lib/gcc/avr/4.7.2/avr5\libgcc.a(_muluhisi3.o)
                0x00005784                __muluhisi3
 .text.libgcc.mul
                0x0000579a       0x10 d:/program files (x86)/atmel/atmel toolchain/avr8 gcc/native/3.4.2.1002/avr8-gnu-toolchain/bin/../lib/gcc/avr/4.7.2/avr5\libgcc.a(_mulshisi3.o)
                0x0000579a                __mulshisi3
                0x000057a0                __mulohisi3
 .text.avr-libc
                0x000057aa       0x12 d:/program files (x86)/atmel/atmel toolchain/avr8 gcc/native/3.4.2.1002/avr8-gnu-toolchain/bin/../lib/gcc/avr/4.7.2/../../../../avr/lib/avr5\libc.a(memcpy.o)
                0x000057aa                memcpy
 .text.avr-libc
                0x000057bc        0xc d:/program files (x86)/atmel/atmel toolchain/avr8 gcc/native/3.4.2.1002/avr8-gnu-toolchain/bin/../lib/gcc/avr/4.7.2/../../../../avr/lib/avr5\libc.a(eerd_dword_atmega32a.o)
                0x000057bc                __eerd_float_m32a
                0x000057bc                __eerd_dword_m32a
 .text.avr-libc
                0x000057c8       0x10 d:/program files (x86)/atmel/atmel toolchain/avr8 gcc/native/3.4.2.1002/avr8-gnu-toolchain/bin/../lib/gcc/avr/4.7.2/../../../../avr/lib/avr5\libc.a(eewr_dword_atmega32a.o)
                0x000057c8                __eewr_dword_m32a
                0x000057c8                __eewr_float_m32a
 .text.avr-libc
                0x000057d8        0xa d:/program files (x86)/atmel/atmel toolchain/avr8 gcc/native/3.4.2.1002/avr8-gnu-toolchain/bin/../lib/gcc/avr/4.7.2/../../../../avr/lib/avr5\libc.a(eewr_word_atmega32a.o)
                0x000057d8                __eewr_word_m32a
 .text.avr-libc
                0x000057e2       0x20 d:/program files (x86)/atmel/atmel toolchain/avr8 gcc/native/3.4.2.1002/avr8-gnu-toolchain/bin/../lib/gcc/avr/4.7.2/../../../../avr/lib/avr5\libc.a(eerd_block_atmega32a.o)
                0x000057e2                __eerd_block_m32a
                0x000057e6                __eerd_blraw_m32a
 .text.avr-libc
                0x00005802       0x1a d:/program files (x86)/atmel/atmel toolchain/avr8 gcc/native/3.4.2.1002/avr8-gnu-toolchain/bin/../lib/gcc/avr/4.7.2/../../../../avr/lib/avr5\libc.a(eewr_byte_atmega32a.o)
                0x00005802                __eewr_byte_m32a
                0x00005804                __eewr_r18_m32a
                0x0000581c                . = ALIGN (0x2)
 *(.fini9)
 .fini9         0x0000581c        0x0 d:/program files (x86)/atmel/atmel toolchain/avr8 gcc/native/3.4.2.1002/avr8-gnu-toolchain/bin/../lib/gcc/avr/4.7.2/avr5\libgcc.a(_exit.o)
                0x0000581c                _exit
                0x0000581c                exit
 *(.fini9)
 *(.fini8)
 *(.fini8)
 *(.fini7)
 *(.fini7)
 *(.fini6)
 *(.fini6)
 *(.fini5)
 *(.fini5)
 *(.fini4)
 *(.fini4)
 *(.fini3)
 *(.fini3)
 *(.fini2)
 *(.fini2)
 *(.fini1)
 *(.fini1)
 *(.fini0)
 .fini0         0x0000581c        0x4 d:/program files (x86)/atmel/atmel toolchain/avr8 gcc/native/3.4.2.1002/avr8-gnu-toolchain/bin/../lib/gcc/avr/4.7.2/avr5\libgcc.a(_exit.o)
 *(.fini0)
                0x00005820                _etext = .

.data           0x00800060       0x40 load address 0x00005820
                0x00800060                PROVIDE (__data_start, .)
 *(.data)
 .data          0x00800060        0x0 d:/program files (x86)/atmel/atmel toolchain/avr8 gcc/native/3.4.2.1002/avr8-gnu-toolchain/bin/../lib/gcc/avr/4.7.2/../../../../avr/lib/avr5/crtm32a.o
 .data          0x00800060        0x0 ADC.o
 .data          0x00800060        0x0 ADXL345.o
 .data          0x00800060        0x0 BMP085.o
 .data          0x00800060        0x0 Filters.o
 .data          0x00800060        0x0 GlobalConstants.o
 .data          0x00800060        0x0 HCSR04.o
 .data          0x00800060        0x0 HMC5883L.o
 .data          0x00800060        0x0 i2c.o
 .data          0x00800060        0x0 L3G4200D.o
 .data          0x00800060        0x0 MeasureStack.o
 .data          0x00800060        0x0 modbus/mb.o
 .data          0x00800060        0x0 modbus/mbascii.o
 .data          0x00800060        0x0 modbus/mbcrc.o
 .data          0x00800060        0x0 modbus/mbfunccoils.o
 .data          0x00800060        0x0 modbus/mbfuncdiag.o
 .data          0x00800060        0x0 modbus/mbfuncdisc.o
 .data          0x00800060        0x0 modbus/mbfuncholding.o
 .data          0x00800060        0x0 modbus/mbfuncinput.o
 .data          0x00800060        0x0 modbus/mbfuncother.o
 .data          0x00800060        0x0 modbus/mbrtu.o
 .data          0x00800060        0x0 modbus/mbtcp.o
 .data          0x00800060        0x0 modbus/mbutils.o
 .data          0x00800060        0x0 modbus/portevent.o
 .data          0x00800060        0x0 modbus/portserial.o
 .data          0x00800060        0x0 modbus/porttimer.o
 .data          0x00800060        0x0 Motors.o
 .data          0x00800060        0x0 Output.o
 .data          0x00800060        0x0 Params.o
 .data          0x00800060        0x0 main.o
 .data          0x00800060        0x0 PIDs.o
 .data          0x00800060        0x0 Radio.o
 .data          0x00800060        0x0 SensorsPoll.o
 .data          0x00800060        0x0 Timer0.o
 .data          0x00800060        0x0 d:/program files (x86)/atmel/atmel toolchain/avr8 gcc/native/3.4.2.1002/avr8-gnu-toolchain/bin/../lib/gcc/avr/4.7.2/../../../../avr/lib/avr5\libm.a(addsf3.o)
 .data          0x00800060        0x0 d:/program files (x86)/atmel/atmel toolchain/avr8 gcc/native/3.4.2.1002/avr8-gnu-toolchain/bin/../lib/gcc/avr/4.7.2/../../../../avr/lib/avr5\libm.a(addsf3x.o)
 .data          0x00800060        0x0 d:/program files (x86)/atmel/atmel toolchain/avr8 gcc/native/3.4.2.1002/avr8-gnu-toolchain/bin/../lib/gcc/avr/4.7.2/../../../../avr/lib/avr5\libm.a(atan2.o)
 .data          0x00800060        0x0 d:/program files (x86)/atmel/atmel toolchain/avr8 gcc/native/3.4.2.1002/avr8-gnu-toolchain/bin/../lib/gcc/avr/4.7.2/../../../../avr/lib/avr5\libm.a(atan.o)
 .data          0x00800060        0x0 d:/program files (x86)/atmel/atmel toolchain/avr8 gcc/native/3.4.2.1002/avr8-gnu-toolchain/bin/../lib/gcc/avr/4.7.2/../../../../avr/lib/avr5\libm.a(cmpsf2.o)
 .data          0x00800060        0x0 d:/program files (x86)/atmel/atmel toolchain/avr8 gcc/native/3.4.2.1002/avr8-gnu-toolchain/bin/../lib/gcc/avr/4.7.2/../../../../avr/lib/avr5\libm.a(cos.o)
 .data          0x00800060        0x0 d:/program files (x86)/atmel/atmel toolchain/avr8 gcc/native/3.4.2.1002/avr8-gnu-toolchain/bin/../lib/gcc/avr/4.7.2/../../../../avr/lib/avr5\libm.a(divsf3.o)
 .data          0x00800060        0x0 d:/program files (x86)/atmel/atmel toolchain/avr8 gcc/native/3.4.2.1002/avr8-gnu-toolchain/bin/../lib/gcc/avr/4.7.2/../../../../avr/lib/avr5\libm.a(divsf3x.o)
 .data          0x00800060        0x0 d:/program files (x86)/atmel/atmel toolchain/avr8 gcc/native/3.4.2.1002/avr8-gnu-toolchain/bin/../lib/gcc/avr/4.7.2/../../../../avr/lib/avr5\libm.a(fixunssfsi.o)
 .data          0x00800060        0x0 d:/program files (x86)/atmel/atmel toolchain/avr8 gcc/native/3.4.2.1002/avr8-gnu-toolchain/bin/../lib/gcc/avr/4.7.2/../../../../avr/lib/avr5\libm.a(floatsisf.o)
 .data          0x00800060        0x0 d:/program files (x86)/atmel/atmel toolchain/avr8 gcc/native/3.4.2.1002/avr8-gnu-toolchain/bin/../lib/gcc/avr/4.7.2/../../../../avr/lib/avr5\libm.a(fp_cmp.o)
 .data          0x00800060        0x0 d:/program files (x86)/atmel/atmel toolchain/avr8 gcc/native/3.4.2.1002/avr8-gnu-toolchain/bin/../lib/gcc/avr/4.7.2/../../../../avr/lib/avr5\libm.a(fp_inf.o)
 .data          0x00800060        0x0 d:/program files (x86)/atmel/atmel toolchain/avr8 gcc/native/3.4.2.1002/avr8-gnu-toolchain/bin/../lib/gcc/avr/4.7.2/../../../../avr/lib/avr5\libm.a(fp_nan.o)
 .data          0x00800060        0x0 d:/program files (x86)/atmel/atmel toolchain/avr8 gcc/native/3.4.2.1002/avr8-gnu-toolchain/bin/../lib/gcc/avr/4.7.2/../../../../avr/lib/avr5\libm.a(fp_powser.o)
 .data          0x00800060        0x0 d:/program files (x86)/atmel/atmel toolchain/avr8 gcc/native/3.4.2.1002/avr8-gnu-toolchain/bin/../lib/gcc/avr/4.7.2/../../../../avr/lib/avr5\libm.a(fp_pscA.o)
 .data          0x00800060        0x0 d:/program files (x86)/atmel/atmel toolchain/avr8 gcc/native/3.4.2.1002/avr8-gnu-toolchain/bin/../lib/gcc/avr/4.7.2/../../../../avr/lib/avr5\libm.a(fp_pscB.o)
 .data          0x00800060        0x0 d:/program files (x86)/atmel/atmel toolchain/avr8 gcc/native/3.4.2.1002/avr8-gnu-toolchain/bin/../lib/gcc/avr/4.7.2/../../../../avr/lib/avr5\libm.a(fp_rempio2.o)
 .data          0x00800060        0x0 d:/program files (x86)/atmel/atmel toolchain/avr8 gcc/native/3.4.2.1002/avr8-gnu-toolchain/bin/../lib/gcc/avr/4.7.2/../../../../avr/lib/avr5\libm.a(fp_round.o)
 .data          0x00800060        0x0 d:/program files (x86)/atmel/atmel toolchain/avr8 gcc/native/3.4.2.1002/avr8-gnu-toolchain/bin/../lib/gcc/avr/4.7.2/../../../../avr/lib/avr5\libm.a(fp_sinus.o)
 .data          0x00800060        0x0 d:/program files (x86)/atmel/atmel toolchain/avr8 gcc/native/3.4.2.1002/avr8-gnu-toolchain/bin/../lib/gcc/avr/4.7.2/../../../../avr/lib/avr5\libm.a(fp_split3.o)
 .data          0x00800060        0x0 d:/program files (x86)/atmel/atmel toolchain/avr8 gcc/native/3.4.2.1002/avr8-gnu-toolchain/bin/../lib/gcc/avr/4.7.2/../../../../avr/lib/avr5\libm.a(fp_zero.o)
 .data          0x00800060        0x0 d:/program files (x86)/atmel/atmel toolchain/avr8 gcc/native/3.4.2.1002/avr8-gnu-toolchain/bin/../lib/gcc/avr/4.7.2/../../../../avr/lib/avr5\libm.a(gesf2.o)
 .data          0x00800060        0x0 d:/program files (x86)/atmel/atmel toolchain/avr8 gcc/native/3.4.2.1002/avr8-gnu-toolchain/bin/../lib/gcc/avr/4.7.2/../../../../avr/lib/avr5\libm.a(inverse.o)
 .data          0x00800060        0x0 d:/program files (x86)/atmel/atmel toolchain/avr8 gcc/native/3.4.2.1002/avr8-gnu-toolchain/bin/../lib/gcc/avr/4.7.2/../../../../avr/lib/avr5\libm.a(mulsf3.o)
 .data          0x00800060        0x0 d:/program files (x86)/atmel/atmel toolchain/avr8 gcc/native/3.4.2.1002/avr8-gnu-toolchain/bin/../lib/gcc/avr/4.7.2/../../../../avr/lib/avr5\libm.a(mulsf3x.o)
 .data          0x00800060        0x0 d:/program files (x86)/atmel/atmel toolchain/avr8 gcc/native/3.4.2.1002/avr8-gnu-toolchain/bin/../lib/gcc/avr/4.7.2/../../../../avr/lib/avr5\libm.a(sin.o)
 .data          0x00800060        0x0 d:/program files (x86)/atmel/atmel toolchain/avr8 gcc/native/3.4.2.1002/avr8-gnu-toolchain/bin/../lib/gcc/avr/4.7.2/../../../../avr/lib/avr5\libm.a(sqrt.o)
 .data          0x00800060        0x0 d:/program files (x86)/atmel/atmel toolchain/avr8 gcc/native/3.4.2.1002/avr8-gnu-toolchain/bin/../lib/gcc/avr/4.7.2/../../../../avr/lib/avr5\libm.a(square.o)
 .data          0x00800060        0x0 d:/program files (x86)/atmel/atmel toolchain/avr8 gcc/native/3.4.2.1002/avr8-gnu-toolchain/bin/../lib/gcc/avr/4.7.2/../../../../avr/lib/avr5\libm.a(fp_mpack.o)
 .data          0x00800060        0x0 d:/program files (x86)/atmel/atmel toolchain/avr8 gcc/native/3.4.2.1002/avr8-gnu-toolchain/bin/../lib/gcc/avr/4.7.2/../../../../avr/lib/avr5\libm.a(fp_norm2.o)
 .data          0x00800060        0x0 d:/program files (x86)/atmel/atmel toolchain/avr8 gcc/native/3.4.2.1002/avr8-gnu-toolchain/bin/../lib/gcc/avr/4.7.2/../../../../avr/lib/avr5\libm.a(fp_powsodd.o)
 .data          0x00800060        0x0 d:/program files (x86)/atmel/atmel toolchain/avr8 gcc/native/3.4.2.1002/avr8-gnu-toolchain/bin/../lib/gcc/avr/4.7.2/avr5\libgcc.a(_mulsi3.o)
 .data          0x00800060        0x0 d:/program files (x86)/atmel/atmel toolchain/avr8 gcc/native/3.4.2.1002/avr8-gnu-toolchain/bin/../lib/gcc/avr/4.7.2/avr5\libgcc.a(_udivmodsi4.o)
 .data          0x00800060        0x0 d:/program files (x86)/atmel/atmel toolchain/avr8 gcc/native/3.4.2.1002/avr8-gnu-toolchain/bin/../lib/gcc/avr/4.7.2/avr5\libgcc.a(_divmodsi4.o)
 .data          0x00800060        0x0 d:/program files (x86)/atmel/atmel toolchain/avr8 gcc/native/3.4.2.1002/avr8-gnu-toolchain/bin/../lib/gcc/avr/4.7.2/avr5\libgcc.a(_exit.o)
 .data          0x00800060        0x0 d:/program files (x86)/atmel/atmel toolchain/avr8 gcc/native/3.4.2.1002/avr8-gnu-toolchain/bin/../lib/gcc/avr/4.7.2/avr5\libgcc.a(_copy_data.o)
 .data          0x00800060        0x0 d:/program files (x86)/atmel/atmel toolchain/avr8 gcc/native/3.4.2.1002/avr8-gnu-toolchain/bin/../lib/gcc/avr/4.7.2/avr5\libgcc.a(_clear_bss.o)
 .data          0x00800060        0x0 d:/program files (x86)/atmel/atmel toolchain/avr8 gcc/native/3.4.2.1002/avr8-gnu-toolchain/bin/../lib/gcc/avr/4.7.2/avr5\libgcc.a(_umulhisi3.o)
 .data          0x00800060        0x0 d:/program files (x86)/atmel/atmel toolchain/avr8 gcc/native/3.4.2.1002/avr8-gnu-toolchain/bin/../lib/gcc/avr/4.7.2/avr5\libgcc.a(_muluhisi3.o)
 .data          0x00800060        0x0 d:/program files (x86)/atmel/atmel toolchain/avr8 gcc/native/3.4.2.1002/avr8-gnu-toolchain/bin/../lib/gcc/avr/4.7.2/avr5\libgcc.a(_mulshisi3.o)
 .data          0x00800060        0x0 d:/program files (x86)/atmel/atmel toolchain/avr8 gcc/native/3.4.2.1002/avr8-gnu-toolchain/bin/../lib/gcc/avr/4.7.2/../../../../avr/lib/avr5\libc.a(memcpy.o)
 .data          0x00800060        0x0 d:/program files (x86)/atmel/atmel toolchain/avr8 gcc/native/3.4.2.1002/avr8-gnu-toolchain/bin/../lib/gcc/avr/4.7.2/../../../../avr/lib/avr5\libc.a(eerd_dword_atmega32a.o)
 .data          0x00800060        0x0 d:/program files (x86)/atmel/atmel toolchain/avr8 gcc/native/3.4.2.1002/avr8-gnu-toolchain/bin/../lib/gcc/avr/4.7.2/../../../../avr/lib/avr5\libc.a(eewr_dword_atmega32a.o)
 .data          0x00800060        0x0 d:/program files (x86)/atmel/atmel toolchain/avr8 gcc/native/3.4.2.1002/avr8-gnu-toolchain/bin/../lib/gcc/avr/4.7.2/../../../../avr/lib/avr5\libc.a(eewr_word_atmega32a.o)
 .data          0x00800060        0x0 d:/program files (x86)/atmel/atmel toolchain/avr8 gcc/native/3.4.2.1002/avr8-gnu-toolchain/bin/../lib/gcc/avr/4.7.2/../../../../avr/lib/avr5\libc.a(eerd_block_atmega32a.o)
 .data          0x00800060        0x0 d:/program files (x86)/atmel/atmel toolchain/avr8 gcc/native/3.4.2.1002/avr8-gnu-toolchain/bin/../lib/gcc/avr/4.7.2/../../../../avr/lib/avr5\libc.a(eewr_byte_atmega32a.o)
 *(.data*)
 .data.eMBState
                0x00800060        0x1 modbus/mb.o
 .data.xFuncHandlers
                0x00800061       0x30 modbus/mb.o
 *(.rodata)
 *(.rodata*)
 .rodata.D4_offset
                0x00800091        0x4 GlobalConstants.o
                0x00800091                D4_offset
 .rodata.Pa2mmHg
                0x00800095        0x4 GlobalConstants.o
                0x00800095                Pa2mmHg
 .rodata.Alarm_Long
                0x00800099        0x2 GlobalConstants.o
                0x00800099                Alarm_Long
 .rodata.Step   0x0080009b        0x4 GlobalConstants.o
                0x0080009b                Step
 *(.gnu.linkonce.d*)
                0x008000a0                . = ALIGN (0x2)
 *fill*         0x0080009f        0x1 
                0x008000a0                _edata = .
                0x008000a0                PROVIDE (__data_end, .)

.bss            0x008000a0      0x63b
                0x008000a0                PROVIDE (__bss_start, .)
 *(.bss)
 *(.bss*)
 .bss.UT        0x008000a0        0x4 BMP085.o
 .bss.UP        0x008000a4        0x4 BMP085.o
 .bss.AC1       0x008000a8        0x2 BMP085.o
 .bss.AC2       0x008000aa        0x2 BMP085.o
 .bss.AC3       0x008000ac        0x2 BMP085.o
 .bss.AC4       0x008000ae        0x2 BMP085.o
 .bss.AC5       0x008000b0        0x2 BMP085.o
 .bss.AC6       0x008000b2        0x2 BMP085.o
 .bss.B1        0x008000b4        0x2 BMP085.o
 .bss.B2        0x008000b6        0x2 BMP085.o
 .bss.MB        0x008000b8        0x2 BMP085.o
 .bss.MC        0x008000ba        0x2 BMP085.o
 .bss.MD        0x008000bc        0x2 BMP085.o
 .bss.ucMBAddress
                0x008000be        0x1 modbus/mb.o
 .bss.pvMBFrameStartCur
                0x008000bf        0x2 modbus/mb.o
 .bss.pvMBFrameStopCur
                0x008000c1        0x2 modbus/mb.o
 .bss.peMBFrameSendCur
                0x008000c3        0x2 modbus/mb.o
 .bss.peMBFrameReceiveCur
                0x008000c5        0x2 modbus/mb.o
 .bss.pvMBFrameCloseCur
                0x008000c7        0x2 modbus/mb.o
 .bss.eMBCurrentMode
                0x008000c9        0x1 modbus/mb.o
 .bss.ucRcvAddress.1756
                0x008000ca        0x1 modbus/mb.o
 .bss.ucMBFrame.1755
                0x008000cb        0x2 modbus/mb.o
 .bss.usLength.1758
                0x008000cd        0x2 modbus/mb.o
 .bss.ucFunctionCode.1757
                0x008000cf        0x1 modbus/mb.o
 .bss.eException.1759
                0x008000d0        0x1 modbus/mb.o
 .bss.ucMBLFCharacter
                0x008000d1        0x1 modbus/mbascii.o
 .bss.usSndBufferCount
                0x008000d2        0x2 modbus/mbascii.o
 .bss.eBytePos  0x008000d4        0x1 modbus/mbascii.o
 .bss.usRcvBufferPos
                0x008000d5        0x2 modbus/mbascii.o
 .bss.eRcvState
                0x008000d7        0x1 modbus/mbascii.o
 .bss.eSndState
                0x008000d8        0x1 modbus/mbascii.o
 .bss.pucSndBufferCur
                0x008000d9        0x2 modbus/mbascii.o
 .bss.usMBSlaveIDLen
                0x008000db        0x2 modbus/mbfuncother.o
 .bss.ucMBSlaveID
                0x008000dd       0x20 modbus/mbfuncother.o
 .bss.usRcvBufferPos
                0x008000fd        0x2 modbus/mbrtu.o
 .bss.usSndBufferCount
                0x008000ff        0x2 modbus/mbrtu.o
 .bss.eRcvState
                0x00800101        0x1 modbus/mbrtu.o
 .bss.eSndState
                0x00800102        0x1 modbus/mbrtu.o
 .bss.pucSndBufferCur
                0x00800103        0x2 modbus/mbrtu.o
 .bss.xEventInQueue
                0x00800105        0x1 modbus/portevent.o
 .bss.eQueuedEvent
                0x00800106        0x1 modbus/portevent.o
 .bss.usTimerOCRADelta
                0x00800107        0x2 modbus/porttimer.o
 .bss.motor_index
                0x00800109        0x1 Motors.o
                0x00800109                motor_index
 .bss.BMP085PreTimer
                0x0080010a        0x1 SensorsPoll.o
 .bss.BMP085Flag
                0x0080010b        0x1 SensorsPoll.o
 .bss.BUSY      0x0080010c        0x1 Timer0.o
 .bss.AlarmTimer
                0x0080010d        0x2 Timer0.o
 *(COMMON)
 COMMON         0x0080010f        0x1 ADC.o
                0x0080010f                peak
 COMMON         0x00800110        0x3 HCSR04.o
                0x00800110                Timer0OverflowCount
                0x00800112                HCSR04_Timer_Prescaller
 COMMON         0x00800113        0xa modbus/mb.o
                0x00800113                pxMBFrameCBTransmitterEmpty
                0x00800115                pxMBPortCBTimerExpired
                0x00800117                pxMBFrameCBByteReceived
                0x00800119                pxMBFrameCBTransmitFSMCur
                0x0080011b                pxMBFrameCBReceiveFSMCur
 COMMON         0x0080011d      0x100 modbus/mbrtu.o
                0x0080011d                ucRTUBuf
 COMMON         0x0080021d       0x10 Motors.o
                0x0080021d                counter
 COMMON         0x0080022d      0x178 Params.o
                0x0080022d                coeffs
                0x008002d9                telemetry
 COMMON         0x008003a5      0x326 main.o
                0x008003a5                sense
                0x008003ad                usRegInputBuf
                0x00800473                ucRegCoilsBuf
                0x00800475                usRegHoldingBuf
 COMMON         0x008006cb       0x10 PIDs.o
                0x008006cb                motors_sum
                0x008006db                PROVIDE (__bss_end, .)
                0x00005820                __data_load_start = LOADADDR (.data)
                0x00005860                __data_load_end = (__data_load_start + SIZEOF (.data))

.noinit         0x008006db        0x0
                0x008006db                PROVIDE (__noinit_start, .)
 *(.noinit*)
                0x008006db                PROVIDE (__noinit_end, .)
                0x008006db                _end = .
                0x008006db                PROVIDE (__heap_start, .)

.eeprom         0x00810000        0x0
 *(.eeprom*)
                0x00810000                __eeprom_end = .

.fuse
 *(.fuse)
 *(.lfuse)
 *(.hfuse)
 *(.efuse)

.lock
 *(.lock*)

.signature
 *(.signature*)

.user_signatures
 *(.user_signatures*)

.stab           0x00000000     0x38e8
 *(.stab)
 .stab          0x00000000      0x6cc d:/program files (x86)/atmel/atmel toolchain/avr8 gcc/native/3.4.2.1002/avr8-gnu-toolchain/bin/../lib/gcc/avr/4.7.2/../../../../avr/lib/avr5/crtm32a.o
 .stab          0x000006cc       0x78 d:/program files (x86)/atmel/atmel toolchain/avr8 gcc/native/3.4.2.1002/avr8-gnu-toolchain/bin/../lib/gcc/avr/4.7.2/../../../../avr/lib/avr5\libm.a(addsf3.o)
                                 0x84 (size before relaxing)
 .stab          0x00000744      0x4bc d:/program files (x86)/atmel/atmel toolchain/avr8 gcc/native/3.4.2.1002/avr8-gnu-toolchain/bin/../lib/gcc/avr/4.7.2/../../../../avr/lib/avr5\libm.a(addsf3x.o)
                                0x4c8 (size before relaxing)
 .stab          0x00000c00      0x2f4 d:/program files (x86)/atmel/atmel toolchain/avr8 gcc/native/3.4.2.1002/avr8-gnu-toolchain/bin/../lib/gcc/avr/4.7.2/../../../../avr/lib/avr5\libm.a(atan2.o)
                                0x300 (size before relaxing)
 .stab          0x00000ef4      0x210 d:/program files (x86)/atmel/atmel toolchain/avr8 gcc/native/3.4.2.1002/avr8-gnu-toolchain/bin/../lib/gcc/avr/4.7.2/../../../../avr/lib/avr5\libm.a(atan.o)
                                0x21c (size before relaxing)
 .stab          0x00001104       0x90 d:/program files (x86)/atmel/atmel toolchain/avr8 gcc/native/3.4.2.1002/avr8-gnu-toolchain/bin/../lib/gcc/avr/4.7.2/../../../../avr/lib/avr5\libm.a(cmpsf2.o)
                                 0x9c (size before relaxing)
 .stab          0x00001194       0x54 d:/program files (x86)/atmel/atmel toolchain/avr8 gcc/native/3.4.2.1002/avr8-gnu-toolchain/bin/../lib/gcc/avr/4.7.2/../../../../avr/lib/avr5\libm.a(cos.o)
                                 0x60 (size before relaxing)
 .stab          0x000011e8       0x48 d:/program files (x86)/atmel/atmel toolchain/avr8 gcc/native/3.4.2.1002/avr8-gnu-toolchain/bin/../lib/gcc/avr/4.7.2/../../../../avr/lib/avr5\libm.a(divsf3.o)
                                 0x54 (size before relaxing)
 .stab          0x00001230      0x510 d:/program files (x86)/atmel/atmel toolchain/avr8 gcc/native/3.4.2.1002/avr8-gnu-toolchain/bin/../lib/gcc/avr/4.7.2/../../../../avr/lib/avr5\libm.a(divsf3x.o)
                                0x51c (size before relaxing)
 .stab          0x00001740      0x240 d:/program files (x86)/atmel/atmel toolchain/avr8 gcc/native/3.4.2.1002/avr8-gnu-toolchain/bin/../lib/gcc/avr/4.7.2/../../../../avr/lib/avr5\libm.a(fixunssfsi.o)
                                0x24c (size before relaxing)
 .stab          0x00001980      0x318 d:/program files (x86)/atmel/atmel toolchain/avr8 gcc/native/3.4.2.1002/avr8-gnu-toolchain/bin/../lib/gcc/avr/4.7.2/../../../../avr/lib/avr5\libm.a(floatsisf.o)
                                0x324 (size before relaxing)
 .stab          0x00001c98      0x1e0 d:/program files (x86)/atmel/atmel toolchain/avr8 gcc/native/3.4.2.1002/avr8-gnu-toolchain/bin/../lib/gcc/avr/4.7.2/../../../../avr/lib/avr5\libm.a(fp_cmp.o)
                                0x1ec (size before relaxing)
 .stab          0x00001e78       0x78 d:/program files (x86)/atmel/atmel toolchain/avr8 gcc/native/3.4.2.1002/avr8-gnu-toolchain/bin/../lib/gcc/avr/4.7.2/../../../../avr/lib/avr5\libm.a(fp_inf.o)
                                 0x84 (size before relaxing)
 .stab          0x00001ef0       0x54 d:/program files (x86)/atmel/atmel toolchain/avr8 gcc/native/3.4.2.1002/avr8-gnu-toolchain/bin/../lib/gcc/avr/4.7.2/../../../../avr/lib/avr5\libm.a(fp_nan.o)
                                 0x60 (size before relaxing)
 .stab          0x00001f44      0x1ec d:/program files (x86)/atmel/atmel toolchain/avr8 gcc/native/3.4.2.1002/avr8-gnu-toolchain/bin/../lib/gcc/avr/4.7.2/../../../../avr/lib/avr5\libm.a(fp_powser.o)
                                0x1f8 (size before relaxing)
 .stab          0x00002130       0x84 d:/program files (x86)/atmel/atmel toolchain/avr8 gcc/native/3.4.2.1002/avr8-gnu-toolchain/bin/../lib/gcc/avr/4.7.2/../../../../avr/lib/avr5\libm.a(fp_pscA.o)
                                 0x90 (size before relaxing)
 .stab          0x000021b4       0x84 d:/program files (x86)/atmel/atmel toolchain/avr8 gcc/native/3.4.2.1002/avr8-gnu-toolchain/bin/../lib/gcc/avr/4.7.2/../../../../avr/lib/avr5\libm.a(fp_pscB.o)
                                 0x90 (size before relaxing)
 .stab          0x00002238      0x21c d:/program files (x86)/atmel/atmel toolchain/avr8 gcc/native/3.4.2.1002/avr8-gnu-toolchain/bin/../lib/gcc/avr/4.7.2/../../../../avr/lib/avr5\libm.a(fp_rempio2.o)
                                0x228 (size before relaxing)
 .stab          0x00002454       0xfc d:/program files (x86)/atmel/atmel toolchain/avr8 gcc/native/3.4.2.1002/avr8-gnu-toolchain/bin/../lib/gcc/avr/4.7.2/../../../../avr/lib/avr5\libm.a(fp_round.o)
                                0x108 (size before relaxing)
 .stab          0x00002550       0xfc d:/program files (x86)/atmel/atmel toolchain/avr8 gcc/native/3.4.2.1002/avr8-gnu-toolchain/bin/../lib/gcc/avr/4.7.2/../../../../avr/lib/avr5\libm.a(fp_sinus.o)
                                0x108 (size before relaxing)
 .stab          0x0000264c      0x1d4 d:/program files (x86)/atmel/atmel toolchain/avr8 gcc/native/3.4.2.1002/avr8-gnu-toolchain/bin/../lib/gcc/avr/4.7.2/../../../../avr/lib/avr5\libm.a(fp_split3.o)
                                0x1e0 (size before relaxing)
 .stab          0x00002820       0x90 d:/program files (x86)/atmel/atmel toolchain/avr8 gcc/native/3.4.2.1002/avr8-gnu-toolchain/bin/../lib/gcc/avr/4.7.2/../../../../avr/lib/avr5\libm.a(fp_zero.o)
                                 0x9c (size before relaxing)
 .stab          0x000028b0       0x6c d:/program files (x86)/atmel/atmel toolchain/avr8 gcc/native/3.4.2.1002/avr8-gnu-toolchain/bin/../lib/gcc/avr/4.7.2/../../../../avr/lib/avr5\libm.a(gesf2.o)
                                 0x78 (size before relaxing)
 .stab          0x0000291c       0x84 d:/program files (x86)/atmel/atmel toolchain/avr8 gcc/native/3.4.2.1002/avr8-gnu-toolchain/bin/../lib/gcc/avr/4.7.2/../../../../avr/lib/avr5\libm.a(inverse.o)
                                 0x90 (size before relaxing)
 .stab          0x000029a0       0x48 d:/program files (x86)/atmel/atmel toolchain/avr8 gcc/native/3.4.2.1002/avr8-gnu-toolchain/bin/../lib/gcc/avr/4.7.2/../../../../avr/lib/avr5\libm.a(mulsf3.o)
                                 0x54 (size before relaxing)
 .stab          0x000029e8      0x4d4 d:/program files (x86)/atmel/atmel toolchain/avr8 gcc/native/3.4.2.1002/avr8-gnu-toolchain/bin/../lib/gcc/avr/4.7.2/../../../../avr/lib/avr5\libm.a(mulsf3x.o)
                                0x4e0 (size before relaxing)
 .stab          0x00002ebc       0x78 d:/program files (x86)/atmel/atmel toolchain/avr8 gcc/native/3.4.2.1002/avr8-gnu-toolchain/bin/../lib/gcc/avr/4.7.2/../../../../avr/lib/avr5\libm.a(sin.o)
                                 0x84 (size before relaxing)
 .stab          0x00002f34      0x354 d:/program files (x86)/atmel/atmel toolchain/avr8 gcc/native/3.4.2.1002/avr8-gnu-toolchain/bin/../lib/gcc/avr/4.7.2/../../../../avr/lib/avr5\libm.a(sqrt.o)
                                0x360 (size before relaxing)
 .stab          0x00003288       0x54 d:/program files (x86)/atmel/atmel toolchain/avr8 gcc/native/3.4.2.1002/avr8-gnu-toolchain/bin/../lib/gcc/avr/4.7.2/../../../../avr/lib/avr5\libm.a(square.o)
                                 0x60 (size before relaxing)
 .stab          0x000032dc       0xe4 d:/program files (x86)/atmel/atmel toolchain/avr8 gcc/native/3.4.2.1002/avr8-gnu-toolchain/bin/../lib/gcc/avr/4.7.2/../../../../avr/lib/avr5\libm.a(fp_mpack.o)
                                 0xf0 (size before relaxing)
 .stab          0x000033c0       0x84 d:/program files (x86)/atmel/atmel toolchain/avr8 gcc/native/3.4.2.1002/avr8-gnu-toolchain/bin/../lib/gcc/avr/4.7.2/../../../../avr/lib/avr5\libm.a(fp_norm2.o)
                                 0x90 (size before relaxing)
 .stab          0x00003444       0xfc d:/program files (x86)/atmel/atmel toolchain/avr8 gcc/native/3.4.2.1002/avr8-gnu-toolchain/bin/../lib/gcc/avr/4.7.2/../../../../avr/lib/avr5\libm.a(fp_powsodd.o)
                                0x108 (size before relaxing)
 .stab          0x00003540       0x84 d:/program files (x86)/atmel/atmel toolchain/avr8 gcc/native/3.4.2.1002/avr8-gnu-toolchain/bin/../lib/gcc/avr/4.7.2/../../../../avr/lib/avr5\libc.a(memcpy.o)
                                 0x90 (size before relaxing)
 .stab          0x000035c4       0x78 d:/program files (x86)/atmel/atmel toolchain/avr8 gcc/native/3.4.2.1002/avr8-gnu-toolchain/bin/../lib/gcc/avr/4.7.2/../../../../avr/lib/avr5\libc.a(eerd_dword_atmega32a.o)
                                 0x84 (size before relaxing)
 .stab          0x0000363c       0x78 d:/program files (x86)/atmel/atmel toolchain/avr8 gcc/native/3.4.2.1002/avr8-gnu-toolchain/bin/../lib/gcc/avr/4.7.2/../../../../avr/lib/avr5\libc.a(eewr_dword_atmega32a.o)
                                 0x84 (size before relaxing)
 .stab          0x000036b4       0x54 d:/program files (x86)/atmel/atmel toolchain/avr8 gcc/native/3.4.2.1002/avr8-gnu-toolchain/bin/../lib/gcc/avr/4.7.2/../../../../avr/lib/avr5\libc.a(eewr_word_atmega32a.o)
                                 0x60 (size before relaxing)
 .stab          0x00003708      0x108 d:/program files (x86)/atmel/atmel toolchain/avr8 gcc/native/3.4.2.1002/avr8-gnu-toolchain/bin/../lib/gcc/avr/4.7.2/../../../../avr/lib/avr5\libc.a(eerd_block_atmega32a.o)
                                0x114 (size before relaxing)
 .stab          0x00003810       0xd8 d:/program files (x86)/atmel/atmel toolchain/avr8 gcc/native/3.4.2.1002/avr8-gnu-toolchain/bin/../lib/gcc/avr/4.7.2/../../../../avr/lib/avr5\libc.a(eewr_byte_atmega32a.o)
                                 0xe4 (size before relaxing)

.stabstr        0x00000000     0x115c
 *(.stabstr)
 .stabstr       0x00000000     0x115c d:/program files (x86)/atmel/atmel toolchain/avr8 gcc/native/3.4.2.1002/avr8-gnu-toolchain/bin/../lib/gcc/avr/4.7.2/../../../../avr/lib/avr5/crtm32a.o

.stab.excl
 *(.stab.excl)

.stab.exclstr
 *(.stab.exclstr)

.stab.index
 *(.stab.index)

.stab.indexstr
 *(.stab.indexstr)

.comment        0x00000000       0x2f
 *(.comment)
 .comment       0x00000000       0x2f ADC.o
                                 0x30 (size before relaxing)
 .comment       0x00000000       0x30 ADXL345.o
 .comment       0x00000000       0x30 BMP085.o
 .comment       0x00000000       0x30 Filters.o
 .comment       0x00000000       0x30 GlobalConstants.o
 .comment       0x00000000       0x30 HCSR04.o
 .comment       0x00000000       0x30 HMC5883L.o
 .comment       0x00000000       0x30 i2c.o
 .comment       0x00000000       0x30 L3G4200D.o
 .comment       0x00000000       0x30 MeasureStack.o
 .comment       0x00000000       0x30 modbus/mb.o
 .comment       0x00000000       0x30 modbus/mbascii.o
 .comment       0x00000000       0x30 modbus/mbcrc.o
 .comment       0x00000000       0x30 modbus/mbfunccoils.o
 .comment       0x00000000       0x30 modbus/mbfuncdiag.o
 .comment       0x00000000       0x30 modbus/mbfuncdisc.o
 .comment       0x00000000       0x30 modbus/mbfuncholding.o
 .comment       0x00000000       0x30 modbus/mbfuncinput.o
 .comment       0x00000000       0x30 modbus/mbfuncother.o
 .comment       0x00000000       0x30 modbus/mbrtu.o
 .comment       0x00000000       0x30 modbus/mbtcp.o
 .comment       0x00000000       0x30 modbus/mbutils.o
 .comment       0x00000000       0x30 modbus/portevent.o
 .comment       0x00000000       0x30 modbus/portserial.o
 .comment       0x00000000       0x30 modbus/porttimer.o
 .comment       0x00000000       0x30 Motors.o
 .comment       0x00000000       0x30 Output.o
 .comment       0x00000000       0x30 Params.o
 .comment       0x00000000       0x30 main.o
 .comment       0x00000000       0x30 PIDs.o
 .comment       0x00000000       0x30 Radio.o
 .comment       0x00000000       0x30 SensorsPoll.o
 .comment       0x00000000       0x30 Timer0.o

.debug
 *(.debug)

.line
 *(.line)

.debug_srcinfo
 *(.debug_srcinfo)

.debug_sfnames
 *(.debug_sfnames)

.debug_aranges  0x00000000      0x668
 *(.debug_aranges)
 .debug_aranges
                0x00000000       0x28 ADC.o
 .debug_aranges
                0x00000028       0x28 ADXL345.o
 .debug_aranges
                0x00000050       0x48 BMP085.o
 .debug_aranges
                0x00000098       0x30 Filters.o
 .debug_aranges
                0x000000c8       0x18 GlobalConstants.o
 .debug_aranges
                0x000000e0       0x28 HCSR04.o
 .debug_aranges
                0x00000108       0x40 HMC5883L.o
 .debug_aranges
                0x00000148       0x20 i2c.o
 .debug_aranges
                0x00000168       0x30 L3G4200D.o
 .debug_aranges
                0x00000198       0x28 MeasureStack.o
 .debug_aranges
                0x000001c0       0x48 modbus/mb.o
 .debug_aranges
                0x00000208       0x68 modbus/mbascii.o
 .debug_aranges
                0x00000270       0x20 modbus/mbcrc.o
 .debug_aranges
                0x00000290       0x30 modbus/mbfunccoils.o
 .debug_aranges
                0x000002c0       0x18 modbus/mbfuncdiag.o
 .debug_aranges
                0x000002d8       0x20 modbus/mbfuncdisc.o
 .debug_aranges
                0x000002f8       0x38 modbus/mbfuncholding.o
 .debug_aranges
                0x00000330       0x20 modbus/mbfuncinput.o
 .debug_aranges
                0x00000350       0x28 modbus/mbfuncother.o
 .debug_aranges
                0x00000378       0x58 modbus/mbrtu.o
 .debug_aranges
                0x000003d0       0x18 modbus/mbtcp.o
 .debug_aranges
                0x000003e8       0x30 modbus/mbutils.o
 .debug_aranges
                0x00000418       0x30 modbus/portevent.o
 .debug_aranges
                0x00000448       0x48 modbus/portserial.o
 .debug_aranges
                0x00000490       0x38 modbus/porttimer.o
 .debug_aranges
                0x000004c8       0x30 Motors.o
 .debug_aranges
                0x000004f8       0x38 Output.o
 .debug_aranges
                0x00000530       0x40 Params.o
 .debug_aranges
                0x00000570       0x40 main.o
 .debug_aranges
                0x000005b0       0x38 PIDs.o
 .debug_aranges
                0x000005e8       0x28 Radio.o
 .debug_aranges
                0x00000610       0x38 SensorsPoll.o
 .debug_aranges
                0x00000648       0x20 Timer0.o

.debug_pubnames
 *(.debug_pubnames)

.debug_info     0x00000000     0x98d2
 *(.debug_info)
 .debug_info    0x00000000      0x2c2 ADC.o
 .debug_info    0x000002c2      0x6d9 ADXL345.o
 .debug_info    0x0000099b      0xefa BMP085.o
 .debug_info    0x00001895      0x1cb Filters.o
 .debug_info    0x00001a60       0xf1 GlobalConstants.o
 .debug_info    0x00001b51      0x3f7 HCSR04.o
 .debug_info    0x00001f48      0x93e HMC5883L.o
 .debug_info    0x00002886       0x9b i2c.o
 .debug_info    0x00002921      0x850 L3G4200D.o
 .debug_info    0x00003171      0x176 MeasureStack.o
 .debug_info    0x000032e7      0x716 modbus/mb.o
 .debug_info    0x000039fd      0x7ee modbus/mbascii.o
 .debug_info    0x000041eb      0x1ae modbus/mbcrc.o
 .debug_info    0x00004399      0x3cf modbus/mbfunccoils.o
 .debug_info    0x00004768       0x21 modbus/mbfuncdiag.o
 .debug_info    0x00004789      0x224 modbus/mbfuncdisc.o
 .debug_info    0x000049ad      0x4a0 modbus/mbfuncholding.o
 .debug_info    0x00004e4d      0x220 modbus/mbfuncinput.o
 .debug_info    0x0000506d      0x26e modbus/mbfuncother.o
 .debug_info    0x000052db      0x6b6 modbus/mbrtu.o
 .debug_info    0x00005991       0x6f modbus/mbtcp.o
 .debug_info    0x00005a00      0x28d modbus/mbutils.o
 .debug_info    0x00005c8d      0x15f modbus/portevent.o
 .debug_info    0x00005dec      0x4e4 modbus/portserial.o
 .debug_info    0x000062d0      0x14b modbus/porttimer.o
 .debug_info    0x0000641b      0x42e Motors.o
 .debug_info    0x00006849      0x3be Output.o
 .debug_info    0x00006c07      0x8fb Params.o
 .debug_info    0x00007502      0x92d main.o
 .debug_info    0x00007e2f      0x62a PIDs.o
 .debug_info    0x00008459      0x5ad Radio.o
 .debug_info    0x00008a06      0x8a2 SensorsPoll.o
 .debug_info    0x000092a8      0x62a Timer0.o
 *(.gnu.linkonce.wi.*)

.debug_abbrev   0x00000000     0x274c
 *(.debug_abbrev)
 .debug_abbrev  0x00000000       0xed ADC.o
 .debug_abbrev  0x000000ed      0x14e ADXL345.o
 .debug_abbrev  0x0000023b      0x1a6 BMP085.o
 .debug_abbrev  0x000003e1       0xa5 Filters.o
 .debug_abbrev  0x00000486       0x5f GlobalConstants.o
 .debug_abbrev  0x000004e5       0xed HCSR04.o
 .debug_abbrev  0x000005d2      0x21a HMC5883L.o
 .debug_abbrev  0x000007ec       0x65 i2c.o
 .debug_abbrev  0x00000851      0x164 L3G4200D.o
 .debug_abbrev  0x000009b5       0xe1 MeasureStack.o
 .debug_abbrev  0x00000a96      0x21e modbus/mb.o
 .debug_abbrev  0x00000cb4      0x240 modbus/mbascii.o
 .debug_abbrev  0x00000ef4       0xbb modbus/mbcrc.o
 .debug_abbrev  0x00000faf      0x109 modbus/mbfunccoils.o
 .debug_abbrev  0x000010b8       0x13 modbus/mbfuncdiag.o
 .debug_abbrev  0x000010cb       0xe8 modbus/mbfuncdisc.o
 .debug_abbrev  0x000011b3      0x104 modbus/mbfuncholding.o
 .debug_abbrev  0x000012b7       0xe8 modbus/mbfuncinput.o
 .debug_abbrev  0x0000139f       0xee modbus/mbfuncother.o
 .debug_abbrev  0x0000148d      0x1c7 modbus/mbrtu.o
 .debug_abbrev  0x00001654       0x29 modbus/mbtcp.o
 .debug_abbrev  0x0000167d       0xf4 modbus/mbutils.o
 .debug_abbrev  0x00001771       0xbe modbus/portevent.o
 .debug_abbrev  0x0000182f      0x14c modbus/portserial.o
 .debug_abbrev  0x0000197b       0xf9 modbus/porttimer.o
 .debug_abbrev  0x00001a74      0x105 Motors.o
 .debug_abbrev  0x00001b79       0xba Output.o
 .debug_abbrev  0x00001c33      0x29c Params.o
 .debug_abbrev  0x00001ecf      0x26d main.o
 .debug_abbrev  0x0000213c      0x17b PIDs.o
 .debug_abbrev  0x000022b7      0x11e Radio.o
 .debug_abbrev  0x000023d5      0x1e8 SensorsPoll.o
 .debug_abbrev  0x000025bd      0x18f Timer0.o

.debug_line     0x00000000     0x83f1
 *(.debug_line)
 .debug_line    0x00000000      0x4f7 ADC.o
 .debug_line    0x000004f7      0x539 ADXL345.o
 .debug_line    0x00000a30      0x652 BMP085.o
 .debug_line    0x00001082      0x1b6 Filters.o
 .debug_line    0x00001238      0x178 GlobalConstants.o
 .debug_line    0x000013b0      0x506 HCSR04.o
 .debug_line    0x000018b6      0x5a3 HMC5883L.o
 .debug_line    0x00001e59      0x324 i2c.o
 .debug_line    0x0000217d      0x57d L3G4200D.o
 .debug_line    0x000026fa      0x196 MeasureStack.o
 .debug_line    0x00002890      0x3f9 modbus/mb.o
 .debug_line    0x00002c89      0x467 modbus/mbascii.o
 .debug_line    0x000030f0      0x29d modbus/mbcrc.o
 .debug_line    0x0000338d      0x36d modbus/mbfunccoils.o
 .debug_line    0x000036fa       0x34 modbus/mbfuncdiag.o
 .debug_line    0x0000372e      0x2ff modbus/mbfuncdisc.o
 .debug_line    0x00003a2d      0x3a3 modbus/mbfuncholding.o
 .debug_line    0x00003dd0      0x2fb modbus/mbfuncinput.o
 .debug_line    0x000040cb      0x308 modbus/mbfuncother.o
 .debug_line    0x000043d3      0x3c6 modbus/mbrtu.o
 .debug_line    0x00004799      0x2ce modbus/mbtcp.o
 .debug_line    0x00004a67      0x308 modbus/mbutils.o
 .debug_line    0x00004d6f      0x2c4 modbus/portevent.o
 .debug_line    0x00005033      0x5b5 modbus/portserial.o
 .debug_line    0x000055e8      0x2de modbus/porttimer.o
 .debug_line    0x000058c6      0x520 Motors.o
 .debug_line    0x00005de6      0x520 Output.o
 .debug_line    0x00006306      0x5b9 Params.o
 .debug_line    0x000068bf      0x5d1 main.o
 .debug_line    0x00006e90      0x55a PIDs.o
 .debug_line    0x000073ea      0x529 Radio.o
 .debug_line    0x00007913      0x5c7 SensorsPoll.o
 .debug_line    0x00007eda      0x517 Timer0.o

.debug_frame    0x00000000     0x11a0
 *(.debug_frame)
 .debug_frame   0x00000000       0x7c ADC.o
 .debug_frame   0x0000007c       0x98 ADXL345.o
 .debug_frame   0x00000114       0xe0 BMP085.o
 .debug_frame   0x000001f4       0xfc Filters.o
 .debug_frame   0x000002f0       0xb8 HCSR04.o
 .debug_frame   0x000003a8       0xf4 HMC5883L.o
 .debug_frame   0x0000049c       0x24 i2c.o
 .debug_frame   0x000004c0       0x88 L3G4200D.o
 .debug_frame   0x00000548       0x4c MeasureStack.o
 .debug_frame   0x00000594       0xa0 modbus/mb.o
 .debug_frame   0x00000634       0xf4 modbus/mbascii.o
 .debug_frame   0x00000728       0x24 modbus/mbcrc.o
 .debug_frame   0x0000074c       0x70 modbus/mbfunccoils.o
 .debug_frame   0x000007bc       0x34 modbus/mbfuncdisc.o
 .debug_frame   0x000007f0       0x9c modbus/mbfuncholding.o
 .debug_frame   0x0000088c       0x38 modbus/mbfuncinput.o
 .debug_frame   0x000008c4       0x54 modbus/mbfuncother.o
 .debug_frame   0x00000918       0xf0 modbus/mbrtu.o
 .debug_frame   0x00000a08       0x50 modbus/mbutils.o
 .debug_frame   0x00000a58       0x44 modbus/portevent.o
 .debug_frame   0x00000a9c      0x110 modbus/portserial.o
 .debug_frame   0x00000bac       0x9c modbus/porttimer.o
 .debug_frame   0x00000c48       0xa0 Motors.o
 .debug_frame   0x00000ce8       0x54 Output.o
 .debug_frame   0x00000d3c      0x11c Params.o
 .debug_frame   0x00000e58       0x7c main.o
 .debug_frame   0x00000ed4      0x174 PIDs.o
 .debug_frame   0x00001048       0x34 Radio.o
 .debug_frame   0x0000107c       0xb8 SensorsPoll.o
 .debug_frame   0x00001134       0x6c Timer0.o

.debug_str      0x00000000     0x9748
 *(.debug_str)
 .debug_str     0x00000000     0x638c ADC.o
                               0x6567 (size before relaxing)
 .debug_str     0x0000638c       0xc9 ADXL345.o
                               0x6731 (size before relaxing)
 .debug_str     0x00006455       0x85 BMP085.o
                               0x6782 (size before relaxing)
 .debug_str     0x000064da       0x60 Filters.o
                               0x2058 (size before relaxing)
 .debug_str     0x0000653a       0x22 GlobalConstants.o
                               0x201a (size before relaxing)
 .debug_str     0x0000655c       0x5a HCSR04.o
                               0x674c (size before relaxing)
 .debug_str     0x000065b6       0x99 HMC5883L.o
                               0x679d (size before relaxing)
 .debug_str     0x0000664f       0x12 i2c.o
                               0x491a (size before relaxing)
 .debug_str     0x00006661       0x3a L3G4200D.o
                               0x673a (size before relaxing)
 .debug_str     0x0000669b       0x52 MeasureStack.o
                               0x203a (size before relaxing)
 .debug_str     0x000066ed      0xa33 modbus/mb.o
                               0x5829 (size before relaxing)
 .debug_str     0x00007120      0x369 modbus/mbascii.o
                               0x57ef (size before relaxing)
 .debug_str     0x00007489     0x1125 modbus/mbcrc.o
                               0x5ba0 (size before relaxing)
 .debug_str     0x000085ae      0x361 modbus/mbfunccoils.o
                               0x580b (size before relaxing)
 .debug_str     0x0000890f       0x17 modbus/mbfuncdiag.o
                               0x185f (size before relaxing)
 .debug_str     0x00008926       0xad modbus/mbfuncdisc.o
                               0x55db (size before relaxing)
 .debug_str     0x000089d3      0x40b modbus/mbfuncholding.o
                               0x5a14 (size before relaxing)
 .debug_str     0x00008dde       0x74 modbus/mbfuncinput.o
                               0x55ff (size before relaxing)
 .debug_str     0x00008e52       0x90 modbus/mbfuncother.o
                               0x5546 (size before relaxing)
 .debug_str     0x00008ee2      0x109 modbus/mbrtu.o
                               0x54dd (size before relaxing)
 .debug_str     0x00008feb       0x37 modbus/mbtcp.o
                               0x5364 (size before relaxing)
 .debug_str     0x00009022       0xa2 modbus/mbutils.o
                               0x52a0 (size before relaxing)
 .debug_str     0x000090c4       0x40 modbus/portevent.o
                               0x4c29 (size before relaxing)
 .debug_str     0x00009104       0x7e modbus/portserial.o
                               0x69be (size before relaxing)
 .debug_str     0x00009182       0xab modbus/porttimer.o
                               0x4c7b (size before relaxing)
 .debug_str     0x0000922d       0x4e Motors.o
                               0x674e (size before relaxing)
 .debug_str     0x0000927b       0x30 Output.o
                               0x6705 (size before relaxing)
 .debug_str     0x000092ab      0x2ff Params.o
                               0x6a90 (size before relaxing)
 .debug_str     0x000095aa       0x89 main.o
                               0x695f (size before relaxing)
 .debug_str     0x00009633       0x4e PIDs.o
                               0x69a3 (size before relaxing)
 .debug_str     0x00009681       0x4d Radio.o
                               0x6b22 (size before relaxing)
 .debug_str     0x000096ce       0x55 SensorsPoll.o
                               0x6ab6 (size before relaxing)
 .debug_str     0x00009723       0x25 Timer0.o
                               0x6a0a (size before relaxing)

.debug_loc      0x00000000     0x52a1
 *(.debug_loc)
 .debug_loc     0x00000000       0xcb ADC.o
 .debug_loc     0x000000cb      0x147 ADXL345.o
 .debug_loc     0x00000212      0x4bc BMP085.o
 .debug_loc     0x000006ce      0x453 Filters.o
 .debug_loc     0x00000b21      0x167 HCSR04.o
 .debug_loc     0x00000c88      0x511 HMC5883L.o
 .debug_loc     0x00001199       0x85 i2c.o
 .debug_loc     0x0000121e      0x14e L3G4200D.o
 .debug_loc     0x0000136c       0xe4 MeasureStack.o
 .debug_loc     0x00001450      0x52e modbus/mb.o
 .debug_loc     0x0000197e      0x603 modbus/mbascii.o
 .debug_loc     0x00001f81      0x1bb modbus/mbcrc.o
 .debug_loc     0x0000213c      0x64a modbus/mbfunccoils.o
 .debug_loc     0x00002786      0x23e modbus/mbfuncdisc.o
 .debug_loc     0x000029c4      0x8aa modbus/mbfuncholding.o
 .debug_loc     0x0000326e      0x23d modbus/mbfuncinput.o
 .debug_loc     0x000034ab      0x250 modbus/mbfuncother.o
 .debug_loc     0x000036fb      0x53e modbus/mbrtu.o
 .debug_loc     0x00003c39      0x2ec modbus/mbutils.o
 .debug_loc     0x00003f25       0x9f modbus/portevent.o
 .debug_loc     0x00003fc4      0x318 modbus/portserial.o
 .debug_loc     0x000042dc       0xf1 modbus/porttimer.o
 .debug_loc     0x000043cd      0x163 Motors.o
 .debug_loc     0x00004530      0x333 Params.o
 .debug_loc     0x00004863      0x34c main.o
 .debug_loc     0x00004baf      0x3a8 PIDs.o
 .debug_loc     0x00004f57       0x3a Radio.o
 .debug_loc     0x00004f91      0x200 SensorsPoll.o
 .debug_loc     0x00005191      0x110 Timer0.o

.debug_macinfo
 *(.debug_macinfo)

.debug_pubtypes
 *(.debug_pubtypes)

.debug_ranges   0x00000000      0x458
 *(.debug_ranges)
 .debug_ranges  0x00000000       0x18 ADC.o
 .debug_ranges  0x00000018       0x18 ADXL345.o
 .debug_ranges  0x00000030       0x38 BMP085.o
 .debug_ranges  0x00000068       0x20 Filters.o
 .debug_ranges  0x00000088       0x18 HCSR04.o
 .debug_ranges  0x000000a0       0x30 HMC5883L.o
 .debug_ranges  0x000000d0       0x10 i2c.o
 .debug_ranges  0x000000e0       0x20 L3G4200D.o
 .debug_ranges  0x00000100       0x18 MeasureStack.o
 .debug_ranges  0x00000118       0x38 modbus/mb.o
 .debug_ranges  0x00000150       0x58 modbus/mbascii.o
 .debug_ranges  0x000001a8       0x10 modbus/mbcrc.o
 .debug_ranges  0x000001b8       0x20 modbus/mbfunccoils.o
 .debug_ranges  0x000001d8       0x10 modbus/mbfuncdisc.o
 .debug_ranges  0x000001e8       0x28 modbus/mbfuncholding.o
 .debug_ranges  0x00000210       0x10 modbus/mbfuncinput.o
 .debug_ranges  0x00000220       0x18 modbus/mbfuncother.o
 .debug_ranges  0x00000238       0x48 modbus/mbrtu.o
 .debug_ranges  0x00000280       0x20 modbus/mbutils.o
 .debug_ranges  0x000002a0       0x20 modbus/portevent.o
 .debug_ranges  0x000002c0       0x38 modbus/portserial.o
 .debug_ranges  0x000002f8       0x28 modbus/porttimer.o
 .debug_ranges  0x00000320       0x20 Motors.o
 .debug_ranges  0x00000340       0x28 Output.o
 .debug_ranges  0x00000368       0x48 Params.o
 .debug_ranges  0x000003b0       0x30 main.o
 .debug_ranges  0x000003e0       0x28 PIDs.o
 .debug_ranges  0x00000408       0x18 Radio.o
 .debug_ranges  0x00000420       0x28 SensorsPoll.o
 .debug_ranges  0x00000448       0x10 Timer0.o

.debug_macro    0x00000000     0x55e7
 *(.debug_macro)
 .debug_macro   0x00000000      0x1d8 ADC.o
 .debug_macro   0x000001d8      0x5a4 ADC.o
 .debug_macro   0x0000077c       0x10 ADC.o
 .debug_macro   0x0000078c      0x1ad ADC.o
 .debug_macro   0x00000939      0x293 ADC.o
 .debug_macro   0x00000bcc       0x9e ADC.o
 .debug_macro   0x00000c6a      0xaf3 ADC.o
 .debug_macro   0x0000175d      0x171 ADC.o
 .debug_macro   0x000018ce       0xbd ADC.o
 .debug_macro   0x0000198b       0x34 ADC.o
 .debug_macro   0x000019bf       0x18 ADC.o
 .debug_macro   0x000019d7       0x6c ADC.o
 .debug_macro   0x00001a43       0x63 ADC.o
 .debug_macro   0x00001aa6       0x16 ADC.o
 .debug_macro   0x00001abc       0x22 ADC.o
 .debug_macro   0x00001ade       0x10 ADC.o
 .debug_macro   0x00001aee      0x16d ADC.o
 .debug_macro   0x00001c5b       0x88 ADC.o
 .debug_macro   0x00001ce3      0x16c ADC.o
 .debug_macro   0x00001e4f       0x3c ADC.o
 .debug_macro   0x00001e8b       0xe8 ADC.o
 .debug_macro   0x00001f73       0x52 ADC.o
 .debug_macro   0x00001fc5       0x7c ADC.o
 .debug_macro   0x00002041       0x10 ADC.o
 .debug_macro   0x00002051       0x40 ADC.o
 .debug_macro   0x00002091       0x10 ADC.o
 .debug_macro   0x000020a1       0x10 ADC.o
 .debug_macro   0x000020b1       0xee ADC.o
 .debug_macro   0x0000219f       0x34 ADC.o
 .debug_macro   0x000021d3      0x169 ADC.o
 .debug_macro   0x0000233c      0x1de ADXL345.o
 .debug_macro   0x0000251a       0x3a ADXL345.o
 .debug_macro   0x00002554       0x69 ADXL345.o
 .debug_macro   0x000025bd       0xe8 ADXL345.o
 .debug_macro   0x000026a5      0x1d8 BMP085.o
 .debug_macro   0x0000287d       0x47 Filters.o
 .debug_macro   0x000028c4       0x10 Filters.o
 .debug_macro   0x000028d4       0x37 GlobalConstants.o
 .debug_macro   0x0000290b      0x1d8 HCSR04.o
 .debug_macro   0x00002ae3      0x299 HCSR04.o
 .debug_macro   0x00002d7c      0x1df HMC5883L.o
 .debug_macro   0x00002f5b       0xb2 i2c.o
 .debug_macro   0x0000300d      0x1de L3G4200D.o
 .debug_macro   0x000031eb       0x3d MeasureStack.o
 .debug_macro   0x00003228      0x127 modbus/mb.o
 .debug_macro   0x0000334f       0x1c modbus/mb.o
 .debug_macro   0x0000336b      0x10e modbus/mb.o
 .debug_macro   0x00003479       0x51 modbus/mb.o
 .debug_macro   0x000034ca       0x16 modbus/mb.o
 .debug_macro   0x000034e0       0x20 modbus/mb.o
 .debug_macro   0x00003500       0x4c modbus/mb.o
 .debug_macro   0x0000354c       0x70 modbus/mb.o
 .debug_macro   0x000035bc       0x22 modbus/mb.o
 .debug_macro   0x000035de      0x141 modbus/mbascii.o
 .debug_macro   0x0000371f       0xb1 modbus/mbcrc.o
 .debug_macro   0x000037d0       0x10 modbus/mbcrc.o
 .debug_macro   0x000037e0       0x89 modbus/mbcrc.o
 .debug_macro   0x00003869       0xaa modbus/mbcrc.o
 .debug_macro   0x00003913       0xe0 modbus/mbcrc.o
 .debug_macro   0x000039f3      0x151 modbus/mbfunccoils.o
 .debug_macro   0x00003b44       0x11 modbus/mbfuncdiag.o
 .debug_macro   0x00003b55      0x11b modbus/mbfuncdisc.o
 .debug_macro   0x00003c70      0x17b modbus/mbfuncholding.o
 .debug_macro   0x00003deb      0x121 modbus/mbfuncinput.o
 .debug_macro   0x00003f0c      0x103 modbus/mbfuncother.o
 .debug_macro   0x0000400f      0x12c modbus/mbrtu.o
 .debug_macro   0x0000413b      0x10c modbus/mbtcp.o
 .debug_macro   0x00004247       0x10 modbus/mbtcp.o
 .debug_macro   0x00004257       0xf7 modbus/mbutils.o
 .debug_macro   0x0000434e       0xc2 modbus/portevent.o
 .debug_macro   0x00004410      0x20c modbus/portserial.o
 .debug_macro   0x0000461c       0x35 modbus/portserial.o
 .debug_macro   0x00004651       0xce modbus/porttimer.o
 .debug_macro   0x0000471f      0x1d2 Motors.o
 .debug_macro   0x000048f1      0x1cc Output.o
 .debug_macro   0x00004abd      0x1c8 Params.o
 .debug_macro   0x00004c85      0x1d8 main.o
 .debug_macro   0x00004e5d      0x1cc PIDs.o
 .debug_macro   0x00005029      0x1fa Radio.o
 .debug_macro   0x00005223      0x1d8 SensorsPoll.o
 .debug_macro   0x000053fb      0x1ec Timer0.o
OUTPUT(Quadro01.elf elf32-avr)
LOAD linker stubs
