Archive member included because of file (symbol)

d:/program files (x86)/atmel/atmel toolchain/avr8 gcc/native/3.4.2.1002/avr8-gnu-toolchain/bin/../lib/gcc/avr/4.7.2/../../../../avr/lib/avr5\libm.a(addsf3.o)
                              ADXL345.o (__subsf3)
d:/program files (x86)/atmel/atmel toolchain/avr8 gcc/native/3.4.2.1002/avr8-gnu-toolchain/bin/../lib/gcc/avr/4.7.2/../../../../avr/lib/avr5\libm.a(addsf3x.o)
                              d:/program files (x86)/atmel/atmel toolchain/avr8 gcc/native/3.4.2.1002/avr8-gnu-toolchain/bin/../lib/gcc/avr/4.7.2/../../../../avr/lib/avr5\libm.a(addsf3.o) (__addsf3x)
d:/program files (x86)/atmel/atmel toolchain/avr8 gcc/native/3.4.2.1002/avr8-gnu-toolchain/bin/../lib/gcc/avr/4.7.2/../../../../avr/lib/avr5\libm.a(atan2.o)
                              HMC5883L.o (atan2)
d:/program files (x86)/atmel/atmel toolchain/avr8 gcc/native/3.4.2.1002/avr8-gnu-toolchain/bin/../lib/gcc/avr/4.7.2/../../../../avr/lib/avr5\libm.a(atan.o)
                              d:/program files (x86)/atmel/atmel toolchain/avr8 gcc/native/3.4.2.1002/avr8-gnu-toolchain/bin/../lib/gcc/avr/4.7.2/../../../../avr/lib/avr5\libm.a(atan2.o) (atan)
d:/program files (x86)/atmel/atmel toolchain/avr8 gcc/native/3.4.2.1002/avr8-gnu-toolchain/bin/../lib/gcc/avr/4.7.2/../../../../avr/lib/avr5\libm.a(cmpsf2.o)
                              HMC5883L.o (__ltsf2)
d:/program files (x86)/atmel/atmel toolchain/avr8 gcc/native/3.4.2.1002/avr8-gnu-toolchain/bin/../lib/gcc/avr/4.7.2/../../../../avr/lib/avr5\libm.a(cos.o)
                              HMC5883L.o (cos)
d:/program files (x86)/atmel/atmel toolchain/avr8 gcc/native/3.4.2.1002/avr8-gnu-toolchain/bin/../lib/gcc/avr/4.7.2/../../../../avr/lib/avr5\libm.a(divsf3.o)
                              Butterworth.o (__divsf3)
d:/program files (x86)/atmel/atmel toolchain/avr8 gcc/native/3.4.2.1002/avr8-gnu-toolchain/bin/../lib/gcc/avr/4.7.2/../../../../avr/lib/avr5\libm.a(divsf3x.o)
                              d:/program files (x86)/atmel/atmel toolchain/avr8 gcc/native/3.4.2.1002/avr8-gnu-toolchain/bin/../lib/gcc/avr/4.7.2/../../../../avr/lib/avr5\libm.a(divsf3.o) (__divsf3x)
d:/program files (x86)/atmel/atmel toolchain/avr8 gcc/native/3.4.2.1002/avr8-gnu-toolchain/bin/../lib/gcc/avr/4.7.2/../../../../avr/lib/avr5\libm.a(fixunssfsi.o)
                              Motors.o (__fixunssfsi)
d:/program files (x86)/atmel/atmel toolchain/avr8 gcc/native/3.4.2.1002/avr8-gnu-toolchain/bin/../lib/gcc/avr/4.7.2/../../../../avr/lib/avr5\libm.a(floatsisf.o)
                              ADC.o (__floatunsisf)
d:/program files (x86)/atmel/atmel toolchain/avr8 gcc/native/3.4.2.1002/avr8-gnu-toolchain/bin/../lib/gcc/avr/4.7.2/../../../../avr/lib/avr5\libm.a(fp_cmp.o)
                              d:/program files (x86)/atmel/atmel toolchain/avr8 gcc/native/3.4.2.1002/avr8-gnu-toolchain/bin/../lib/gcc/avr/4.7.2/../../../../avr/lib/avr5\libm.a(cmpsf2.o) (__fp_cmp)
d:/program files (x86)/atmel/atmel toolchain/avr8 gcc/native/3.4.2.1002/avr8-gnu-toolchain/bin/../lib/gcc/avr/4.7.2/../../../../avr/lib/avr5\libm.a(fp_inf.o)
                              d:/program files (x86)/atmel/atmel toolchain/avr8 gcc/native/3.4.2.1002/avr8-gnu-toolchain/bin/../lib/gcc/avr/4.7.2/../../../../avr/lib/avr5\libm.a(addsf3x.o) (__fp_inf)
d:/program files (x86)/atmel/atmel toolchain/avr8 gcc/native/3.4.2.1002/avr8-gnu-toolchain/bin/../lib/gcc/avr/4.7.2/../../../../avr/lib/avr5\libm.a(fp_nan.o)
                              d:/program files (x86)/atmel/atmel toolchain/avr8 gcc/native/3.4.2.1002/avr8-gnu-toolchain/bin/../lib/gcc/avr/4.7.2/../../../../avr/lib/avr5\libm.a(addsf3x.o) (__fp_nan)
d:/program files (x86)/atmel/atmel toolchain/avr8 gcc/native/3.4.2.1002/avr8-gnu-toolchain/bin/../lib/gcc/avr/4.7.2/../../../../avr/lib/avr5\libm.a(fp_powser.o)
                              d:/program files (x86)/atmel/atmel toolchain/avr8 gcc/native/3.4.2.1002/avr8-gnu-toolchain/bin/../lib/gcc/avr/4.7.2/../../../../avr/lib/avr5\libm.a(atan.o) (__fp_powser)
d:/program files (x86)/atmel/atmel toolchain/avr8 gcc/native/3.4.2.1002/avr8-gnu-toolchain/bin/../lib/gcc/avr/4.7.2/../../../../avr/lib/avr5\libm.a(fp_pscA.o)
                              d:/program files (x86)/atmel/atmel toolchain/avr8 gcc/native/3.4.2.1002/avr8-gnu-toolchain/bin/../lib/gcc/avr/4.7.2/../../../../avr/lib/avr5\libm.a(addsf3x.o) (__fp_pscA)
d:/program files (x86)/atmel/atmel toolchain/avr8 gcc/native/3.4.2.1002/avr8-gnu-toolchain/bin/../lib/gcc/avr/4.7.2/../../../../avr/lib/avr5\libm.a(fp_pscB.o)
                              d:/program files (x86)/atmel/atmel toolchain/avr8 gcc/native/3.4.2.1002/avr8-gnu-toolchain/bin/../lib/gcc/avr/4.7.2/../../../../avr/lib/avr5\libm.a(addsf3x.o) (__fp_pscB)
d:/program files (x86)/atmel/atmel toolchain/avr8 gcc/native/3.4.2.1002/avr8-gnu-toolchain/bin/../lib/gcc/avr/4.7.2/../../../../avr/lib/avr5\libm.a(fp_rempio2.o)
[...]
Memory Configuration

Name             Origin             Length             Attributes
text             0x00000000         0x00020000         xr
data             0x00800060         0x0000ffa0         rw !x
eeprom           0x00810000         0x00010000         rw !x
fuse             0x00820000         0x00000400         rw !x
lock             0x00830000         0x00000400         rw !x
signature        0x00840000         0x00000400         rw !x
user_signatures  0x00850000         0x00000400         rw !x
*default*        0x00000000         0xffffffff

Linker script and memory map

LOAD d:/program files (x86)/atmel/atmel toolchain/avr8 gcc/native/3.4.2.1002/avr8-gnu-toolchain/bin/../lib/gcc/avr/4.7.2/../../../../avr/lib/avr5/crtm32a.o
LOAD ADC.o
LOAD ADXL345.o
LOAD BMP085.o
LOAD Butterworth.o
LOAD Filters.o
LOAD GlobalConstants.o
LOAD HCSR04.o
LOAD HMC5883L.o
LOAD i2c.o
LOAD L3G4200D.o
LOAD main.o
LOAD Motors.o
LOAD modbus/mb.o
LOAD modbus/mbascii.o
LOAD modbus/mbcrc.o
LOAD modbus/mbfunccoils.o
LOAD modbus/mbfuncdiag.o
LOAD modbus/mbfuncdisc.o
LOAD modbus/mbfuncholding.o
LOAD modbus/mbfuncinput.o
LOAD modbus/mbfuncother.o
LOAD modbus/mbrtu.o
LOAD modbus/mbtcp.o
LOAD modbus/mbutils.o
LOAD modbus/portevent.o
LOAD modbus/portserial.o
LOAD modbus/porttimer.o
LOAD Output.o
LOAD Params.o
LOAD PIDs.o
LOAD SensorsPoll.o
LOAD Timer0.o
START GROUP
LOAD d:/program files (x86)/atmel/atmel toolchain/avr8 gcc/native/3.4.2.1002/avr8-gnu-toolchain/bin/../lib/gcc/avr/4.7.2/../../../../avr/lib/avr5\libm.a
END GROUP
LOAD d:/program files (x86)/atmel/atmel toolchain/avr8 gcc/native/3.4.2.1002/avr8-gnu-toolchain/bin/../lib/gcc/avr/4.7.2/avr5\libgcc.a
LOAD d:/program files (x86)/atmel/atmel toolchain/avr8 gcc/native/3.4.2.1002/avr8-gnu-toolchain/bin/../lib/gcc/avr/4.7.2/../../../../avr/lib/avr5\libm.a
LOAD d:/program files (x86)/atmel/atmel toolchain/avr8 gcc/native/3.4.2.1002/avr8-gnu-toolchain/bin/../lib/gcc/avr/4.7.2/avr5\libgcc.a
LOAD d:/program files (x86)/atmel/atmel toolchain/avr8 gcc/native/3.4.2.1002/avr8-gnu-toolchain/bin/../lib/gcc/avr/4.7.2/../../../../avr/lib/avr5\libc.a
LOAD d:/program files (x86)/atmel/atmel toolchain/avr8 gcc/native/3.4.2.1002/avr8-gnu-toolchain/bin/../lib/gcc/avr/4.7.2/avr5\libgcc.a

.hash
 *(.hash)

.dynsym
 *(.dynsym)

.dynstr
 *(.dynstr)

.gnu.version
 *(.gnu.version)

.gnu.version_d
 *(.gnu.version_d)

.gnu.version_r
 *(.gnu.version_r)

.rel.init
 *(.rel.init)

.rela.init
 *(.rela.init)

.rel.text
 *(.rel.text)
 *(.rel.text.*)
 *(.rel.gnu.linkonce.t*)

.rela.text
 *(.rela.text)
 *(.rela.text.*)
 *(.rela.gnu.linkonce.t*)

.rel.fini
 *(.rel.fini)

.rela.fini
 *(.rela.fini)

.rel.rodata
 *(.rel.rodata)
 *(.rel.rodata.*)
 *(.rel.gnu.linkonce.r*)

.rela.rodata
 *(.rela.rodata)
 *(.rela.rodata.*)
 *(.rela.gnu.linkonce.r*)

.rel.data
 *(.rel.data)
 *(.rel.data.*)
 *(.rel.gnu.linkonce.d*)

.rela.data
 *(.rela.data)
 *(.rela.data.*)
 *(.rela.gnu.linkonce.d*)

.rel.ctors
 *(.rel.ctors)

.rela.ctors
 *(.rela.ctors)

.rel.dtors
 *(.rel.dtors)

.rela.dtors
 *(.rela.dtors)

.rel.got
 *(.rel.got)

.rela.got
 *(.rela.got)

.rel.bss
 *(.rel.bss)

.rela.bss
 *(.rela.bss)

.rel.plt
 *(.rel.plt)

.rela.plt
 *(.rela.plt)

.text           0x00000000     0x5eac
 *(.vectors)
 .vectors       0x00000000       0x54 d:/program files (x86)/atmel/atmel toolchain/avr8 gcc/native/3.4.2.1002/avr8-gnu-toolchain/bin/../lib/gcc/avr/4.7.2/../../../../avr/lib/avr5/crtm32a.o
                0x00000000                __vector_default
                0x00000000                __vectors
 *(.vectors)
 *(.progmem.gcc*)
 .progmem.gcc_fplib
                0x00000054       0x2d d:/program files (x86)/atmel/atmel toolchain/avr8 gcc/native/3.4.2.1002/avr8-gnu-toolchain/bin/../lib/gcc/avr/4.7.2/../../../../avr/lib/avr5\libm.a(atan.o)
 .progmem.gcc_fplib
                0x00000081       0x1e d:/program files (x86)/atmel/atmel toolchain/avr8 gcc/native/3.4.2.1002/avr8-gnu-toolchain/bin/../lib/gcc/avr/4.7.2/../../../../avr/lib/avr5\libm.a(fp_sinus.o)
 .progmem.gcc_fplib
                0x0000009f       0x23 d:/program files (x86)/atmel/atmel toolchain/avr8 gcc/native/3.4.2.1002/avr8-gnu-toolchain/bin/../lib/gcc/avr/4.7.2/../../../../avr/lib/avr5\libm.a(tan.o)
 *(.progmem*)
 .progmem.data.aucCRCHi
                0x000000c2      0x100 modbus/mbcrc.o
 .progmem.data.aucCRCLo
                0x000001c2      0x100 modbus/mbcrc.o
                0x000002c2                . = ALIGN (0x2)
                0x000002c2                __trampolines_start = .
 *(.trampolines)
 .trampolines   0x000002c2        0x0 linker stubs
 *(.trampolines*)
                0x000002c2                __trampolines_end = .
 *(.jumptables)
 *(.jumptables*)
 *(.lowtext)
 *(.lowtext*)
                0x000002c2                __ctors_start = .
 *(.ctors)
 .ctors         0x000002c2        0x2 Filters.o
                0x000002c4                __ctors_end = .
                0x000002c4                __dtors_start = .
 *(.dtors)
 .dtors         0x000002c4        0x2 Filters.o
                0x000002c6                __dtors_end = .
 SORT(*)(.ctors)
 SORT(*)(.dtors)
 *(.init0)
 .init0         0x000002c6        0x0 d:/program files (x86)/atmel/atmel toolchain/avr8 gcc/native/3.4.2.1002/avr8-gnu-toolchain/bin/../lib/gcc/avr/4.7.2/../../../../avr/lib/avr5/crtm32a.o
                0x000002c6                __init
 *(.init0)
 *(.init1)
 *(.init1)
 *(.init2)
 .init2         0x000002c6        0xc d:/program files (x86)/atmel/atmel toolchain/avr8 gcc/native/3.4.2.1002/avr8-gnu-toolchain/bin/../lib/gcc/avr/4.7.2/../../../../avr/lib/avr5/crtm32a.o
 *(.init2)
 *(.init3)
 *(.init3)
 *(.init4)
 .init4         0x000002d2       0x16 d:/program files (x86)/atmel/atmel toolchain/avr8 gcc/native/3.4.2.1002/avr8-gnu-toolchain/bin/../lib/gcc/avr/4.7.2/avr5\libgcc.a(_copy_data.o)
                0x000002d2                __do_copy_data
 .init4         0x000002e8       0x10 d:/program files (x86)/atmel/atmel toolchain/avr8 gcc/native/3.4.2.1002/avr8-gnu-toolchain/bin/../lib/gcc/avr/4.7.2/avr5\libgcc.a(_clear_bss.o)
                0x000002e8                __do_clear_bss
 *(.init4)
 *(.init5)
 *(.init5)
 *(.init6)
 .init6         0x000002f8       0x16 d:/program files (x86)/atmel/atmel toolchain/avr8 gcc/native/3.4.2.1002/avr8-gnu-toolchain/bin/../lib/gcc/avr/4.7.2/avr5\libgcc.a(_ctors.o)
                0x000002f8                __do_global_ctors
 *(.init6)
 *(.init7)
 *(.init7)
 *(.init8)
 *(.init8)
 *(.init9)
 .init9         0x0000030e        0x8 d:/program files (x86)/atmel/atmel toolchain/avr8 gcc/native/3.4.2.1002/avr8-gnu-toolchain/bin/../lib/gcc/avr/4.7.2/../../../../avr/lib/avr5/crtm32a.o
 *(.init9)
 *(.text)
 .text          0x00000316        0x4 d:/program files (x86)/atmel/atmel toolchain/avr8 gcc/native/3.4.2.1002/avr8-gnu-toolchain/bin/../lib/gcc/avr/4.7.2/../../../../avr/lib/avr5/crtm32a.o
                0x00000316                __vector_12
                0x00000316                __bad_interrupt
                0x00000316                __vector_6
                0x00000316                __vector_3
                0x00000316                __vector_17
                0x00000316                __vector_19
                0x00000316                __vector_5
                0x00000316                __vector_9
                0x00000316                __vector_2
                0x00000316                __vector_15
                0x00000316                __vector_10
                0x00000316                __vector_18
                0x00000316                __vector_20
                0x0000031a                . = ALIGN (0x2)
 *(.text.*)
 .text.__vector_16
                0x0000031a       0x90 ADC.o
                0x0000031a                __vector_16
 .text._Z8ADC_Initv
                0x000003aa        0xa ADC.o
                0x000003aa                _Z8ADC_Initv
 .text._Z12ADXL345_Pollv
                0x000003b4      0x1c4 ADXL345.o
                0x000003b4                _Z12ADXL345_Pollv
 .text._Z12ADXL345_Initv
                0x00000578       0x82 ADXL345.o
                0x00000578                _Z12ADXL345_Initv
 .text._Z17ADXL345_Calibratev
                0x000005fa      0x12c ADXL345.o
                0x000005fa                _Z17ADXL345_Calibratev
 .text._Z18BMP085_StartMeasUTv
                0x00000726       0x2e BMP085.o
                0x00000726                _Z18BMP085_StartMeasUTv
 .text._Z18BMP085_StartMeasUPv
                0x00000754       0x2e BMP085.o
                0x00000754                _Z18BMP085_StartMeasUPv
 .text._Z15BMP085_Get_Coefv
                0x00000782      0x346 BMP085.o
                0x00000782                _Z15BMP085_Get_Coefv
 .text._Z16BMP085_Calculatev
                0x00000ac8      0x4f0 BMP085.o
                0x00000ac8                _Z16BMP085_Calculatev
 .text._Z12BMP085_GetUPv
                0x00000fb8       0xfc BMP085.o
                0x00000fb8                _Z12BMP085_GetUPv
 .text._Z12BMP085_GetUTv
                0x000010b4       0x6e BMP085.o
                0x000010b4                _Z12BMP085_GetUTv
 .text._ZN11ButterworthC2Eff
                0x00001122      0x1a8 Butterworth.o
                0x00001122                _ZN11ButterworthC2Eff
                0x00001122                _ZN11ButterworthC1Eff
 .text._ZN11ButterworthC2Ev
                0x000012ca       0x46 Butterworth.o
                0x000012ca                _ZN11ButterworthC2Ev
                0x000012ca                _ZN11ButterworthC1Ev
 .text._ZN11ButterworthD2Ev
                0x00001310        0x2 Butterworth.o
                0x00001310                _ZN11ButterworthD1Ev
                0x00001310                _ZN11ButterworthD2Ev
 .text._ZN11Butterworth7getNextEf
                0x00001312      0x114 Butterworth.o
                0x00001312                _ZN11Butterworth7getNextEf
 .text._ZN11Butterworth14setFrequenciesEff
                0x00001426      0x1a8 Butterworth.o
                0x00001426                _ZN11Butterworth14setFrequenciesEff
 .text._Z41__static_initialization_and_destruction_0ii
                0x000015ce       0x5a Filters.o
 .text._Z10filterInitv
                0x00001628      0x122 Filters.o
                0x00001628                _Z10filterInitv
 .text._Z12filterUpdatev
                0x0000174a       0x76 Filters.o
                0x0000174a                _Z12filterUpdatev
 .text._Z13LowPassFilterfh
                0x000017c0       0x40 Filters.o
                0x000017c0                _Z13LowPassFilterfh
 .text._Z18ComplemetaryFilterfff
                0x00001800       0x76 Filters.o
                0x00001800                _Z18ComplemetaryFilterfff
 .text._GLOBAL__sub_I_but1
                0x00001876        0xe Filters.o
 .text._GLOBAL__sub_D_but1
                0x00001884        0xe Filters.o
 .text.__vector_1
                0x00001892       0xb0 HCSR04.o
                0x00001892                __vector_1
 .text._Z9INT0_Initv
                0x00001942        0xa HCSR04.o
                0x00001942                _Z9INT0_Initv
 .text._Z13HMC5883L_Initv
                0x0000194c       0x80 HMC5883L.o
                0x0000194c                _Z13HMC5883L_Initv
 .text._Z13HMC5883L_Pollv
                0x000019cc      0x140 HMC5883L.o
                0x000019cc                _Z13HMC5883L_Pollv
 .text._Z13Correction360f
                0x00001b0c       0x9e HMC5883L.o
                0x00001b0c                _Z13Correction360f
 .text._Z11Course_Calcv
                0x00001baa      0xa5a HMC5883L.o
                0x00001baa                _Z11Course_Calcv
 .text._Z13HMC5883L_Testh
                0x00002604       0x50 HMC5883L.o
                0x00002604                _Z13HMC5883L_Testh
 .text._Z3twih  0x00002654       0x40 i2c.o
                0x00002654                _Z3twih
 .text._Z13L3G4200D_Initv
                0x00002694       0xf4 L3G4200D.o
                0x00002694                _Z13L3G4200D_Initv
 .text._Z13L3G4200D_Pollv
                0x00002788      0x264 L3G4200D.o
                0x00002788                _Z13L3G4200D_Pollv
 .text._Z13L3G4200D_Testh
                0x000029ec       0x52 L3G4200D.o
                0x000029ec                _Z13L3G4200D_Testh
 .text.main     0x00002a3e       0xd2 main.o
                0x00002a3e                main
 .text.eMBRegInputCB
                0x00002b10       0x60 main.o
                0x00002b10                eMBRegInputCB
 .text.eMBRegHoldingCB
                0x00002b70       0xae main.o
                0x00002b70                eMBRegHoldingCB
 .text.eMBRegCoilsCB
                0x00002c1e        0x4 main.o
                0x00002c1e                eMBRegCoilsCB
 .text.eMBRegDiscreteCB
                0x00002c22        0x4 main.o
                0x00002c22                eMBRegDiscreteCB
 .text._Z9SetMotorsPf
                0x00002c26       0xa0 Motors.o
                0x00002c26                _Z9SetMotorsPf
 .text.__vector_7
                0x00002cc6       0x44 Motors.o
                0x00002cc6                __vector_7
 .text.__vector_8
                0x00002d0a       0x42 Motors.o
                0x00002d0a                __vector_8
 .text.eMBInit  0x00002d4c      0x128 modbus/mb.o
                0x00002d4c                eMBInit
 .text.eMBEnable
                0x00002e74       0x1e modbus/mb.o
                0x00002e74                eMBEnable
 .text.eMBPoll  0x00002e92      0x140 modbus/mb.o
                0x00002e92                eMBPoll
 .text.prvucMBBIN2CHAR
                0x00002fd2       0x18 modbus/mbascii.o
 .text.prvucMBLRC
                0x00002fea       0x20 modbus/mbascii.o
 .text.eMBASCIIInit
                0x0000300a       0x36 modbus/mbascii.o
                0x0000300a                eMBASCIIInit
 .text.eMBASCIIStart
                0x00003040       0x18 modbus/mbascii.o
                0x00003040                eMBASCIIStart
 .text.eMBASCIIStop
                0x00003058       0x12 modbus/mbascii.o
                0x00003058                eMBASCIIStop
 .text.eMBASCIIReceive
                0x0000306a       0x70 modbus/mbascii.o
                0x0000306a                eMBASCIIReceive
 .text.eMBASCIISend
                0x000030da       0x7a modbus/mbascii.o
                0x000030da                eMBASCIISend
 .text.xMBASCIIReceiveFSM
                0x00003154      0x14a modbus/mbascii.o
                0x00003154                xMBASCIIReceiveFSM
 .text.xMBASCIITransmitFSM
                0x0000329e      0x10c modbus/mbascii.o
                0x0000329e                xMBASCIITransmitFSM
 .text.xMBASCIITimerT1SExpired
                0x000033aa       0x16 modbus/mbascii.o
                0x000033aa                xMBASCIITimerT1SExpired
 .text.usMBCRC16
                0x000033c0       0x42 modbus/mbcrc.o
                0x000033c0                usMBCRC16
 .text.eMBFuncReadCoils
                0x00003402       0xce modbus/mbfunccoils.o
                0x00003402                eMBFuncReadCoils
 .text.eMBFuncWriteCoil
                0x000034d0       0x74 modbus/mbfunccoils.o
                0x000034d0                eMBFuncWriteCoil
 .text.eMBFuncWriteMultipleCoils
                0x00003544       0xac modbus/mbfunccoils.o
                0x00003544                eMBFuncWriteMultipleCoils
 .text.eMBFuncReadDiscreteInputs
                0x000035f0       0xcc modbus/mbfuncdisc.o
                0x000035f0                eMBFuncReadDiscreteInputs
 .text.eMBFuncWriteHoldingRegister
                0x000036bc       0x38 modbus/mbfuncholding.o
                0x000036bc                eMBFuncWriteHoldingRegister
 .text.eMBFuncWriteMultipleHoldingRegister
                0x000036f4       0x80 modbus/mbfuncholding.o
                0x000036f4                eMBFuncWriteMultipleHoldingRegister
 .text.eMBFuncReadHoldingRegister
                0x00003774       0xa0 modbus/mbfuncholding.o
                0x00003774                eMBFuncReadHoldingRegister
 .text.eMBFuncReadWriteMultipleHoldingRegister
                0x00003814      0x104 modbus/mbfuncholding.o
                0x00003814                eMBFuncReadWriteMultipleHoldingRegister
 .text.eMBFuncReadInputRegister
                0x00003918       0xaa modbus/mbfuncinput.o
                0x00003918                eMBFuncReadInputRegister
 .text.eMBFuncReportSlaveID
                0x000039c2       0x40 modbus/mbfuncother.o
                0x000039c2                eMBFuncReportSlaveID
 .text.eMBRTUInit
                0x00003a02       0x72 modbus/mbrtu.o
                0x00003a02                eMBRTUInit
 .text.eMBRTUStart
                0x00003a74       0x16 modbus/mbrtu.o
                0x00003a74                eMBRTUStart
 .text.eMBRTUStop
                0x00003a8a       0x12 modbus/mbrtu.o
                0x00003a8a                eMBRTUStop
 .text.eMBRTUReceive
                0x00003a9c       0x70 modbus/mbrtu.o
                0x00003a9c                eMBRTUReceive
 .text.eMBRTUSend
                0x00003b0c       0x98 modbus/mbrtu.o
                0x00003b0c                eMBRTUSend
 .text.xMBRTUReceiveFSM
                0x00003ba4       0xa4 modbus/mbrtu.o
                0x00003ba4                xMBRTUReceiveFSM
 .text.xMBRTUTransmitFSM
                0x00003c48       0x7c modbus/mbrtu.o
                0x00003c48                xMBRTUTransmitFSM
 .text.xMBRTUTimerT35Expired
                0x00003cc4       0x36 modbus/mbrtu.o
                0x00003cc4                xMBRTUTimerT35Expired
 .text.prveMBError2Exception
                0x00003cfa       0x1c modbus/mbutils.o
                0x00003cfa                prveMBError2Exception
 .text.xMBPortEventInit
                0x00003d16        0x8 modbus/portevent.o
                0x00003d16                xMBPortEventInit
 .text.xMBPortEventPost
                0x00003d1e        0xe modbus/portevent.o
                0x00003d1e                xMBPortEventPost
 .text.xMBPortEventGet
                0x00003d2c       0x1c modbus/portevent.o
                0x00003d2c                xMBPortEventGet
 .text.vMBPortSerialEnable
                0x00003d48       0x24 modbus/portserial.o
                0x00003d48                vMBPortSerialEnable
 .text.xMBPortSerialInit
                0x00003d6c       0x72 modbus/portserial.o
                0x00003d6c                xMBPortSerialInit
 .text.xMBPortSerialPutByte
                0x00003dde        0x6 modbus/portserial.o
                0x00003dde                xMBPortSerialPutByte
 .text.xMBPortSerialGetByte
                0x00003de4        0xa modbus/portserial.o
                0x00003de4                xMBPortSerialGetByte
 .text.__vector_14
                0x00003dee       0x4e modbus/portserial.o
                0x00003dee                __vector_14
 .text.__vector_13
                0x00003e3c       0x4e modbus/portserial.o
                0x00003e3c                __vector_13
 .text.xMBPortTimersInit
                0x00003e8a       0x36 modbus/porttimer.o
                0x00003e8a                xMBPortTimersInit
 .text.vMBPortTimersEnable
                0x00003ec0       0x22 modbus/porttimer.o
                0x00003ec0                vMBPortTimersEnable
 .text.vMBPortTimersDisable
                0x00003ee2       0x14 modbus/porttimer.o
                0x00003ee2                vMBPortTimersDisable
 .text.__vector_4
                0x00003ef6       0x50 modbus/porttimer.o
                0x00003ef6                __vector_4
 .text._Z6LED_Onh
                0x00003f46       0x18 Output.o
                0x00003f46                _Z6LED_Onh
 .text._Z7LED_Offh
                0x00003f5e       0x18 Output.o
                0x00003f5e                _Z7LED_Offh
 .text._Z8Sound_Onv
                0x00003f76        0x4 Output.o
                0x00003f76                _Z8Sound_Onv
 .text._Z9Sound_Offv
                0x00003f7a        0x4 Output.o
                0x00003f7a                _Z9Sound_Offv
 .text._Z12ModbusLoaderv
                0x00003f7e      0x342 Params.o
                0x00003f7e                _Z12ModbusLoaderv
 .text._Z16ModbusInitValuesv
                0x000042c0       0x64 Params.o
                0x000042c0                _Z16ModbusInitValuesv
 .text._Z15Uint32Comparrermmmm
                0x00004324       0x3e Params.o
                0x00004324                _Z15Uint32Comparrermmmm
 .text._Z18ModbusEEPROMLoaderv
                0x00004362      0x110 Params.o
                0x00004362                _Z18ModbusEEPROMLoaderv
 .text._Z11ModbusSaverv
                0x00004472      0x1d8 Params.o
                0x00004472                _Z11ModbusSaverv
 .text._Z6PID_Ozv
                0x0000464a      0x1c2 PIDs.o
                0x0000464a                _Z6PID_Ozv
 .text._Z6PID_Oxv
                0x0000480c      0x23a PIDs.o
                0x0000480c                _Z6PID_Oxv
 .text._Z6PID_Oyv
                0x00004a46      0x23a PIDs.o
                0x00004a46                _Z6PID_Oyv
 .text._Z7RunPIDsv
                0x00004c80       0x66 PIDs.o
                0x00004c80                _Z7RunPIDsv
 .text._Z11SensorsInitv
                0x00004ce6       0x54 SensorsPoll.o
                0x00004ce6                _Z11SensorsInitv
 .text._Z11SensorsPollv
                0x00004d3a      0x154 SensorsPoll.o
                0x00004d3a                _Z11SensorsPollv
 .text._Z12Angular_Calcv
                0x00004e8e      0x62e SensorsPoll.o
                0x00004e8e                _Z12Angular_Calcv
 .text._Z25Heading_displacement_calcff
                0x000054bc       0x8c SensorsPoll.o
                0x000054bc                _Z25Heading_displacement_calcff
 .text.__vector_11
                0x00005548      0x110 Timer0.o
                0x00005548                __vector_11
 .text.avr-libc.fplib
                0x00005658        0xa d:/program files (x86)/atmel/atmel toolchain/avr8 gcc/native/3.4.2.1002/avr8-gnu-toolchain/bin/../lib/gcc/avr/4.7.2/../../../../avr/lib/avr5\libm.a(addsf3.o)
                0x00005658                __subsf3
                0x0000565a                __addsf3
 .text.avr-libc.fplib
                0x00005662       0xc0 d:/program files (x86)/atmel/atmel toolchain/avr8 gcc/native/3.4.2.1002/avr8-gnu-toolchain/bin/../lib/gcc/avr/4.7.2/../../../../avr/lib/avr5\libm.a(addsf3x.o)
                0x0000567c                __addsf3x
 .text.avr-libc.fplib
                0x00005722       0x74 d:/program files (x86)/atmel/atmel toolchain/avr8 gcc/native/3.4.2.1002/avr8-gnu-toolchain/bin/../lib/gcc/avr/4.7.2/../../../../avr/lib/avr5\libm.a(atan2.o)
                0x00005740                atan2
 .text.avr-libc.fplib
                0x00005796       0x50 d:/program files (x86)/atmel/atmel toolchain/avr8 gcc/native/3.4.2.1002/avr8-gnu-toolchain/bin/../lib/gcc/avr/4.7.2/../../../../avr/lib/avr5\libm.a(atan.o)
                0x00005796                atan
 .text.avr-libc.fplib
                0x000057e6        0x8 d:/program files (x86)/atmel/atmel toolchain/avr8 gcc/native/3.4.2.1002/avr8-gnu-toolchain/bin/../lib/gcc/avr/4.7.2/../../../../avr/lib/avr5\libm.a(cmpsf2.o)
                0x000057e6                __nesf2
                0x000057e6                __eqsf2
                0x000057e6                __cmpsf2
                0x000057e6                __ltsf2
                0x000057e6                __lesf2
 .text.avr-libc.fplib
                0x000057ee        0x6 d:/program files (x86)/atmel/atmel toolchain/avr8 gcc/native/3.4.2.1002/avr8-gnu-toolchain/bin/../lib/gcc/avr/4.7.2/../../../../avr/lib/avr5\libm.a(cos.o)
                0x000057ee                cos
 .text.avr-libc.fplib
                0x000057f4        0x4 d:/program files (x86)/atmel/atmel toolchain/avr8 gcc/native/3.4.2.1002/avr8-gnu-toolchain/bin/../lib/gcc/avr/4.7.2/../../../../avr/lib/avr5\libm.a(divsf3.o)
                0x000057f4                __divsf3
 .text.avr-libc.fplib
                0x000057f8       0xcc d:/program files (x86)/atmel/atmel toolchain/avr8 gcc/native/3.4.2.1002/avr8-gnu-toolchain/bin/../lib/gcc/avr/4.7.2/../../../../avr/lib/avr5\libm.a(divsf3x.o)
                0x0000580e                __divsf3x
                0x00005812                __divsf3_pse
 .text.avr-libc.fplib
                0x000058c4       0x58 d:/program files (x86)/atmel/atmel toolchain/avr8 gcc/native/3.4.2.1002/avr8-gnu-toolchain/bin/../lib/gcc/avr/4.7.2/../../../../avr/lib/avr5\libm.a(fixunssfsi.o)
                0x000058c4                __fixunssfsi
 .text.avr-libc.fplib
                0x0000591c       0x7a d:/program files (x86)/atmel/atmel toolchain/avr8 gcc/native/3.4.2.1002/avr8-gnu-toolchain/bin/../lib/gcc/avr/4.7.2/../../../../avr/lib/avr5\libm.a(floatsisf.o)
                0x0000591c                __floatunsisf
                0x00005920                __floatsisf
 .text.avr-libc.fplib
                0x00005996       0x48 d:/program files (x86)/atmel/atmel toolchain/avr8 gcc/native/3.4.2.1002/avr8-gnu-toolchain/bin/../lib/gcc/avr/4.7.2/../../../../avr/lib/avr5\libm.a(fp_cmp.o)
                0x00005996                __fp_cmp
 .text.avr-libc.fplib
                0x000059de        0xc d:/program files (x86)/atmel/atmel toolchain/avr8 gcc/native/3.4.2.1002/avr8-gnu-toolchain/bin/../lib/gcc/avr/4.7.2/../../../../avr/lib/avr5\libm.a(fp_inf.o)
                0x000059de                __fp_inf
 .text.avr-libc.fplib
                0x000059ea        0x6 d:/program files (x86)/atmel/atmel toolchain/avr8 gcc/native/3.4.2.1002/avr8-gnu-toolchain/bin/../lib/gcc/avr/4.7.2/../../../../avr/lib/avr5\libm.a(fp_nan.o)
                0x000059ea                __fp_nan
 .text.avr-libc.fplib
                0x000059f0       0x4a d:/program files (x86)/atmel/atmel toolchain/avr8 gcc/native/3.4.2.1002/avr8-gnu-toolchain/bin/../lib/gcc/avr/4.7.2/../../../../avr/lib/avr5\libm.a(fp_powser.o)
                0x000059f0                __fp_powser
 .text.avr-libc.fplib
                0x00005a3a        0xe d:/program files (x86)/atmel/atmel toolchain/avr8 gcc/native/3.4.2.1002/avr8-gnu-toolchain/bin/../lib/gcc/avr/4.7.2/../../../../avr/lib/avr5\libm.a(fp_pscA.o)
                0x00005a3a                __fp_pscA
 .text.avr-libc.fplib
                0x00005a48        0xe d:/program files (x86)/atmel/atmel toolchain/avr8 gcc/native/3.4.2.1002/avr8-gnu-toolchain/bin/../lib/gcc/avr/4.7.2/../../../../avr/lib/avr5\libm.a(fp_pscB.o)
                0x00005a48                __fp_pscB
 .text.avr-libc.fplib
                0x00005a56       0x50 d:/program files (x86)/atmel/atmel toolchain/avr8 gcc/native/3.4.2.1002/avr8-gnu-toolchain/bin/../lib/gcc/avr/4.7.2/../../../../avr/lib/avr5\libm.a(fp_rempio2.o)
                0x00005a58                __fp_rempio2
 .text.avr-libc.fplib
                0x00005aa6       0x22 d:/program files (x86)/atmel/atmel toolchain/avr8 gcc/native/3.4.2.1002/avr8-gnu-toolchain/bin/../lib/gcc/avr/4.7.2/../../../../avr/lib/avr5\libm.a(fp_round.o)
                0x00005aa6                __fp_round
 .text.avr-libc.fplib
                0x00005ac8       0x22 d:/program files (x86)/atmel/atmel toolchain/avr8 gcc/native/3.4.2.1002/avr8-gnu-toolchain/bin/../lib/gcc/avr/4.7.2/../../../../avr/lib/avr5\libm.a(fp_sinus.o)
                0x00005ac8                __fp_sinus
 .text.avr-libc.fplib
                0x00005aea       0x44 d:/program files (x86)/atmel/atmel toolchain/avr8 gcc/native/3.4.2.1002/avr8-gnu-toolchain/bin/../lib/gcc/avr/4.7.2/../../../../avr/lib/avr5\libm.a(fp_split3.o)
                0x00005aea                __fp_split3
                0x00005afa                __fp_splitA
 .text.avr-libc.fplib
                0x00005b2e        0xe d:/program files (x86)/atmel/atmel toolchain/avr8 gcc/native/3.4.2.1002/avr8-gnu-toolchain/bin/../lib/gcc/avr/4.7.2/../../../../avr/lib/avr5\libm.a(fp_zero.o)
                0x00005b2e                __fp_zero
                0x00005b30                __fp_szero
 .text.avr-libc.fplib
                0x00005b3c        0x8 d:/program files (x86)/atmel/atmel toolchain/avr8 gcc/native/3.4.2.1002/avr8-gnu-toolchain/bin/../lib/gcc/avr/4.7.2/../../../../avr/lib/avr5\libm.a(gesf2.o)
                0x00005b3c                __gesf2
                0x00005b3c                __gtsf2
 .text.avr-libc.fplib
                0x00005b44        0xe d:/program files (x86)/atmel/atmel toolchain/avr8 gcc/native/3.4.2.1002/avr8-gnu-toolchain/bin/../lib/gcc/avr/4.7.2/../../../../avr/lib/avr5\libm.a(inverse.o)
                0x00005b44                inverse
 .text.avr-libc.fplib
                0x00005b52        0x4 d:/program files (x86)/atmel/atmel toolchain/avr8 gcc/native/3.4.2.1002/avr8-gnu-toolchain/bin/../lib/gcc/avr/4.7.2/../../../../avr/lib/avr5\libm.a(mulsf3.o)
                0x00005b52                __mulsf3
 .text.avr-libc.fplib
                0x00005b56       0xc2 d:/program files (x86)/atmel/atmel toolchain/avr8 gcc/native/3.4.2.1002/avr8-gnu-toolchain/bin/../lib/gcc/avr/4.7.2/../../../../avr/lib/avr5\libm.a(mulsf3x.o)
                0x00005b6a                __mulsf3x
                0x00005b6e                __mulsf3_pse
 .text.avr-libc.fplib
                0x00005c18        0xc d:/program files (x86)/atmel/atmel toolchain/avr8 gcc/native/3.4.2.1002/avr8-gnu-toolchain/bin/../lib/gcc/avr/4.7.2/../../../../avr/lib/avr5\libm.a(sin.o)
                0x00005c18                sin
 .text.avr-libc.fplib
                0x00005c24       0x84 d:/program files (x86)/atmel/atmel toolchain/avr8 gcc/native/3.4.2.1002/avr8-gnu-toolchain/bin/../lib/gcc/avr/4.7.2/../../../../avr/lib/avr5\libm.a(sqrt.o)
                0x00005c2c                sqrt
 .text.avr-libc.fplib
                0x00005ca8        0x6 d:/program files (x86)/atmel/atmel toolchain/avr8 gcc/native/3.4.2.1002/avr8-gnu-toolchain/bin/../lib/gcc/avr/4.7.2/../../../../avr/lib/avr5\libm.a(square.o)
                0x00005ca8                square
 .text.avr-libc.fplib
                0x00005cae       0x40 d:/program files (x86)/atmel/atmel toolchain/avr8 gcc/native/3.4.2.1002/avr8-gnu-toolchain/bin/../lib/gcc/avr/4.7.2/../../../../avr/lib/avr5\libm.a(tan.o)
                0x00005cae                tan
 .text.avr-libc.fplib
                0x00005cee       0x1c d:/program files (x86)/atmel/atmel toolchain/avr8 gcc/native/3.4.2.1002/avr8-gnu-toolchain/bin/../lib/gcc/avr/4.7.2/../../../../avr/lib/avr5\libm.a(fp_mpack.o)
                0x00005cee                __fp_mpack
                0x00005cf2                __fp_mpack_finite
 .text.avr-libc.fplib
                0x00005d0a        0xe d:/program files (x86)/atmel/atmel toolchain/avr8 gcc/native/3.4.2.1002/avr8-gnu-toolchain/bin/../lib/gcc/avr/4.7.2/../../../../avr/lib/avr5\libm.a(fp_norm2.o)
                0x00005d0a                __fp_norm2
 .text.avr-libc.fplib
                0x00005d18       0x22 d:/program files (x86)/atmel/atmel toolchain/avr8 gcc/native/3.4.2.1002/avr8-gnu-toolchain/bin/../lib/gcc/avr/4.7.2/../../../../avr/lib/avr5\libm.a(fp_powsodd.o)
                0x00005d18                __fp_powsodd
 .text.libgcc.mul
                0x00005d3a       0x20 d:/program files (x86)/atmel/atmel toolchain/avr8 gcc/native/3.4.2.1002/avr8-gnu-toolchain/bin/../lib/gcc/avr/4.7.2/avr5\libgcc.a(_mulsi3.o)
                0x00005d3a                __mulsi3
 .text.libgcc.div
                0x00005d5a       0x44 d:/program files (x86)/atmel/atmel toolchain/avr8 gcc/native/3.4.2.1002/avr8-gnu-toolchain/bin/../lib/gcc/avr/4.7.2/avr5\libgcc.a(_udivmodsi4.o)
                0x00005d5a                __udivmodsi4
 .text.libgcc.div
                0x00005d9e       0x38 d:/program files (x86)/atmel/atmel toolchain/avr8 gcc/native/3.4.2.1002/avr8-gnu-toolchain/bin/../lib/gcc/avr/4.7.2/avr5\libgcc.a(_divmodsi4.o)
                0x00005d9e                __divmodsi4
 .text.libgcc.mul
                0x00005dd6       0x18 d:/program files (x86)/atmel/atmel toolchain/avr8 gcc/native/3.4.2.1002/avr8-gnu-toolchain/bin/../lib/gcc/avr/4.7.2/avr5\libgcc.a(_umulhisi3.o)
                0x00005dd6                __umulhisi3
 .text.libgcc.mul
                0x00005dee       0x16 d:/program files (x86)/atmel/atmel toolchain/avr8 gcc/native/3.4.2.1002/avr8-gnu-toolchain/bin/../lib/gcc/avr/4.7.2/avr5\libgcc.a(_muluhisi3.o)
                0x00005dee                __muluhisi3
 .text.libgcc.mul
                0x00005e04       0x10 d:/program files (x86)/atmel/atmel toolchain/avr8 gcc/native/3.4.2.1002/avr8-gnu-toolchain/bin/../lib/gcc/avr/4.7.2/avr5\libgcc.a(_mulshisi3.o)
                0x00005e04                __mulshisi3
                0x00005e0a                __mulohisi3
 .text.libgcc   0x00005e14        0xc d:/program files (x86)/atmel/atmel toolchain/avr8 gcc/native/3.4.2.1002/avr8-gnu-toolchain/bin/../lib/gcc/avr/4.7.2/avr5\libgcc.a(_tablejump.o)
                0x00005e14                __tablejump2__
                0x00005e18                __tablejump__
 .text.avr-libc
                0x00005e20       0x12 d:/program files (x86)/atmel/atmel toolchain/avr8 gcc/native/3.4.2.1002/avr8-gnu-toolchain/bin/../lib/gcc/avr/4.7.2/../../../../avr/lib/avr5\libc.a(memcpy.o)
                0x00005e20                memcpy
 .text.avr-libc
                0x00005e32        0xc d:/program files (x86)/atmel/atmel toolchain/avr8 gcc/native/3.4.2.1002/avr8-gnu-toolchain/bin/../lib/gcc/avr/4.7.2/../../../../avr/lib/avr5\libc.a(eerd_dword_atmega32a.o)
                0x00005e32                __eerd_float_m32a
                0x00005e32                __eerd_dword_m32a
 .text.avr-libc
                0x00005e3e       0x10 d:/program files (x86)/atmel/atmel toolchain/avr8 gcc/native/3.4.2.1002/avr8-gnu-toolchain/bin/../lib/gcc/avr/4.7.2/../../../../avr/lib/avr5\libc.a(eewr_dword_atmega32a.o)
                0x00005e3e                __eewr_dword_m32a
                0x00005e3e                __eewr_float_m32a
 .text.avr-libc
                0x00005e4e        0xa d:/program files (x86)/atmel/atmel toolchain/avr8 gcc/native/3.4.2.1002/avr8-gnu-toolchain/bin/../lib/gcc/avr/4.7.2/../../../../avr/lib/avr5\libc.a(eewr_word_atmega32a.o)
                0x00005e4e                __eewr_word_m32a
 .text.avr-libc
                0x00005e58       0x20 d:/program files (x86)/atmel/atmel toolchain/avr8 gcc/native/3.4.2.1002/avr8-gnu-toolchain/bin/../lib/gcc/avr/4.7.2/../../../../avr/lib/avr5\libc.a(eerd_block_atmega32a.o)
                0x00005e58                __eerd_block_m32a
                0x00005e5c                __eerd_blraw_m32a
 .text.avr-libc
                0x00005e78       0x1a d:/program files (x86)/atmel/atmel toolchain/avr8 gcc/native/3.4.2.1002/avr8-gnu-toolchain/bin/../lib/gcc/avr/4.7.2/../../../../avr/lib/avr5\libc.a(eewr_byte_atmega32a.o)
                0x00005e78                __eewr_byte_m32a
                0x00005e7a                __eewr_r18_m32a
                0x00005e92                . = ALIGN (0x2)
 *(.fini9)
 .fini9         0x00005e92        0x0 d:/program files (x86)/atmel/atmel toolchain/avr8 gcc/native/3.4.2.1002/avr8-gnu-toolchain/bin/../lib/gcc/avr/4.7.2/avr5\libgcc.a(_exit.o)
                0x00005e92                _exit
                0x00005e92                exit
 *(.fini9)
 *(.fini8)
 *(.fini8)
 *(.fini7)
 *(.fini7)
 *(.fini6)
 .fini6         0x00005e92       0x16 d:/program files (x86)/atmel/atmel toolchain/avr8 gcc/native/3.4.2.1002/avr8-gnu-toolchain/bin/../lib/gcc/avr/4.7.2/avr5\libgcc.a(_dtors.o)
                0x00005e92                __do_global_dtors
 *(.fini6)
 *(.fini5)
 *(.fini5)
 *(.fini4)
 *(.fini4)
 *(.fini3)
 *(.fini3)
 *(.fini2)
 *(.fini2)
 *(.fini1)
 *(.fini1)
 *(.fini0)
 .fini0         0x00005ea8        0x4 d:/program files (x86)/atmel/atmel toolchain/avr8 gcc/native/3.4.2.1002/avr8-gnu-toolchain/bin/../lib/gcc/avr/4.7.2/avr5\libgcc.a(_exit.o)
 *(.fini0)
                0x00005eac                _etext = .

.data           0x00800060       0x40 load address 0x00005eac
                0x00800060                PROVIDE (__data_start, .)
 *(.data)
 .data          0x00800060        0x0 d:/program files (x86)/atmel/atmel toolchain/avr8 gcc/native/3.4.2.1002/avr8-gnu-toolchain/bin/../lib/gcc/avr/4.7.2/../../../../avr/lib/avr5/crtm32a.o
 .data          0x00800060        0x0 ADC.o
 .data          0x00800060        0x0 ADXL345.o
 .data          0x00800060        0x0 BMP085.o
 .data          0x00800060        0x0 Butterworth.o
 .data          0x00800060        0x0 Filters.o
 .data          0x00800060        0x0 GlobalConstants.o
 .data          0x00800060        0x0 HCSR04.o
 .data          0x00800060        0x0 HMC5883L.o
 .data          0x00800060        0x0 i2c.o
 .data          0x00800060        0x0 L3G4200D.o
 .data          0x00800060        0x0 main.o
 .data          0x00800060        0x0 Motors.o
 .data          0x00800060        0x0 modbus/mb.o
 .data          0x00800060        0x0 modbus/mbascii.o
 .data          0x00800060        0x0 modbus/mbcrc.o
 .data          0x00800060        0x0 modbus/mbfunccoils.o
 .data          0x00800060        0x0 modbus/mbfuncdiag.o
 .data          0x00800060        0x0 modbus/mbfuncdisc.o
 .data          0x00800060        0x0 modbus/mbfuncholding.o
 .data          0x00800060        0x0 modbus/mbfuncinput.o
 .data          0x00800060        0x0 modbus/mbfuncother.o
 .data          0x00800060        0x0 modbus/mbrtu.o
 .data          0x00800060        0x0 modbus/mbtcp.o
 .data          0x00800060        0x0 modbus/mbutils.o
 .data          0x00800060        0x0 modbus/portevent.o
 .data          0x00800060        0x0 modbus/portserial.o
 .data          0x00800060        0x0 modbus/porttimer.o
 .data          0x00800060        0x0 Output.o
 .data          0x00800060        0x0 Params.o
 .data          0x00800060        0x0 PIDs.o
 .data          0x00800060        0x0 SensorsPoll.o
 .data          0x00800060        0x0 Timer0.o
 .data          0x00800060        0x0 d:/program files (x86)/atmel/atmel toolchain/avr8 gcc/native/3.4.2.1002/avr8-gnu-toolchain/bin/../lib/gcc/avr/4.7.2/../../../../avr/lib/avr5\libm.a(addsf3.o)
 .data          0x00800060        0x0 d:/program files (x86)/atmel/atmel toolchain/avr8 gcc/native/3.4.2.1002/avr8-gnu-toolchain/bin/../lib/gcc/avr/4.7.2/../../../../avr/lib/avr5\libm.a(addsf3x.o)
 .data          0x00800060        0x0 d:/program files (x86)/atmel/atmel toolchain/avr8 gcc/native/3.4.2.1002/avr8-gnu-toolchain/bin/../lib/gcc/avr/4.7.2/../../../../avr/lib/avr5\libm.a(atan2.o)
 .data          0x00800060        0x0 d:/program files (x86)/atmel/atmel toolchain/avr8 gcc/native/3.4.2.1002/avr8-gnu-toolchain/bin/../lib/gcc/avr/4.7.2/../../../../avr/lib/avr5\libm.a(atan.o)
 .data          0x00800060        0x0 d:/program files (x86)/atmel/atmel toolchain/avr8 gcc/native/3.4.2.1002/avr8-gnu-toolchain/bin/../lib/gcc/avr/4.7.2/../../../../avr/lib/avr5\libm.a(cmpsf2.o)
 .data          0x00800060        0x0 d:/program files (x86)/atmel/atmel toolchain/avr8 gcc/native/3.4.2.1002/avr8-gnu-toolchain/bin/../lib/gcc/avr/4.7.2/../../../../avr/lib/avr5\libm.a(cos.o)
 .data          0x00800060        0x0 d:/program files (x86)/atmel/atmel toolchain/avr8 gcc/native/3.4.2.1002/avr8-gnu-toolchain/bin/../lib/gcc/avr/4.7.2/../../../../avr/lib/avr5\libm.a(divsf3.o)
 .data          0x00800060        0x0 d:/program files (x86)/atmel/atmel toolchain/avr8 gcc/native/3.4.2.1002/avr8-gnu-toolchain/bin/../lib/gcc/avr/4.7.2/../../../../avr/lib/avr5\libm.a(divsf3x.o)
 .data          0x00800060        0x0 d:/program files (x86)/atmel/atmel toolchain/avr8 gcc/native/3.4.2.1002/avr8-gnu-toolchain/bin/../lib/gcc/avr/4.7.2/../../../../avr/lib/avr5\libm.a(fixunssfsi.o)
 .data          0x00800060        0x0 d:/program files (x86)/atmel/atmel toolchain/avr8 gcc/native/3.4.2.1002/avr8-gnu-toolchain/bin/../lib/gcc/avr/4.7.2/../../../../avr/lib/avr5\libm.a(floatsisf.o)
 .data          0x00800060        0x0 d:/program files (x86)/atmel/atmel toolchain/avr8 gcc/native/3.4.2.1002/avr8-gnu-toolchain/bin/../lib/gcc/avr/4.7.2/../../../../avr/lib/avr5\libm.a(fp_cmp.o)
 .data          0x00800060        0x0 d:/program files (x86)/atmel/atmel toolchain/avr8 gcc/native/3.4.2.1002/avr8-gnu-toolchain/bin/../lib/gcc/avr/4.7.2/../../../../avr/lib/avr5\libm.a(fp_inf.o)
 .data          0x00800060        0x0 d:/program files (x86)/atmel/atmel toolchain/avr8 gcc/native/3.4.2.1002/avr8-gnu-toolchain/bin/../lib/gcc/avr/4.7.2/../../../../avr/lib/avr5\libm.a(fp_nan.o)
 .data          0x00800060        0x0 d:/program files (x86)/atmel/atmel toolchain/avr8 gcc/native/3.4.2.1002/avr8-gnu-toolchain/bin/../lib/gcc/avr/4.7.2/../../../../avr/lib/avr5\libm.a(fp_powser.o)
 .data          0x00800060        0x0 d:/program files (x86)/atmel/atmel toolchain/avr8 gcc/native/3.4.2.1002/avr8-gnu-toolchain/bin/../lib/gcc/avr/4.7.2/../../../../avr/lib/avr5\libm.a(fp_pscA.o)
 .data          0x00800060        0x0 d:/program files (x86)/atmel/atmel toolchain/avr8 gcc/native/3.4.2.1002/avr8-gnu-toolchain/bin/../lib/gcc/avr/4.7.2/../../../../avr/lib/avr5\libm.a(fp_pscB.o)
 .data          0x00800060        0x0 d:/program files (x86)/atmel/atmel toolchain/avr8 gcc/native/3.4.2.1002/avr8-gnu-toolchain/bin/../lib/gcc/avr/4.7.2/../../../../avr/lib/avr5\libm.a(fp_rempio2.o)
 .data          0x00800060        0x0 d:/program files (x86)/atmel/atmel toolchain/avr8 gcc/native/3.4.2.1002/avr8-gnu-toolchain/bin/../lib/gcc/avr/4.7.2/../../../../avr/lib/avr5\libm.a(fp_round.o)
 .data          0x00800060        0x0 d:/program files (x86)/atmel/atmel toolchain/avr8 gcc/native/3.4.2.1002/avr8-gnu-toolchain/bin/../lib/gcc/avr/4.7.2/../../../../avr/lib/avr5\libm.a(fp_sinus.o)
 .data          0x00800060        0x0 d:/program files (x86)/atmel/atmel toolchain/avr8 gcc/native/3.4.2.1002/avr8-gnu-toolchain/bin/../lib/gcc/avr/4.7.2/../../../../avr/lib/avr5\libm.a(fp_split3.o)
 .data          0x00800060        0x0 d:/program files (x86)/atmel/atmel toolchain/avr8 gcc/native/3.4.2.1002/avr8-gnu-toolchain/bin/../lib/gcc/avr/4.7.2/../../../../avr/lib/avr5\libm.a(fp_zero.o)
 .data          0x00800060        0x0 d:/program files (x86)/atmel/atmel toolchain/avr8 gcc/native/3.4.2.1002/avr8-gnu-toolchain/bin/../lib/gcc/avr/4.7.2/../../../../avr/lib/avr5\libm.a(gesf2.o)
 .data          0x00800060        0x0 d:/program files (x86)/atmel/atmel toolchain/avr8 gcc/native/3.4.2.1002/avr8-gnu-toolchain/bin/../lib/gcc/avr/4.7.2/../../../../avr/lib/avr5\libm.a(inverse.o)
 .data          0x00800060        0x0 d:/program files (x86)/atmel/atmel toolchain/avr8 gcc/native/3.4.2.1002/avr8-gnu-toolchain/bin/../lib/gcc/avr/4.7.2/../../../../avr/lib/avr5\libm.a(mulsf3.o)
 .data          0x00800060        0x0 d:/program files (x86)/atmel/atmel toolchain/avr8 gcc/native/3.4.2.1002/avr8-gnu-toolchain/bin/../lib/gcc/avr/4.7.2/../../../../avr/lib/avr5\libm.a(mulsf3x.o)
 .data          0x00800060        0x0 d:/program files (x86)/atmel/atmel toolchain/avr8 gcc/native/3.4.2.1002/avr8-gnu-toolchain/bin/../lib/gcc/avr/4.7.2/../../../../avr/lib/avr5\libm.a(sin.o)
 .data          0x00800060        0x0 d:/program files (x86)/atmel/atmel toolchain/avr8 gcc/native/3.4.2.1002/avr8-gnu-toolchain/bin/../lib/gcc/avr/4.7.2/../../../../avr/lib/avr5\libm.a(sqrt.o)
 .data          0x00800060        0x0 d:/program files (x86)/atmel/atmel toolchain/avr8 gcc/native/3.4.2.1002/avr8-gnu-toolchain/bin/../lib/gcc/avr/4.7.2/../../../../avr/lib/avr5\libm.a(square.o)
 .data          0x00800060        0x0 d:/program files (x86)/atmel/atmel toolchain/avr8 gcc/native/3.4.2.1002/avr8-gnu-toolchain/bin/../lib/gcc/avr/4.7.2/../../../../avr/lib/avr5\libm.a(tan.o)
 .data          0x00800060        0x0 d:/program files (x86)/atmel/atmel toolchain/avr8 gcc/native/3.4.2.1002/avr8-gnu-toolchain/bin/../lib/gcc/avr/4.7.2/../../../../avr/lib/avr5\libm.a(fp_mpack.o)
 .data          0x00800060        0x0 d:/program files (x86)/atmel/atmel toolchain/avr8 gcc/native/3.4.2.1002/avr8-gnu-toolchain/bin/../lib/gcc/avr/4.7.2/../../../../avr/lib/avr5\libm.a(fp_norm2.o)
 .data          0x00800060        0x0 d:/program files (x86)/atmel/atmel toolchain/avr8 gcc/native/3.4.2.1002/avr8-gnu-toolchain/bin/../lib/gcc/avr/4.7.2/../../../../avr/lib/avr5\libm.a(fp_powsodd.o)
 .data          0x00800060        0x0 d:/program files (x86)/atmel/atmel toolchain/avr8 gcc/native/3.4.2.1002/avr8-gnu-toolchain/bin/../lib/gcc/avr/4.7.2/avr5\libgcc.a(_mulsi3.o)
 .data          0x00800060        0x0 d:/program files (x86)/atmel/atmel toolchain/avr8 gcc/native/3.4.2.1002/avr8-gnu-toolchain/bin/../lib/gcc/avr/4.7.2/avr5\libgcc.a(_udivmodsi4.o)
 .data          0x00800060        0x0 d:/program files (x86)/atmel/atmel toolchain/avr8 gcc/native/3.4.2.1002/avr8-gnu-toolchain/bin/../lib/gcc/avr/4.7.2/avr5\libgcc.a(_divmodsi4.o)
 .data          0x00800060        0x0 d:/program files (x86)/atmel/atmel toolchain/avr8 gcc/native/3.4.2.1002/avr8-gnu-toolchain/bin/../lib/gcc/avr/4.7.2/avr5\libgcc.a(_exit.o)
 .data          0x00800060        0x0 d:/program files (x86)/atmel/atmel toolchain/avr8 gcc/native/3.4.2.1002/avr8-gnu-toolchain/bin/../lib/gcc/avr/4.7.2/avr5\libgcc.a(_copy_data.o)
 .data          0x00800060        0x0 d:/program files (x86)/atmel/atmel toolchain/avr8 gcc/native/3.4.2.1002/avr8-gnu-toolchain/bin/../lib/gcc/avr/4.7.2/avr5\libgcc.a(_clear_bss.o)
 .data          0x00800060        0x0 d:/program files (x86)/atmel/atmel toolchain/avr8 gcc/native/3.4.2.1002/avr8-gnu-toolchain/bin/../lib/gcc/avr/4.7.2/avr5\libgcc.a(_ctors.o)
 .data          0x00800060        0x0 d:/program files (x86)/atmel/atmel toolchain/avr8 gcc/native/3.4.2.1002/avr8-gnu-toolchain/bin/../lib/gcc/avr/4.7.2/avr5\libgcc.a(_dtors.o)
 .data          0x00800060        0x0 d:/program files (x86)/atmel/atmel toolchain/avr8 gcc/native/3.4.2.1002/avr8-gnu-toolchain/bin/../lib/gcc/avr/4.7.2/avr5\libgcc.a(_umulhisi3.o)
 .data          0x00800060        0x0 d:/program files (x86)/atmel/atmel toolchain/avr8 gcc/native/3.4.2.1002/avr8-gnu-toolchain/bin/../lib/gcc/avr/4.7.2/avr5\libgcc.a(_muluhisi3.o)
 .data          0x00800060        0x0 d:/program files (x86)/atmel/atmel toolchain/avr8 gcc/native/3.4.2.1002/avr8-gnu-toolchain/bin/../lib/gcc/avr/4.7.2/avr5\libgcc.a(_mulshisi3.o)
 .data          0x00800060        0x0 d:/program files (x86)/atmel/atmel toolchain/avr8 gcc/native/3.4.2.1002/avr8-gnu-toolchain/bin/../lib/gcc/avr/4.7.2/avr5\libgcc.a(_tablejump.o)
 .data          0x00800060        0x0 d:/program files (x86)/atmel/atmel toolchain/avr8 gcc/native/3.4.2.1002/avr8-gnu-toolchain/bin/../lib/gcc/avr/4.7.2/../../../../avr/lib/avr5\libc.a(memcpy.o)
 .data          0x00800060        0x0 d:/program files (x86)/atmel/atmel toolchain/avr8 gcc/native/3.4.2.1002/avr8-gnu-toolchain/bin/../lib/gcc/avr/4.7.2/../../../../avr/lib/avr5\libc.a(eerd_dword_atmega32a.o)
 .data          0x00800060        0x0 d:/program files (x86)/atmel/atmel toolchain/avr8 gcc/native/3.4.2.1002/avr8-gnu-toolchain/bin/../lib/gcc/avr/4.7.2/../../../../avr/lib/avr5\libc.a(eewr_dword_atmega32a.o)
 .data          0x00800060        0x0 d:/program files (x86)/atmel/atmel toolchain/avr8 gcc/native/3.4.2.1002/avr8-gnu-toolchain/bin/../lib/gcc/avr/4.7.2/../../../../avr/lib/avr5\libc.a(eewr_word_atmega32a.o)
 .data          0x00800060        0x0 d:/program files (x86)/atmel/atmel toolchain/avr8 gcc/native/3.4.2.1002/avr8-gnu-toolchain/bin/../lib/gcc/avr/4.7.2/../../../../avr/lib/avr5\libc.a(eerd_block_atmega32a.o)
 .data          0x00800060        0x0 d:/program files (x86)/atmel/atmel toolchain/avr8 gcc/native/3.4.2.1002/avr8-gnu-toolchain/bin/../lib/gcc/avr/4.7.2/../../../../avr/lib/avr5\libc.a(eewr_byte_atmega32a.o)
 *(.data*)
 .data.eMBState
                0x00800060        0x1 modbus/mb.o
 .data.xFuncHandlers
                0x00800061       0x30 modbus/mb.o
 *(.rodata)
 *(.rodata*)
 .rodata.D4_offset
                0x00800091        0x4 GlobalConstants.o
                0x00800091                D4_offset
 .rodata.Pa2mmHg
                0x00800095        0x4 GlobalConstants.o
                0x00800095                Pa2mmHg
 .rodata.Alarm_Long
                0x00800099        0x2 GlobalConstants.o
                0x00800099                Alarm_Long
 .rodata.Step   0x0080009b        0x4 GlobalConstants.o
                0x0080009b                Step
 *(.gnu.linkonce.d*)
                0x008000a0                . = ALIGN (0x2)
 *fill*         0x0080009f        0x1 
                0x008000a0                _edata = .
                0x008000a0                PROVIDE (__data_end, .)

.bss            0x008000a0      0x706
                0x008000a0                PROVIDE (__bss_start, .)
 *(.bss)
 *(.bss*)
 .bss._ZL2UT    0x008000a0        0x4 BMP085.o
 .bss._ZL2UP    0x008000a4        0x4 BMP085.o
 .bss._ZL3AC1   0x008000a8        0x2 BMP085.o
 .bss._ZL3AC2   0x008000aa        0x2 BMP085.o
 .bss._ZL3AC3   0x008000ac        0x2 BMP085.o
 .bss._ZL3AC4   0x008000ae        0x2 BMP085.o
 .bss._ZL3AC5   0x008000b0        0x2 BMP085.o
 .bss._ZL3AC6   0x008000b2        0x2 BMP085.o
 .bss._ZL2B1    0x008000b4        0x2 BMP085.o
 .bss._ZL2B2    0x008000b6        0x2 BMP085.o
 .bss._ZL2MB    0x008000b8        0x2 BMP085.o
 .bss._ZL2MC    0x008000ba        0x2 BMP085.o
 .bss._ZL2MD    0x008000bc        0x2 BMP085.o
 .bss.but4      0x008000be       0x34 Filters.o
                0x008000be                but4
 .bss.but3      0x008000f2       0x34 Filters.o
                0x008000f2                but3
 .bss.but2      0x00800126       0x34 Filters.o
                0x00800126                but2
 .bss.but1      0x0080015a       0x34 Filters.o
                0x0080015a                but1
 .bss.timer0PrevValue
                0x0080018e        0x2 HCSR04.o
                0x0080018e                timer0PrevValue
 .bss.timer0OverflowCount
                0x00800190        0x2 HCSR04.o
                0x00800190                timer0OverflowCount
 .bss.HCSR04_Timer_Prescaller
                0x00800192        0x1 HCSR04.o
                0x00800192                HCSR04_Timer_Prescaller
 .bss.usRegHoldingBuf
                0x00800193      0x256 main.o
                0x00800193                usRegHoldingBuf
 .bss.usRegInputBuf
                0x008003e9       0xc6 main.o
                0x008003e9                usRegInputBuf
 .bss.counter   0x008004af       0x10 Motors.o
                0x008004af                counter
 .bss.motor_index
                0x008004bf        0x1 Motors.o
                0x008004bf                motor_index
 .bss.ucMBAddress
                0x008004c0        0x1 modbus/mb.o
 .bss.pvMBFrameStartCur
                0x008004c1        0x2 modbus/mb.o
 .bss.pvMBFrameStopCur
                0x008004c3        0x2 modbus/mb.o
 .bss.peMBFrameSendCur
                0x008004c5        0x2 modbus/mb.o
 .bss.peMBFrameReceiveCur
                0x008004c7        0x2 modbus/mb.o
 .bss.pvMBFrameCloseCur
                0x008004c9        0x2 modbus/mb.o
 .bss.eMBCurrentMode
                0x008004cb        0x1 modbus/mb.o
 .bss.ucRcvAddress.1886
                0x008004cc        0x1 modbus/mb.o
 .bss.ucMBFrame.1885
                0x008004cd        0x2 modbus/mb.o
 .bss.usLength.1888
                0x008004cf        0x2 modbus/mb.o
 .bss.ucFunctionCode.1887
                0x008004d1        0x1 modbus/mb.o
 .bss.eException.1889
                0x008004d2        0x1 modbus/mb.o
 .bss.ucMBLFCharacter
                0x008004d3        0x1 modbus/mbascii.o
 .bss.usSndBufferCount
                0x008004d4        0x2 modbus/mbascii.o
 .bss.eBytePos  0x008004d6        0x1 modbus/mbascii.o
 .bss.usRcvBufferPos
                0x008004d7        0x2 modbus/mbascii.o
 .bss.eRcvState
                0x008004d9        0x1 modbus/mbascii.o
 .bss.eSndState
                0x008004da        0x1 modbus/mbascii.o
 .bss.pucSndBufferCur
                0x008004db        0x2 modbus/mbascii.o
 .bss.usMBSlaveIDLen
                0x008004dd        0x2 modbus/mbfuncother.o
 .bss.ucMBSlaveID
                0x008004df       0x20 modbus/mbfuncother.o
 .bss.usRcvBufferPos
                0x008004ff        0x2 modbus/mbrtu.o
 .bss.usSndBufferCount
                0x00800501        0x2 modbus/mbrtu.o
 .bss.eRcvState
                0x00800503        0x1 modbus/mbrtu.o
 .bss.eSndState
                0x00800504        0x1 modbus/mbrtu.o
 .bss.pucSndBufferCur
                0x00800505        0x2 modbus/mbrtu.o
 .bss.xEventInQueue
                0x00800507        0x1 modbus/portevent.o
 .bss.eQueuedEvent
                0x00800508        0x1 modbus/portevent.o
 .bss.usTimerOCRADelta
                0x00800509        0x2 modbus/porttimer.o
 .bss.coeffs    0x0080050b       0xb0 Params.o
                0x0080050b                coeffs
 .bss.telemetry
                0x008005bb       0xcc Params.o
                0x008005bb                telemetry
 .bss.motors_sum
                0x00800687       0x10 PIDs.o
                0x00800687                motors_sum
 .bss._ZL14BMP085PreTimer
                0x00800697        0x1 SensorsPoll.o
 .bss._ZL10BMP085Flag
                0x00800698        0x1 SensorsPoll.o
 .bss._ZL4BUSY  0x00800699        0x1 Timer0.o
 .bss._ZL10AlarmTimer
                0x0080069a        0x2 Timer0.o
 *(COMMON)
 COMMON         0x0080069c        0xa modbus/mb.o
                0x0080069c                pxMBFrameCBTransmitterEmpty
                0x0080069e                pxMBPortCBTimerExpired
                0x008006a0                pxMBFrameCBByteReceived
                0x008006a2                pxMBFrameCBTransmitFSMCur
                0x008006a4                pxMBFrameCBReceiveFSMCur
 COMMON         0x008006a6      0x100 modbus/mbrtu.o
                0x008006a6                ucRTUBuf
                0x008007a6                PROVIDE (__bss_end, .)
                0x00005eac                __data_load_start = LOADADDR (.data)
                0x00005eec                __data_load_end = (__data_load_start + SIZEOF (.data))

.noinit         0x008007a6        0x0
                0x008007a6                PROVIDE (__noinit_start, .)
 *(.noinit*)
                0x008007a6                PROVIDE (__noinit_end, .)
                0x008007a6                _end = .
                0x008007a6                PROVIDE (__heap_start, .)

.eeprom         0x00810000        0x0
 *(.eeprom*)
                0x00810000                __eeprom_end = .

.fuse
 *(.fuse)
 *(.lfuse)
 *(.hfuse)
 *(.efuse)

.lock
 *(.lock*)

.signature
 *(.signature*)

.user_signatures
 *(.user_signatures*)

.stab           0x00000000     0x3a98
 *(.stab)
 .stab          0x00000000      0x6cc d:/program files (x86)/atmel/atmel toolchain/avr8 gcc/native/3.4.2.1002/avr8-gnu-toolchain/bin/../lib/gcc/avr/4.7.2/../../../../avr/lib/avr5/crtm32a.o
 .stab          0x000006cc       0x78 d:/program files (x86)/atmel/atmel toolchain/avr8 gcc/native/3.4.2.1002/avr8-gnu-toolchain/bin/../lib/gcc/avr/4.7.2/../../../../avr/lib/avr5\libm.a(addsf3.o)
                                 0x84 (size before relaxing)
 .stab          0x00000744      0x4bc d:/program files (x86)/atmel/atmel toolchain/avr8 gcc/native/3.4.2.1002/avr8-gnu-toolchain/bin/../lib/gcc/avr/4.7.2/../../../../avr/lib/avr5\libm.a(addsf3x.o)
                                0x4c8 (size before relaxing)
 .stab          0x00000c00      0x2f4 d:/program files (x86)/atmel/atmel toolchain/avr8 gcc/native/3.4.2.1002/avr8-gnu-toolchain/bin/../lib/gcc/avr/4.7.2/../../../../avr/lib/avr5\libm.a(atan2.o)
                                0x300 (size before relaxing)
 .stab          0x00000ef4      0x210 d:/program files (x86)/atmel/atmel toolchain/avr8 gcc/native/3.4.2.1002/avr8-gnu-toolchain/bin/../lib/gcc/avr/4.7.2/../../../../avr/lib/avr5\libm.a(atan.o)
                                0x21c (size before relaxing)
 .stab          0x00001104       0x90 d:/program files (x86)/atmel/atmel toolchain/avr8 gcc/native/3.4.2.1002/avr8-gnu-toolchain/bin/../lib/gcc/avr/4.7.2/../../../../avr/lib/avr5\libm.a(cmpsf2.o)
                                 0x9c (size before relaxing)
 .stab          0x00001194       0x54 d:/program files (x86)/atmel/atmel toolchain/avr8 gcc/native/3.4.2.1002/avr8-gnu-toolchain/bin/../lib/gcc/avr/4.7.2/../../../../avr/lib/avr5\libm.a(cos.o)
                                 0x60 (size before relaxing)
 .stab          0x000011e8       0x48 d:/program files (x86)/atmel/atmel toolchain/avr8 gcc/native/3.4.2.1002/avr8-gnu-toolchain/bin/../lib/gcc/avr/4.7.2/../../../../avr/lib/avr5\libm.a(divsf3.o)
                                 0x54 (size before relaxing)
 .stab          0x00001230      0x510 d:/program files (x86)/atmel/atmel toolchain/avr8 gcc/native/3.4.2.1002/avr8-gnu-toolchain/bin/../lib/gcc/avr/4.7.2/../../../../avr/lib/avr5\libm.a(divsf3x.o)
                                0x51c (size before relaxing)
 .stab          0x00001740      0x240 d:/program files (x86)/atmel/atmel toolchain/avr8 gcc/native/3.4.2.1002/avr8-gnu-toolchain/bin/../lib/gcc/avr/4.7.2/../../../../avr/lib/avr5\libm.a(fixunssfsi.o)
                                0x24c (size before relaxing)
 .stab          0x00001980      0x318 d:/program files (x86)/atmel/atmel toolchain/avr8 gcc/native/3.4.2.1002/avr8-gnu-toolchain/bin/../lib/gcc/avr/4.7.2/../../../../avr/lib/avr5\libm.a(floatsisf.o)
                                0x324 (size before relaxing)
 .stab          0x00001c98      0x1e0 d:/program files (x86)/atmel/atmel toolchain/avr8 gcc/native/3.4.2.1002/avr8-gnu-toolchain/bin/../lib/gcc/avr/4.7.2/../../../../avr/lib/avr5\libm.a(fp_cmp.o)
                                0x1ec (size before relaxing)
 .stab          0x00001e78       0x78 d:/program files (x86)/atmel/atmel toolchain/avr8 gcc/native/3.4.2.1002/avr8-gnu-toolchain/bin/../lib/gcc/avr/4.7.2/../../../../avr/lib/avr5\libm.a(fp_inf.o)
                                 0x84 (size before relaxing)
 .stab          0x00001ef0       0x54 d:/program files (x86)/atmel/atmel toolchain/avr8 gcc/native/3.4.2.1002/avr8-gnu-toolchain/bin/../lib/gcc/avr/4.7.2/../../../../avr/lib/avr5\libm.a(fp_nan.o)
                                 0x60 (size before relaxing)
 .stab          0x00001f44      0x1ec d:/program files (x86)/atmel/atmel toolchain/avr8 gcc/native/3.4.2.1002/avr8-gnu-toolchain/bin/../lib/gcc/avr/4.7.2/../../../../avr/lib/avr5\libm.a(fp_powser.o)
                                0x1f8 (size before relaxing)
 .stab          0x00002130       0x84 d:/program files (x86)/atmel/atmel toolchain/avr8 gcc/native/3.4.2.1002/avr8-gnu-toolchain/bin/../lib/gcc/avr/4.7.2/../../../../avr/lib/avr5\libm.a(fp_pscA.o)
                                 0x90 (size before relaxing)
 .stab          0x000021b4       0x84 d:/program files (x86)/atmel/atmel toolchain/avr8 gcc/native/3.4.2.1002/avr8-gnu-toolchain/bin/../lib/gcc/avr/4.7.2/../../../../avr/lib/avr5\libm.a(fp_pscB.o)
                                 0x90 (size before relaxing)
 .stab          0x00002238      0x21c d:/program files (x86)/atmel/atmel toolchain/avr8 gcc/native/3.4.2.1002/avr8-gnu-toolchain/bin/../lib/gcc/avr/4.7.2/../../../../avr/lib/avr5\libm.a(fp_rempio2.o)
                                0x228 (size before relaxing)
 .stab          0x00002454       0xfc d:/program files (x86)/atmel/atmel toolchain/avr8 gcc/native/3.4.2.1002/avr8-gnu-toolchain/bin/../lib/gcc/avr/4.7.2/../../../../avr/lib/avr5\libm.a(fp_round.o)
                                0x108 (size before relaxing)
 .stab          0x00002550       0xfc d:/program files (x86)/atmel/atmel toolchain/avr8 gcc/native/3.4.2.1002/avr8-gnu-toolchain/bin/../lib/gcc/avr/4.7.2/../../../../avr/lib/avr5\libm.a(fp_sinus.o)
                                0x108 (size before relaxing)
 .stab          0x0000264c      0x1d4 d:/program files (x86)/atmel/atmel toolchain/avr8 gcc/native/3.4.2.1002/avr8-gnu-toolchain/bin/../lib/gcc/avr/4.7.2/../../../../avr/lib/avr5\libm.a(fp_split3.o)
                                0x1e0 (size before relaxing)
 .stab          0x00002820       0x90 d:/program files (x86)/atmel/atmel toolchain/avr8 gcc/native/3.4.2.1002/avr8-gnu-toolchain/bin/../lib/gcc/avr/4.7.2/../../../../avr/lib/avr5\libm.a(fp_zero.o)
                                 0x9c (size before relaxing)
 .stab          0x000028b0       0x6c d:/program files (x86)/atmel/atmel toolchain/avr8 gcc/native/3.4.2.1002/avr8-gnu-toolchain/bin/../lib/gcc/avr/4.7.2/../../../../avr/lib/avr5\libm.a(gesf2.o)
                                 0x78 (size before relaxing)
 .stab          0x0000291c       0x84 d:/program files (x86)/atmel/atmel toolchain/avr8 gcc/native/3.4.2.1002/avr8-gnu-toolchain/bin/../lib/gcc/avr/4.7.2/../../../../avr/lib/avr5\libm.a(inverse.o)
                                 0x90 (size before relaxing)
 .stab          0x000029a0       0x48 d:/program files (x86)/atmel/atmel toolchain/avr8 gcc/native/3.4.2.1002/avr8-gnu-toolchain/bin/../lib/gcc/avr/4.7.2/../../../../avr/lib/avr5\libm.a(mulsf3.o)
                                 0x54 (size before relaxing)
 .stab          0x000029e8      0x4d4 d:/program files (x86)/atmel/atmel toolchain/avr8 gcc/native/3.4.2.1002/avr8-gnu-toolchain/bin/../lib/gcc/avr/4.7.2/../../../../avr/lib/avr5\libm.a(mulsf3x.o)
                                0x4e0 (size before relaxing)
 .stab          0x00002ebc       0x78 d:/program files (x86)/atmel/atmel toolchain/avr8 gcc/native/3.4.2.1002/avr8-gnu-toolchain/bin/../lib/gcc/avr/4.7.2/../../../../avr/lib/avr5\libm.a(sin.o)
                                 0x84 (size before relaxing)
 .stab          0x00002f34      0x354 d:/program files (x86)/atmel/atmel toolchain/avr8 gcc/native/3.4.2.1002/avr8-gnu-toolchain/bin/../lib/gcc/avr/4.7.2/../../../../avr/lib/avr5\libm.a(sqrt.o)
                                0x360 (size before relaxing)
 .stab          0x00003288       0x54 d:/program files (x86)/atmel/atmel toolchain/avr8 gcc/native/3.4.2.1002/avr8-gnu-toolchain/bin/../lib/gcc/avr/4.7.2/../../../../avr/lib/avr5\libm.a(square.o)
                                 0x60 (size before relaxing)
 .stab          0x000032dc      0x1b0 d:/program files (x86)/atmel/atmel toolchain/avr8 gcc/native/3.4.2.1002/avr8-gnu-toolchain/bin/../lib/gcc/avr/4.7.2/../../../../avr/lib/avr5\libm.a(tan.o)
                                0x1bc (size before relaxing)
 .stab          0x0000348c       0xe4 d:/program files (x86)/atmel/atmel toolchain/avr8 gcc/native/3.4.2.1002/avr8-gnu-toolchain/bin/../lib/gcc/avr/4.7.2/../../../../avr/lib/avr5\libm.a(fp_mpack.o)
                                 0xf0 (size before relaxing)
 .stab          0x00003570       0x84 d:/program files (x86)/atmel/atmel toolchain/avr8 gcc/native/3.4.2.1002/avr8-gnu-toolchain/bin/../lib/gcc/avr/4.7.2/../../../../avr/lib/avr5\libm.a(fp_norm2.o)
                                 0x90 (size before relaxing)
 .stab          0x000035f4       0xfc d:/program files (x86)/atmel/atmel toolchain/avr8 gcc/native/3.4.2.1002/avr8-gnu-toolchain/bin/../lib/gcc/avr/4.7.2/../../../../avr/lib/avr5\libm.a(fp_powsodd.o)
                                0x108 (size before relaxing)
 .stab          0x000036f0       0x84 d:/program files (x86)/atmel/atmel toolchain/avr8 gcc/native/3.4.2.1002/avr8-gnu-toolchain/bin/../lib/gcc/avr/4.7.2/../../../../avr/lib/avr5\libc.a(memcpy.o)
                                 0x90 (size before relaxing)
 .stab          0x00003774       0x78 d:/program files (x86)/atmel/atmel toolchain/avr8 gcc/native/3.4.2.1002/avr8-gnu-toolchain/bin/../lib/gcc/avr/4.7.2/../../../../avr/lib/avr5\libc.a(eerd_dword_atmega32a.o)
                                 0x84 (size before relaxing)
 .stab          0x000037ec       0x78 d:/program files (x86)/atmel/atmel toolchain/avr8 gcc/native/3.4.2.1002/avr8-gnu-toolchain/bin/../lib/gcc/avr/4.7.2/../../../../avr/lib/avr5\libc.a(eewr_dword_atmega32a.o)
                                 0x84 (size before relaxing)
 .stab          0x00003864       0x54 d:/program files (x86)/atmel/atmel toolchain/avr8 gcc/native/3.4.2.1002/avr8-gnu-toolchain/bin/../lib/gcc/avr/4.7.2/../../../../avr/lib/avr5\libc.a(eewr_word_atmega32a.o)
                                 0x60 (size before relaxing)
 .stab          0x000038b8      0x108 d:/program files (x86)/atmel/atmel toolchain/avr8 gcc/native/3.4.2.1002/avr8-gnu-toolchain/bin/../lib/gcc/avr/4.7.2/../../../../avr/lib/avr5\libc.a(eerd_block_atmega32a.o)
                                0x114 (size before relaxing)
 .stab          0x000039c0       0xd8 d:/program files (x86)/atmel/atmel toolchain/avr8 gcc/native/3.4.2.1002/avr8-gnu-toolchain/bin/../lib/gcc/avr/4.7.2/../../../../avr/lib/avr5\libc.a(eewr_byte_atmega32a.o)
                                 0xe4 (size before relaxing)

.stabstr        0x00000000     0x11cc
 *(.stabstr)
 .stabstr       0x00000000     0x11cc d:/program files (x86)/atmel/atmel toolchain/avr8 gcc/native/3.4.2.1002/avr8-gnu-toolchain/bin/../lib/gcc/avr/4.7.2/../../../../avr/lib/avr5/crtm32a.o

.stab.excl
 *(.stab.excl)

.stab.exclstr
 *(.stab.exclstr)

.stab.index
 *(.stab.index)

.stab.indexstr
 *(.stab.indexstr)

.comment        0x00000000       0x2f
 *(.comment)
 .comment       0x00000000       0x2f ADC.o
                                 0x30 (size before relaxing)
 .comment       0x00000000       0x30 ADXL345.o
 .comment       0x00000000       0x30 BMP085.o
 .comment       0x00000000       0x30 Butterworth.o
 .comment       0x00000000       0x30 Filters.o
 .comment       0x00000000       0x30 GlobalConstants.o
 .comment       0x00000000       0x30 HCSR04.o
 .comment       0x00000000       0x30 HMC5883L.o
 .comment       0x00000000       0x30 i2c.o
 .comment       0x00000000       0x30 L3G4200D.o
 .comment       0x00000000       0x30 main.o
 .comment       0x00000000       0x30 Motors.o
 .comment       0x00000000       0x30 modbus/mb.o
 .comment       0x00000000       0x30 modbus/mbascii.o
 .comment       0x00000000       0x30 modbus/mbcrc.o
 .comment       0x00000000       0x30 modbus/mbfunccoils.o
 .comment       0x00000000       0x30 modbus/mbfuncdiag.o
 .comment       0x00000000       0x30 modbus/mbfuncdisc.o
 .comment       0x00000000       0x30 modbus/mbfuncholding.o
 .comment       0x00000000       0x30 modbus/mbfuncinput.o
 .comment       0x00000000       0x30 modbus/mbfuncother.o
 .comment       0x00000000       0x30 modbus/mbrtu.o
 .comment       0x00000000       0x30 modbus/mbtcp.o
 .comment       0x00000000       0x30 modbus/mbutils.o
 .comment       0x00000000       0x30 modbus/portevent.o
 .comment       0x00000000       0x30 modbus/portserial.o
 .comment       0x00000000       0x30 modbus/porttimer.o
 .comment       0x00000000       0x30 Output.o
 .comment       0x00000000       0x30 Params.o
 .comment       0x00000000       0x30 PIDs.o
 .comment       0x00000000       0x30 SensorsPoll.o
 .comment       0x00000000       0x30 Timer0.o

.debug
 *(.debug)

.line
 *(.line)

.debug_srcinfo
 *(.debug_srcinfo)

.debug_sfnames
 *(.debug_sfnames)

.debug_aranges  0x00000000      0x668
 *(.debug_aranges)
 .debug_aranges
                0x00000000       0x28 ADC.o
 .debug_aranges
                0x00000028       0x30 ADXL345.o
 .debug_aranges
                0x00000058       0x48 BMP085.o
 .debug_aranges
                0x000000a0       0x40 Butterworth.o
 .debug_aranges
                0x000000e0       0x50 Filters.o
 .debug_aranges
                0x00000130       0x18 GlobalConstants.o
 .debug_aranges
                0x00000148       0x28 HCSR04.o
 .debug_aranges
                0x00000170       0x40 HMC5883L.o
 .debug_aranges
                0x000001b0       0x20 i2c.o
 .debug_aranges
                0x000001d0       0x30 L3G4200D.o
 .debug_aranges
                0x00000200       0x40 main.o
 .debug_aranges
                0x00000240       0x30 Motors.o
 .debug_aranges
                0x00000270       0x48 modbus/mb.o
 .debug_aranges
                0x000002b8       0x68 modbus/mbascii.o
 .debug_aranges
                0x00000320       0x20 modbus/mbcrc.o
 .debug_aranges
                0x00000340       0x30 modbus/mbfunccoils.o
 .debug_aranges
                0x00000370       0x20 modbus/mbfuncdisc.o
 .debug_aranges
                0x00000390       0x38 modbus/mbfuncholding.o
 .debug_aranges
                0x000003c8       0x20 modbus/mbfuncinput.o
 .debug_aranges
                0x000003e8       0x28 modbus/mbfuncother.o
 .debug_aranges
                0x00000410       0x58 modbus/mbrtu.o
 .debug_aranges
                0x00000468       0x18 modbus/mbtcp.o
 .debug_aranges
                0x00000480       0x30 modbus/mbutils.o
 .debug_aranges
                0x000004b0       0x30 modbus/portevent.o
 .debug_aranges
                0x000004e0       0x48 modbus/portserial.o
 .debug_aranges
                0x00000528       0x38 modbus/porttimer.o
 .debug_aranges
                0x00000560       0x38 Output.o
 .debug_aranges
                0x00000598       0x40 Params.o
 .debug_aranges
                0x000005d8       0x38 PIDs.o
 .debug_aranges
                0x00000610       0x38 SensorsPoll.o
 .debug_aranges
                0x00000648       0x20 Timer0.o

.debug_pubnames
 *(.debug_pubnames)

.debug_info     0x00000000     0x979a
 *(.debug_info)
 .debug_info    0x00000000      0x292 ADC.o
 .debug_info    0x00000292      0x7d2 ADXL345.o
 .debug_info    0x00000a64      0xf35 BMP085.o
 .debug_info    0x00001999      0x3ec Butterworth.o
 .debug_info    0x00001d85      0x992 Filters.o
 .debug_info    0x00002717       0xe0 GlobalConstants.o
 .debug_info    0x000027f7      0x3f2 HCSR04.o
 .debug_info    0x00002be9      0x92e HMC5883L.o
 .debug_info    0x00003517       0x9a i2c.o
 .debug_info    0x000035b1      0x855 L3G4200D.o
 .debug_info    0x00003e06      0x710 main.o
 .debug_info    0x00004516      0x450 Motors.o
 .debug_info    0x00004966      0x712 modbus/mb.o
 .debug_info    0x00005078      0x7ea modbus/mbascii.o
 .debug_info    0x00005862      0x1aa modbus/mbcrc.o
 .debug_info    0x00005a0c      0x3cb modbus/mbfunccoils.o
 .debug_info    0x00005dd7      0x220 modbus/mbfuncdisc.o
 .debug_info    0x00005ff7      0x49c modbus/mbfuncholding.o
 .debug_info    0x00006493      0x21c modbus/mbfuncinput.o
 .debug_info    0x000066af      0x26a modbus/mbfuncother.o
 .debug_info    0x00006919      0x6b2 modbus/mbrtu.o
 .debug_info    0x00006fcb       0x6b modbus/mbtcp.o
 .debug_info    0x00007036      0x289 modbus/mbutils.o
 .debug_info    0x000072bf      0x15b modbus/portevent.o
 .debug_info    0x0000741a      0x270 modbus/portserial.o
 .debug_info    0x0000768a      0x147 modbus/porttimer.o
 .debug_info    0x000077d1      0x167 Output.o
 .debug_info    0x00007938      0x93c Params.o
 .debug_info    0x00008274      0x655 PIDs.o
 .debug_info    0x000088c9      0x890 SensorsPoll.o
 .debug_info    0x00009159      0x641 Timer0.o
 *(.gnu.linkonce.wi.*)

.debug_abbrev   0x00000000     0x27ea
 *(.debug_abbrev)
 .debug_abbrev  0x00000000       0xe0 ADC.o
 .debug_abbrev  0x000000e0      0x173 ADXL345.o
 .debug_abbrev  0x00000253      0x1ab BMP085.o
 .debug_abbrev  0x000003fe      0x1bb Butterworth.o
 .debug_abbrev  0x000005b9      0x1f4 Filters.o
 .debug_abbrev  0x000007ad       0x6b GlobalConstants.o
 .debug_abbrev  0x00000818       0xea HCSR04.o
 .debug_abbrev  0x00000902      0x1ff HMC5883L.o
 .debug_abbrev  0x00000b01       0x63 i2c.o
 .debug_abbrev  0x00000b64      0x14a L3G4200D.o
 .debug_abbrev  0x00000cae      0x24a main.o
 .debug_abbrev  0x00000ef8      0x104 Motors.o
 .debug_abbrev  0x00000ffc      0x21b modbus/mb.o
 .debug_abbrev  0x00001217      0x23d modbus/mbascii.o
 .debug_abbrev  0x00001454       0xb8 modbus/mbcrc.o
 .debug_abbrev  0x0000150c      0x106 modbus/mbfunccoils.o
 .debug_abbrev  0x00001612       0xe5 modbus/mbfuncdisc.o
 .debug_abbrev  0x000016f7      0x101 modbus/mbfuncholding.o
 .debug_abbrev  0x000017f8       0xe5 modbus/mbfuncinput.o
 .debug_abbrev  0x000018dd       0xeb modbus/mbfuncother.o
 .debug_abbrev  0x000019c8      0x1c4 modbus/mbrtu.o
 .debug_abbrev  0x00001b8c       0x26 modbus/mbtcp.o
 .debug_abbrev  0x00001bb2       0xf1 modbus/mbutils.o
 .debug_abbrev  0x00001ca3       0xbb modbus/portevent.o
 .debug_abbrev  0x00001d5e      0x12f modbus/portserial.o
 .debug_abbrev  0x00001e8d       0xf6 modbus/porttimer.o
 .debug_abbrev  0x00001f83       0xa4 Output.o
 .debug_abbrev  0x00002027      0x2bc Params.o
 .debug_abbrev  0x000022e3      0x192 PIDs.o
 .debug_abbrev  0x00002475      0x1e9 SensorsPoll.o
 .debug_abbrev  0x0000265e      0x18c Timer0.o

.debug_line     0x00000000     0x2b64
 *(.debug_line)
 .debug_line    0x00000000       0x9f ADC.o
 .debug_line    0x0000009f      0x193 ADXL345.o
 .debug_line    0x00000232      0x29b BMP085.o
 .debug_line    0x000004cd      0x158 Butterworth.o
 .debug_line    0x00000625      0x1ac Filters.o
 .debug_line    0x000007d1       0xce GlobalConstants.o
 .debug_line    0x0000089f      0x127 HCSR04.o
 .debug_line    0x000009c6      0x1db HMC5883L.o
 .debug_line    0x00000ba1       0xe3 i2c.o
 .debug_line    0x00000c84      0x1b1 L3G4200D.o
 .debug_line    0x00000e35      0x2f8 main.o
 .debug_line    0x0000112d      0x151 Motors.o
 .debug_line    0x0000127e      0x191 modbus/mb.o
 .debug_line    0x0000140f      0x1d9 modbus/mbascii.o
 .debug_line    0x000015e8       0xf1 modbus/mbcrc.o
 .debug_line    0x000016d9       0xf8 modbus/mbfunccoils.o
 .debug_line    0x000017d1        0x0 modbus/mbfuncdiag.o
 .debug_line    0x000017d1       0x8a modbus/mbfuncdisc.o
 .debug_line    0x0000185b      0x12e modbus/mbfuncholding.o
 .debug_line    0x00001989       0x86 modbus/mbfuncinput.o
 .debug_line    0x00001a0f      0x11b modbus/mbfuncother.o
 .debug_line    0x00001b2a      0x153 modbus/mbrtu.o
 .debug_line    0x00001c7d       0x1a modbus/mbtcp.o
 .debug_line    0x00001c97       0xae modbus/mbutils.o
 .debug_line    0x00001d45       0x85 modbus/portevent.o
 .debug_line    0x00001dca      0x18f modbus/portserial.o
 .debug_line    0x00001f59      0x137 modbus/porttimer.o
 .debug_line    0x00002090      0x13c Output.o
 .debug_line    0x000021cc      0x366 Params.o
 .debug_line    0x00002532      0x1b7 PIDs.o
 .debug_line    0x000026e9      0x26e SensorsPoll.o
 .debug_line    0x00002957      0x20d Timer0.o

.debug_frame    0x00000000     0x1244
 *(.debug_frame)
 .debug_frame   0x00000000       0x7c ADC.o
 .debug_frame   0x0000007c       0x94 ADXL345.o
 .debug_frame   0x00000110       0xe0 BMP085.o
 .debug_frame   0x000001f0      0x158 Butterworth.o
 .debug_frame   0x00000348      0x108 Filters.o
 .debug_frame   0x00000450       0x7c HCSR04.o
 .debug_frame   0x000004cc       0xf4 HMC5883L.o
 .debug_frame   0x000005c0       0x24 i2c.o
 .debug_frame   0x000005e4       0x88 L3G4200D.o
 .debug_frame   0x0000066c       0x7c main.o
 .debug_frame   0x000006e8       0xa0 Motors.o
 .debug_frame   0x00000788       0xa0 modbus/mb.o
 .debug_frame   0x00000828       0xf4 modbus/mbascii.o
 .debug_frame   0x0000091c       0x24 modbus/mbcrc.o
 .debug_frame   0x00000940       0x70 modbus/mbfunccoils.o
 .debug_frame   0x000009b0       0x34 modbus/mbfuncdisc.o
 .debug_frame   0x000009e4       0x9c modbus/mbfuncholding.o
 .debug_frame   0x00000a80       0x38 modbus/mbfuncinput.o
 .debug_frame   0x00000ab8       0x54 modbus/mbfuncother.o
 .debug_frame   0x00000b0c       0xf0 modbus/mbrtu.o
 .debug_frame   0x00000bfc       0x50 modbus/mbutils.o
 .debug_frame   0x00000c4c       0x44 modbus/portevent.o
 .debug_frame   0x00000c90      0x110 modbus/portserial.o
 .debug_frame   0x00000da0       0x9c modbus/porttimer.o
 .debug_frame   0x00000e3c       0x54 Output.o
 .debug_frame   0x00000e90      0x11c Params.o
 .debug_frame   0x00000fac      0x174 PIDs.o
 .debug_frame   0x00001120       0xb8 SensorsPoll.o
 .debug_frame   0x000011d8       0x6c Timer0.o

.debug_str      0x00000000     0x1cd3
 *(.debug_str)
 .debug_str     0x00000000      0x268 ADC.o
                                0x2be (size before relaxing)
 .debug_str     0x00000268      0x37b ADXL345.o
                                0x744 (size before relaxing)
 .debug_str     0x000005e3      0x10f BMP085.o
                                0x586 (size before relaxing)
 .debug_str     0x000006f2       0xec Butterworth.o
                                0x1b7 (size before relaxing)
 .debug_str     0x000007de      0x115 Filters.o
                                0x625 (size before relaxing)
 .debug_str     0x000008f3       0x29 GlobalConstants.o
                                 0xfc (size before relaxing)
 .debug_str     0x0000091c       0x6f HCSR04.o
                                0x4d7 (size before relaxing)
 .debug_str     0x0000098b      0x139 HMC5883L.o
                                0x5b5 (size before relaxing)
 .debug_str     0x00000ac4       0x14 i2c.o
                                 0xcd (size before relaxing)
 .debug_str     0x00000ad8       0x75 L3G4200D.o
                                0x4ef (size before relaxing)
 .debug_str     0x00000b4d      0x2bf main.o
                                0x4a5 (size before relaxing)
 .debug_str     0x00000e0c       0x69 Motors.o
                                0x511 (size before relaxing)
 .debug_str     0x00000e75      0x3b5 modbus/mb.o
                                0x58d (size before relaxing)
 .debug_str     0x0000122a      0x2bd modbus/mbascii.o
                                0x4d2 (size before relaxing)
 .debug_str     0x000014e7       0x47 modbus/mbcrc.o
                                0x156 (size before relaxing)
 .debug_str     0x0000152e       0xd1 modbus/mbfunccoils.o
                                0x34e (size before relaxing)
 .debug_str     0x000015ff       0x3f modbus/mbfuncdisc.o
                                0x2d0 (size before relaxing)
 .debug_str     0x0000163e      0x10d modbus/mbfuncholding.o
                                0x3bd (size before relaxing)
 .debug_str     0x0000174b       0x31 modbus/mbfuncinput.o
                                0x2c1 (size before relaxing)
 .debug_str     0x0000177c       0x97 modbus/mbfuncother.o
                                0x2e2 (size before relaxing)
 .debug_str     0x00001813       0xdd modbus/mbrtu.o
                                0x447 (size before relaxing)
 .debug_str     0x000018f0       0x12 modbus/mbtcp.o
                                 0xdb (size before relaxing)
 .debug_str     0x00001902       0x94 modbus/mbutils.o
                                0x2d8 (size before relaxing)
 .debug_str     0x00001996       0x40 modbus/portevent.o
                                0x188 (size before relaxing)
 .debug_str     0x000019d6       0x65 modbus/portserial.o
                                0x24f (size before relaxing)
 .debug_str     0x00001a3b       0x45 modbus/porttimer.o
                                0x174 (size before relaxing)
 .debug_str     0x00001a80       0x76 Output.o
                                0x19d (size before relaxing)
 .debug_str     0x00001af6       0x9f Params.o
                                0x945 (size before relaxing)
 .debug_str     0x00001b95       0x9d PIDs.o
                                0x7a4 (size before relaxing)
 .debug_str     0x00001c32       0x7a SensorsPoll.o
                                0x999 (size before relaxing)
 .debug_str     0x00001cac       0x27 Timer0.o
                                0x808 (size before relaxing)

.debug_loc      0x00000000     0x54e0
 *(.debug_loc)
 .debug_loc     0x00000000       0xcb ADC.o
 .debug_loc     0x000000cb      0x13e ADXL345.o
 .debug_loc     0x00000209      0x4bc BMP085.o
 .debug_loc     0x000006c5      0x483 Butterworth.o
 .debug_loc     0x00000b48      0x3f0 Filters.o
 .debug_loc     0x00000f38       0xcb HCSR04.o
 .debug_loc     0x00001003      0x4f3 HMC5883L.o
 .debug_loc     0x000014f6       0x85 i2c.o
 .debug_loc     0x0000157b      0x14e L3G4200D.o
 .debug_loc     0x000016c9      0x34c main.o
 .debug_loc     0x00001a15      0x163 Motors.o
 .debug_loc     0x00001b78      0x52e modbus/mb.o
 .debug_loc     0x000020a6      0x603 modbus/mbascii.o
 .debug_loc     0x000026a9      0x1bb modbus/mbcrc.o
 .debug_loc     0x00002864      0x64a modbus/mbfunccoils.o
 .debug_loc     0x00002eae      0x23e modbus/mbfuncdisc.o
 .debug_loc     0x000030ec      0x8aa modbus/mbfuncholding.o
 .debug_loc     0x00003996      0x23d modbus/mbfuncinput.o
 .debug_loc     0x00003bd3      0x250 modbus/mbfuncother.o
 .debug_loc     0x00003e23      0x53e modbus/mbrtu.o
 .debug_loc     0x00004361      0x2ec modbus/mbutils.o
 .debug_loc     0x0000464d       0x9f modbus/portevent.o
 .debug_loc     0x000046ec      0x318 modbus/portserial.o
 .debug_loc     0x00004a04       0xf1 modbus/porttimer.o
 .debug_loc     0x00004af5      0x333 Params.o
 .debug_loc     0x00004e28      0x3a8 PIDs.o
 .debug_loc     0x000051d0      0x200 SensorsPoll.o
 .debug_loc     0x000053d0      0x110 Timer0.o

.debug_macinfo
 *(.debug_macinfo)

.debug_pubtypes
 *(.debug_pubtypes)

.debug_ranges   0x00000000      0x498
 *(.debug_ranges)
 .debug_ranges  0x00000000       0x18 ADC.o
 .debug_ranges  0x00000018       0x20 ADXL345.o
 .debug_ranges  0x00000038       0x38 BMP085.o
 .debug_ranges  0x00000070       0x30 Butterworth.o
 .debug_ranges  0x000000a0       0x40 Filters.o
 .debug_ranges  0x000000e0       0x18 HCSR04.o
 .debug_ranges  0x000000f8       0x30 HMC5883L.o
 .debug_ranges  0x00000128       0x10 i2c.o
 .debug_ranges  0x00000138       0x20 L3G4200D.o
 .debug_ranges  0x00000158       0x30 main.o
 .debug_ranges  0x00000188       0x20 Motors.o
 .debug_ranges  0x000001a8       0x38 modbus/mb.o
 .debug_ranges  0x000001e0       0x58 modbus/mbascii.o
 .debug_ranges  0x00000238       0x10 modbus/mbcrc.o
 .debug_ranges  0x00000248       0x20 modbus/mbfunccoils.o
 .debug_ranges  0x00000268       0x10 modbus/mbfuncdisc.o
 .debug_ranges  0x00000278       0x28 modbus/mbfuncholding.o
 .debug_ranges  0x000002a0       0x10 modbus/mbfuncinput.o
 .debug_ranges  0x000002b0       0x18 modbus/mbfuncother.o
 .debug_ranges  0x000002c8       0x48 modbus/mbrtu.o
 .debug_ranges  0x00000310       0x20 modbus/mbutils.o
 .debug_ranges  0x00000330       0x20 modbus/portevent.o
 .debug_ranges  0x00000350       0x38 modbus/portserial.o
 .debug_ranges  0x00000388       0x28 modbus/porttimer.o
 .debug_ranges  0x000003b0       0x28 Output.o
 .debug_ranges  0x000003d8       0x60 Params.o
 .debug_ranges  0x00000438       0x28 PIDs.o
 .debug_ranges  0x00000460       0x28 SensorsPoll.o
 .debug_ranges  0x00000488       0x10 Timer0.o

.debug_macro
 *(.debug_macro)
OUTPUT(Quadro02.elf elf32-avr)
LOAD linker stubs
